Archive member included to satisfy reference by file (symbol)

C:/arm-gnu-toolchain/bin/../lib/gcc/arm-none-eabi/14.3.1/../../../../arm-none-eabi/lib/thumb/v7e-m+fp/hard\libg_nano.a(libc_a-exit.o)
                              C:/arm-gnu-toolchain/bin/../lib/gcc/arm-none-eabi/14.3.1/../../../../arm-none-eabi/lib/thumb/v7e-m+fp/hard/crt0.o (exit)
C:/arm-gnu-toolchain/bin/../lib/gcc/arm-none-eabi/14.3.1/../../../../arm-none-eabi/lib/thumb/v7e-m+fp/hard\libg_nano.a(libc_a-findfp.o)
                              C:/arm-gnu-toolchain/bin/../lib/gcc/arm-none-eabi/14.3.1/../../../../arm-none-eabi/lib/thumb/v7e-m+fp/hard\libg_nano.a(libc_a-exit.o) (__stdio_exit_handler)
C:/arm-gnu-toolchain/bin/../lib/gcc/arm-none-eabi/14.3.1/../../../../arm-none-eabi/lib/thumb/v7e-m+fp/hard\libg_nano.a(libc_a-fwalk.o)
                              C:/arm-gnu-toolchain/bin/../lib/gcc/arm-none-eabi/14.3.1/../../../../arm-none-eabi/lib/thumb/v7e-m+fp/hard\libg_nano.a(libc_a-findfp.o) (_fwalk_sglue)
C:/arm-gnu-toolchain/bin/../lib/gcc/arm-none-eabi/14.3.1/../../../../arm-none-eabi/lib/thumb/v7e-m+fp/hard\libg_nano.a(libc_a-stdio.o)
                              C:/arm-gnu-toolchain/bin/../lib/gcc/arm-none-eabi/14.3.1/../../../../arm-none-eabi/lib/thumb/v7e-m+fp/hard\libg_nano.a(libc_a-findfp.o) (__sread)
C:/arm-gnu-toolchain/bin/../lib/gcc/arm-none-eabi/14.3.1/../../../../arm-none-eabi/lib/thumb/v7e-m+fp/hard\libg_nano.a(libc_a-memset.o)
                              C:/arm-gnu-toolchain/bin/../lib/gcc/arm-none-eabi/14.3.1/../../../../arm-none-eabi/lib/thumb/v7e-m+fp/hard/crt0.o (memset)
C:/arm-gnu-toolchain/bin/../lib/gcc/arm-none-eabi/14.3.1/../../../../arm-none-eabi/lib/thumb/v7e-m+fp/hard\libg_nano.a(libc_a-closer.o)
                              C:/arm-gnu-toolchain/bin/../lib/gcc/arm-none-eabi/14.3.1/../../../../arm-none-eabi/lib/thumb/v7e-m+fp/hard\libg_nano.a(libc_a-stdio.o) (_close_r)
C:/arm-gnu-toolchain/bin/../lib/gcc/arm-none-eabi/14.3.1/../../../../arm-none-eabi/lib/thumb/v7e-m+fp/hard\libg_nano.a(libc_a-reent.o)
                              C:/arm-gnu-toolchain/bin/../lib/gcc/arm-none-eabi/14.3.1/../../../../arm-none-eabi/lib/thumb/v7e-m+fp/hard\libg_nano.a(libc_a-closer.o) (errno)
C:/arm-gnu-toolchain/bin/../lib/gcc/arm-none-eabi/14.3.1/../../../../arm-none-eabi/lib/thumb/v7e-m+fp/hard\libg_nano.a(libc_a-impure.o)
                              C:/arm-gnu-toolchain/bin/../lib/gcc/arm-none-eabi/14.3.1/../../../../arm-none-eabi/lib/thumb/v7e-m+fp/hard\libg_nano.a(libc_a-reent.o) (_impure_ptr)
C:/arm-gnu-toolchain/bin/../lib/gcc/arm-none-eabi/14.3.1/../../../../arm-none-eabi/lib/thumb/v7e-m+fp/hard\libg_nano.a(libc_a-lseekr.o)
                              C:/arm-gnu-toolchain/bin/../lib/gcc/arm-none-eabi/14.3.1/../../../../arm-none-eabi/lib/thumb/v7e-m+fp/hard\libg_nano.a(libc_a-stdio.o) (_lseek_r)
C:/arm-gnu-toolchain/bin/../lib/gcc/arm-none-eabi/14.3.1/../../../../arm-none-eabi/lib/thumb/v7e-m+fp/hard\libg_nano.a(libc_a-readr.o)
                              C:/arm-gnu-toolchain/bin/../lib/gcc/arm-none-eabi/14.3.1/../../../../arm-none-eabi/lib/thumb/v7e-m+fp/hard\libg_nano.a(libc_a-stdio.o) (_read_r)
C:/arm-gnu-toolchain/bin/../lib/gcc/arm-none-eabi/14.3.1/../../../../arm-none-eabi/lib/thumb/v7e-m+fp/hard\libg_nano.a(libc_a-writer.o)
                              C:/arm-gnu-toolchain/bin/../lib/gcc/arm-none-eabi/14.3.1/../../../../arm-none-eabi/lib/thumb/v7e-m+fp/hard\libg_nano.a(libc_a-stdio.o) (_write_r)
C:/arm-gnu-toolchain/bin/../lib/gcc/arm-none-eabi/14.3.1/../../../../arm-none-eabi/lib/thumb/v7e-m+fp/hard\libg_nano.a(libc_a-init.o)
                              C:/arm-gnu-toolchain/bin/../lib/gcc/arm-none-eabi/14.3.1/../../../../arm-none-eabi/lib/thumb/v7e-m+fp/hard/crt0.o (__libc_init_array)
C:/arm-gnu-toolchain/bin/../lib/gcc/arm-none-eabi/14.3.1/../../../../arm-none-eabi/lib/thumb/v7e-m+fp/hard\libg_nano.a(libc_a-lock.o)
                              C:/arm-gnu-toolchain/bin/../lib/gcc/arm-none-eabi/14.3.1/../../../../arm-none-eabi/lib/thumb/v7e-m+fp/hard\libg_nano.a(libc_a-findfp.o) (__retarget_lock_init_recursive)
C:/arm-gnu-toolchain/bin/../lib/gcc/arm-none-eabi/14.3.1/../../../../arm-none-eabi/lib/thumb/v7e-m+fp/hard\libg_nano.a(libc_a-freer.o)
                              C:/arm-gnu-toolchain/bin/../lib/gcc/arm-none-eabi/14.3.1/../../../../arm-none-eabi/lib/thumb/v7e-m+fp/hard\libg_nano.a(libc_a-reent.o) (_free_r)
C:/arm-gnu-toolchain/bin/../lib/gcc/arm-none-eabi/14.3.1/../../../../arm-none-eabi/lib/thumb/v7e-m+fp/hard\libg_nano.a(libc_a-mallocr.o)
                              C:/arm-gnu-toolchain/bin/../lib/gcc/arm-none-eabi/14.3.1/../../../../arm-none-eabi/lib/thumb/v7e-m+fp/hard\libg_nano.a(libc_a-findfp.o) (_malloc_r)
C:/arm-gnu-toolchain/bin/../lib/gcc/arm-none-eabi/14.3.1/../../../../arm-none-eabi/lib/thumb/v7e-m+fp/hard\libg_nano.a(libc_a-mlock.o)
                              C:/arm-gnu-toolchain/bin/../lib/gcc/arm-none-eabi/14.3.1/../../../../arm-none-eabi/lib/thumb/v7e-m+fp/hard\libg_nano.a(libc_a-freer.o) (__malloc_lock)
C:/arm-gnu-toolchain/bin/../lib/gcc/arm-none-eabi/14.3.1/../../../../arm-none-eabi/lib/thumb/v7e-m+fp/hard\libg_nano.a(libc_a-fflush.o)
                              C:/arm-gnu-toolchain/bin/../lib/gcc/arm-none-eabi/14.3.1/../../../../arm-none-eabi/lib/thumb/v7e-m+fp/hard\libg_nano.a(libc_a-findfp.o) (_fflush_r)
C:/arm-gnu-toolchain/bin/../lib/gcc/arm-none-eabi/14.3.1/../../../../arm-none-eabi/lib/thumb/v7e-m+fp/hard\libg_nano.a(libc_a-sbrkr.o)
                              C:/arm-gnu-toolchain/bin/../lib/gcc/arm-none-eabi/14.3.1/../../../../arm-none-eabi/lib/thumb/v7e-m+fp/hard\libg_nano.a(libc_a-mallocr.o) (_sbrk_r)

Discarded input sections

 .text          0x00000000        0x0 C:/arm-gnu-toolchain/bin/../lib/gcc/arm-none-eabi/14.3.1/thumb/v7e-m+fp/hard/crti.o
 .data          0x00000000        0x0 C:/arm-gnu-toolchain/bin/../lib/gcc/arm-none-eabi/14.3.1/thumb/v7e-m+fp/hard/crti.o
 .bss           0x00000000        0x0 C:/arm-gnu-toolchain/bin/../lib/gcc/arm-none-eabi/14.3.1/thumb/v7e-m+fp/hard/crti.o
 .text          0x00000000        0x0 C:/arm-gnu-toolchain/bin/../lib/gcc/arm-none-eabi/14.3.1/thumb/v7e-m+fp/hard/crtbegin.o
 .data          0x00000000        0x0 C:/arm-gnu-toolchain/bin/../lib/gcc/arm-none-eabi/14.3.1/thumb/v7e-m+fp/hard/crtbegin.o
 .bss           0x00000000        0x0 C:/arm-gnu-toolchain/bin/../lib/gcc/arm-none-eabi/14.3.1/thumb/v7e-m+fp/hard/crtbegin.o
 .rodata.all_implied_fbits
                0x00000000       0x24 C:/arm-gnu-toolchain/bin/../lib/gcc/arm-none-eabi/14.3.1/thumb/v7e-m+fp/hard/crtbegin.o
 .data.__dso_handle
                0x00000000        0x4 C:/arm-gnu-toolchain/bin/../lib/gcc/arm-none-eabi/14.3.1/thumb/v7e-m+fp/hard/crtbegin.o
 .text          0x00000000       0x7c C:/arm-gnu-toolchain/bin/../lib/gcc/arm-none-eabi/14.3.1/../../../../arm-none-eabi/lib/thumb/v7e-m+fp/hard/crt0.o
 .data          0x00000000        0x0 C:/arm-gnu-toolchain/bin/../lib/gcc/arm-none-eabi/14.3.1/../../../../arm-none-eabi/lib/thumb/v7e-m+fp/hard/crt0.o
 .bss           0x00000000        0x0 C:/arm-gnu-toolchain/bin/../lib/gcc/arm-none-eabi/14.3.1/../../../../arm-none-eabi/lib/thumb/v7e-m+fp/hard/crt0.o
 .ARM.extab     0x00000000        0x0 C:/arm-gnu-toolchain/bin/../lib/gcc/arm-none-eabi/14.3.1/../../../../arm-none-eabi/lib/thumb/v7e-m+fp/hard/crt0.o
 .ARM.exidx     0x00000000       0x10 C:/arm-gnu-toolchain/bin/../lib/gcc/arm-none-eabi/14.3.1/../../../../arm-none-eabi/lib/thumb/v7e-m+fp/hard/crt0.o
 .debug_line_str
                0x00000000       0xd6 C:/arm-gnu-toolchain/bin/../lib/gcc/arm-none-eabi/14.3.1/../../../../arm-none-eabi/lib/thumb/v7e-m+fp/hard/crt0.o
 .ARM.attributes
                0x00000000       0x20 C:/arm-gnu-toolchain/bin/../lib/gcc/arm-none-eabi/14.3.1/../../../../arm-none-eabi/lib/thumb/v7e-m+fp/hard/crt0.o
 .text          0x00000000        0x0 CMakeFiles/Embedded_finalProj_Slave.elf.dir/Core/Src/Elevator.c.obj
 .data          0x00000000        0x0 CMakeFiles/Embedded_finalProj_Slave.elf.dir/Core/Src/Elevator.c.obj
 .bss           0x00000000        0x0 CMakeFiles/Embedded_finalProj_Slave.elf.dir/Core/Src/Elevator.c.obj
 .text.TIM6_DAC_IRQHandler
                0x00000000       0x44 CMakeFiles/Embedded_finalProj_Slave.elf.dir/Core/Src/Elevator.c.obj
 .text          0x00000000        0x0 CMakeFiles/Embedded_finalProj_Slave.elf.dir/Core/Src/dispatcher.c.obj
 .data          0x00000000        0x0 CMakeFiles/Embedded_finalProj_Slave.elf.dir/Core/Src/dispatcher.c.obj
 .bss           0x00000000        0x0 CMakeFiles/Embedded_finalProj_Slave.elf.dir/Core/Src/dispatcher.c.obj
 .text.Dispatcher_RegisterCall
                0x00000000       0x78 CMakeFiles/Embedded_finalProj_Slave.elf.dir/Core/Src/dispatcher.c.obj
 .text          0x00000000        0x0 CMakeFiles/Embedded_finalProj_Slave.elf.dir/Core/Src/ipc.c.obj
 .data          0x00000000        0x0 CMakeFiles/Embedded_finalProj_Slave.elf.dir/Core/Src/ipc.c.obj
 .bss           0x00000000        0x0 CMakeFiles/Embedded_finalProj_Slave.elf.dir/Core/Src/ipc.c.obj
 .text.IPC_DecodeFrame
                0x00000000       0x74 CMakeFiles/Embedded_finalProj_Slave.elf.dir/Core/Src/ipc.c.obj
 .text.IPC_TransmitFrame
                0x00000000       0x68 CMakeFiles/Embedded_finalProj_Slave.elf.dir/Core/Src/ipc.c.obj
 .text.IPC_CheckConsistency
                0x00000000       0xc4 CMakeFiles/Embedded_finalProj_Slave.elf.dir/Core/Src/ipc.c.obj
 .text.IPC_Update
                0x00000000       0x74 CMakeFiles/Embedded_finalProj_Slave.elf.dir/Core/Src/ipc.c.obj
 .text          0x00000000        0x0 CMakeFiles/Embedded_finalProj_Slave.elf.dir/Core/Src/main.c.obj
 .data          0x00000000        0x0 CMakeFiles/Embedded_finalProj_Slave.elf.dir/Core/Src/main.c.obj
 .bss           0x00000000        0x0 CMakeFiles/Embedded_finalProj_Slave.elf.dir/Core/Src/main.c.obj
 .text          0x00000000        0x0 CMakeFiles/Embedded_finalProj_Slave.elf.dir/Core/Src/pwm.c.obj
 .data          0x00000000        0x0 CMakeFiles/Embedded_finalProj_Slave.elf.dir/Core/Src/pwm.c.obj
 .bss           0x00000000        0x0 CMakeFiles/Embedded_finalProj_Slave.elf.dir/Core/Src/pwm.c.obj
 .text          0x00000000        0x0 CMakeFiles/Embedded_finalProj_Slave.elf.dir/Core/Src/spi.c.obj
 .data          0x00000000        0x0 CMakeFiles/Embedded_finalProj_Slave.elf.dir/Core/Src/spi.c.obj
 .bss           0x00000000        0x0 CMakeFiles/Embedded_finalProj_Slave.elf.dir/Core/Src/spi.c.obj
 .text.SPI_TransmitReceive_IT
                0x00000000       0x72 CMakeFiles/Embedded_finalProj_Slave.elf.dir/Core/Src/spi.c.obj
 .text.SPI_CS_Enable
                0x00000000       0x28 CMakeFiles/Embedded_finalProj_Slave.elf.dir/Core/Src/spi.c.obj
 .text          0x00000000        0x0 CMakeFiles/Embedded_finalProj_Slave.elf.dir/Core/Src/uart_dma.c.obj
 .data          0x00000000        0x0 CMakeFiles/Embedded_finalProj_Slave.elf.dir/Core/Src/uart_dma.c.obj
 .bss           0x00000000        0x0 CMakeFiles/Embedded_finalProj_Slave.elf.dir/Core/Src/uart_dma.c.obj
 .text          0x00000000       0x14 CMakeFiles/Embedded_finalProj_Slave.elf.dir/startup/STM32F4xx/STM32F401xE.s.obj
 .data          0x00000000        0x0 CMakeFiles/Embedded_finalProj_Slave.elf.dir/startup/STM32F4xx/STM32F401xE.s.obj
 .bss           0x00000000        0x0 CMakeFiles/Embedded_finalProj_Slave.elf.dir/startup/STM32F4xx/STM32F401xE.s.obj
 .text          0x00000000        0x0 C:/arm-gnu-toolchain/bin/../lib/gcc/arm-none-eabi/14.3.1/../../../../arm-none-eabi/lib/thumb/v7e-m+fp/hard\libg_nano.a(libc_a-exit.o)
 .data          0x00000000        0x0 C:/arm-gnu-toolchain/bin/../lib/gcc/arm-none-eabi/14.3.1/../../../../arm-none-eabi/lib/thumb/v7e-m+fp/hard\libg_nano.a(libc_a-exit.o)
 .bss           0x00000000        0x0 C:/arm-gnu-toolchain/bin/../lib/gcc/arm-none-eabi/14.3.1/../../../../arm-none-eabi/lib/thumb/v7e-m+fp/hard\libg_nano.a(libc_a-exit.o)
 .text.exit     0x00000000       0x24 C:/arm-gnu-toolchain/bin/../lib/gcc/arm-none-eabi/14.3.1/../../../../arm-none-eabi/lib/thumb/v7e-m+fp/hard\libg_nano.a(libc_a-exit.o)
 .debug_frame   0x00000000       0x28 C:/arm-gnu-toolchain/bin/../lib/gcc/arm-none-eabi/14.3.1/../../../../arm-none-eabi/lib/thumb/v7e-m+fp/hard\libg_nano.a(libc_a-exit.o)
 .ARM.attributes
                0x00000000       0x34 C:/arm-gnu-toolchain/bin/../lib/gcc/arm-none-eabi/14.3.1/../../../../arm-none-eabi/lib/thumb/v7e-m+fp/hard\libg_nano.a(libc_a-exit.o)
 .text          0x00000000        0x0 C:/arm-gnu-toolchain/bin/../lib/gcc/arm-none-eabi/14.3.1/../../../../arm-none-eabi/lib/thumb/v7e-m+fp/hard\libg_nano.a(libc_a-findfp.o)
 .data          0x00000000        0x0 C:/arm-gnu-toolchain/bin/../lib/gcc/arm-none-eabi/14.3.1/../../../../arm-none-eabi/lib/thumb/v7e-m+fp/hard\libg_nano.a(libc_a-findfp.o)
 .bss           0x00000000        0x0 C:/arm-gnu-toolchain/bin/../lib/gcc/arm-none-eabi/14.3.1/../../../../arm-none-eabi/lib/thumb/v7e-m+fp/hard\libg_nano.a(libc_a-findfp.o)
 .text.std      0x00000000       0x6c C:/arm-gnu-toolchain/bin/../lib/gcc/arm-none-eabi/14.3.1/../../../../arm-none-eabi/lib/thumb/v7e-m+fp/hard\libg_nano.a(libc_a-findfp.o)
 .text.stdio_exit_handler
                0x00000000       0x18 C:/arm-gnu-toolchain/bin/../lib/gcc/arm-none-eabi/14.3.1/../../../../arm-none-eabi/lib/thumb/v7e-m+fp/hard\libg_nano.a(libc_a-findfp.o)
 .text.cleanup_stdio
                0x00000000       0x40 C:/arm-gnu-toolchain/bin/../lib/gcc/arm-none-eabi/14.3.1/../../../../arm-none-eabi/lib/thumb/v7e-m+fp/hard\libg_nano.a(libc_a-findfp.o)
 .text.__fp_lock
                0x00000000       0x18 C:/arm-gnu-toolchain/bin/../lib/gcc/arm-none-eabi/14.3.1/../../../../arm-none-eabi/lib/thumb/v7e-m+fp/hard\libg_nano.a(libc_a-findfp.o)
 .text.__fp_unlock
                0x00000000       0x18 C:/arm-gnu-toolchain/bin/../lib/gcc/arm-none-eabi/14.3.1/../../../../arm-none-eabi/lib/thumb/v7e-m+fp/hard\libg_nano.a(libc_a-findfp.o)
 .text.global_stdio_init.part.0
                0x00000000       0x40 C:/arm-gnu-toolchain/bin/../lib/gcc/arm-none-eabi/14.3.1/../../../../arm-none-eabi/lib/thumb/v7e-m+fp/hard\libg_nano.a(libc_a-findfp.o)
 .text.__sfp_lock_acquire
                0x00000000        0xc C:/arm-gnu-toolchain/bin/../lib/gcc/arm-none-eabi/14.3.1/../../../../arm-none-eabi/lib/thumb/v7e-m+fp/hard\libg_nano.a(libc_a-findfp.o)
 .text.__sfp_lock_release
                0x00000000        0xc C:/arm-gnu-toolchain/bin/../lib/gcc/arm-none-eabi/14.3.1/../../../../arm-none-eabi/lib/thumb/v7e-m+fp/hard\libg_nano.a(libc_a-findfp.o)
 .text.__sfp    0x00000000       0xa4 C:/arm-gnu-toolchain/bin/../lib/gcc/arm-none-eabi/14.3.1/../../../../arm-none-eabi/lib/thumb/v7e-m+fp/hard\libg_nano.a(libc_a-findfp.o)
 .text.__sinit  0x00000000       0x30 C:/arm-gnu-toolchain/bin/../lib/gcc/arm-none-eabi/14.3.1/../../../../arm-none-eabi/lib/thumb/v7e-m+fp/hard\libg_nano.a(libc_a-findfp.o)
 .text.__fp_lock_all
                0x00000000       0x1c C:/arm-gnu-toolchain/bin/../lib/gcc/arm-none-eabi/14.3.1/../../../../arm-none-eabi/lib/thumb/v7e-m+fp/hard\libg_nano.a(libc_a-findfp.o)
 .text.__fp_unlock_all
                0x00000000       0x1c C:/arm-gnu-toolchain/bin/../lib/gcc/arm-none-eabi/14.3.1/../../../../arm-none-eabi/lib/thumb/v7e-m+fp/hard\libg_nano.a(libc_a-findfp.o)
 .data.__sglue  0x00000000        0xc C:/arm-gnu-toolchain/bin/../lib/gcc/arm-none-eabi/14.3.1/../../../../arm-none-eabi/lib/thumb/v7e-m+fp/hard\libg_nano.a(libc_a-findfp.o)
 .bss.__sf      0x00000000      0x138 C:/arm-gnu-toolchain/bin/../lib/gcc/arm-none-eabi/14.3.1/../../../../arm-none-eabi/lib/thumb/v7e-m+fp/hard\libg_nano.a(libc_a-findfp.o)
 .bss.__stdio_exit_handler
                0x00000000        0x4 C:/arm-gnu-toolchain/bin/../lib/gcc/arm-none-eabi/14.3.1/../../../../arm-none-eabi/lib/thumb/v7e-m+fp/hard\libg_nano.a(libc_a-findfp.o)
 .debug_frame   0x00000000      0x144 C:/arm-gnu-toolchain/bin/../lib/gcc/arm-none-eabi/14.3.1/../../../../arm-none-eabi/lib/thumb/v7e-m+fp/hard\libg_nano.a(libc_a-findfp.o)
 .ARM.attributes
                0x00000000       0x34 C:/arm-gnu-toolchain/bin/../lib/gcc/arm-none-eabi/14.3.1/../../../../arm-none-eabi/lib/thumb/v7e-m+fp/hard\libg_nano.a(libc_a-findfp.o)
 .text          0x00000000        0x0 C:/arm-gnu-toolchain/bin/../lib/gcc/arm-none-eabi/14.3.1/../../../../arm-none-eabi/lib/thumb/v7e-m+fp/hard\libg_nano.a(libc_a-fwalk.o)
 .data          0x00000000        0x0 C:/arm-gnu-toolchain/bin/../lib/gcc/arm-none-eabi/14.3.1/../../../../arm-none-eabi/lib/thumb/v7e-m+fp/hard\libg_nano.a(libc_a-fwalk.o)
 .bss           0x00000000        0x0 C:/arm-gnu-toolchain/bin/../lib/gcc/arm-none-eabi/14.3.1/../../../../arm-none-eabi/lib/thumb/v7e-m+fp/hard\libg_nano.a(libc_a-fwalk.o)
 .text._fwalk_sglue
                0x00000000       0x3c C:/arm-gnu-toolchain/bin/../lib/gcc/arm-none-eabi/14.3.1/../../../../arm-none-eabi/lib/thumb/v7e-m+fp/hard\libg_nano.a(libc_a-fwalk.o)
 .debug_frame   0x00000000       0x34 C:/arm-gnu-toolchain/bin/../lib/gcc/arm-none-eabi/14.3.1/../../../../arm-none-eabi/lib/thumb/v7e-m+fp/hard\libg_nano.a(libc_a-fwalk.o)
 .ARM.attributes
                0x00000000       0x34 C:/arm-gnu-toolchain/bin/../lib/gcc/arm-none-eabi/14.3.1/../../../../arm-none-eabi/lib/thumb/v7e-m+fp/hard\libg_nano.a(libc_a-fwalk.o)
 .text          0x00000000        0x0 C:/arm-gnu-toolchain/bin/../lib/gcc/arm-none-eabi/14.3.1/../../../../arm-none-eabi/lib/thumb/v7e-m+fp/hard\libg_nano.a(libc_a-stdio.o)
 .data          0x00000000        0x0 C:/arm-gnu-toolchain/bin/../lib/gcc/arm-none-eabi/14.3.1/../../../../arm-none-eabi/lib/thumb/v7e-m+fp/hard\libg_nano.a(libc_a-stdio.o)
 .bss           0x00000000        0x0 C:/arm-gnu-toolchain/bin/../lib/gcc/arm-none-eabi/14.3.1/../../../../arm-none-eabi/lib/thumb/v7e-m+fp/hard\libg_nano.a(libc_a-stdio.o)
 .text.__sread  0x00000000       0x22 C:/arm-gnu-toolchain/bin/../lib/gcc/arm-none-eabi/14.3.1/../../../../arm-none-eabi/lib/thumb/v7e-m+fp/hard\libg_nano.a(libc_a-stdio.o)
 .text.__seofread
                0x00000000        0x4 C:/arm-gnu-toolchain/bin/../lib/gcc/arm-none-eabi/14.3.1/../../../../arm-none-eabi/lib/thumb/v7e-m+fp/hard\libg_nano.a(libc_a-stdio.o)
 .text.__swrite
                0x00000000       0x38 C:/arm-gnu-toolchain/bin/../lib/gcc/arm-none-eabi/14.3.1/../../../../arm-none-eabi/lib/thumb/v7e-m+fp/hard\libg_nano.a(libc_a-stdio.o)
 .text.__sseek  0x00000000       0x26 C:/arm-gnu-toolchain/bin/../lib/gcc/arm-none-eabi/14.3.1/../../../../arm-none-eabi/lib/thumb/v7e-m+fp/hard\libg_nano.a(libc_a-stdio.o)
 .text.__sclose
                0x00000000        0x8 C:/arm-gnu-toolchain/bin/../lib/gcc/arm-none-eabi/14.3.1/../../../../arm-none-eabi/lib/thumb/v7e-m+fp/hard\libg_nano.a(libc_a-stdio.o)
 .debug_frame   0x00000000       0x88 C:/arm-gnu-toolchain/bin/../lib/gcc/arm-none-eabi/14.3.1/../../../../arm-none-eabi/lib/thumb/v7e-m+fp/hard\libg_nano.a(libc_a-stdio.o)
 .ARM.attributes
                0x00000000       0x34 C:/arm-gnu-toolchain/bin/../lib/gcc/arm-none-eabi/14.3.1/../../../../arm-none-eabi/lib/thumb/v7e-m+fp/hard\libg_nano.a(libc_a-stdio.o)
 .text          0x00000000        0x0 C:/arm-gnu-toolchain/bin/../lib/gcc/arm-none-eabi/14.3.1/../../../../arm-none-eabi/lib/thumb/v7e-m+fp/hard\libg_nano.a(libc_a-memset.o)
 .data          0x00000000        0x0 C:/arm-gnu-toolchain/bin/../lib/gcc/arm-none-eabi/14.3.1/../../../../arm-none-eabi/lib/thumb/v7e-m+fp/hard\libg_nano.a(libc_a-memset.o)
 .bss           0x00000000        0x0 C:/arm-gnu-toolchain/bin/../lib/gcc/arm-none-eabi/14.3.1/../../../../arm-none-eabi/lib/thumb/v7e-m+fp/hard\libg_nano.a(libc_a-memset.o)
 .text.memset   0x00000000       0x10 C:/arm-gnu-toolchain/bin/../lib/gcc/arm-none-eabi/14.3.1/../../../../arm-none-eabi/lib/thumb/v7e-m+fp/hard\libg_nano.a(libc_a-memset.o)
 .debug_frame   0x00000000       0x20 C:/arm-gnu-toolchain/bin/../lib/gcc/arm-none-eabi/14.3.1/../../../../arm-none-eabi/lib/thumb/v7e-m+fp/hard\libg_nano.a(libc_a-memset.o)
 .ARM.attributes
                0x00000000       0x34 C:/arm-gnu-toolchain/bin/../lib/gcc/arm-none-eabi/14.3.1/../../../../arm-none-eabi/lib/thumb/v7e-m+fp/hard\libg_nano.a(libc_a-memset.o)
 .text          0x00000000        0x0 C:/arm-gnu-toolchain/bin/../lib/gcc/arm-none-eabi/14.3.1/../../../../arm-none-eabi/lib/thumb/v7e-m+fp/hard\libg_nano.a(libc_a-closer.o)
 .data          0x00000000        0x0 C:/arm-gnu-toolchain/bin/../lib/gcc/arm-none-eabi/14.3.1/../../../../arm-none-eabi/lib/thumb/v7e-m+fp/hard\libg_nano.a(libc_a-closer.o)
 .bss           0x00000000        0x0 C:/arm-gnu-toolchain/bin/../lib/gcc/arm-none-eabi/14.3.1/../../../../arm-none-eabi/lib/thumb/v7e-m+fp/hard\libg_nano.a(libc_a-closer.o)
 .text._close_r
                0x00000000       0x20 C:/arm-gnu-toolchain/bin/../lib/gcc/arm-none-eabi/14.3.1/../../../../arm-none-eabi/lib/thumb/v7e-m+fp/hard\libg_nano.a(libc_a-closer.o)
 .debug_frame   0x00000000       0x2c C:/arm-gnu-toolchain/bin/../lib/gcc/arm-none-eabi/14.3.1/../../../../arm-none-eabi/lib/thumb/v7e-m+fp/hard\libg_nano.a(libc_a-closer.o)
 .ARM.attributes
                0x00000000       0x34 C:/arm-gnu-toolchain/bin/../lib/gcc/arm-none-eabi/14.3.1/../../../../arm-none-eabi/lib/thumb/v7e-m+fp/hard\libg_nano.a(libc_a-closer.o)
 .text          0x00000000        0x0 C:/arm-gnu-toolchain/bin/../lib/gcc/arm-none-eabi/14.3.1/../../../../arm-none-eabi/lib/thumb/v7e-m+fp/hard\libg_nano.a(libc_a-reent.o)
 .data          0x00000000        0x0 C:/arm-gnu-toolchain/bin/../lib/gcc/arm-none-eabi/14.3.1/../../../../arm-none-eabi/lib/thumb/v7e-m+fp/hard\libg_nano.a(libc_a-reent.o)
 .bss           0x00000000        0x0 C:/arm-gnu-toolchain/bin/../lib/gcc/arm-none-eabi/14.3.1/../../../../arm-none-eabi/lib/thumb/v7e-m+fp/hard\libg_nano.a(libc_a-reent.o)
 .text._reclaim_reent
                0x00000000       0xbc C:/arm-gnu-toolchain/bin/../lib/gcc/arm-none-eabi/14.3.1/../../../../arm-none-eabi/lib/thumb/v7e-m+fp/hard\libg_nano.a(libc_a-reent.o)
 .bss.errno     0x00000000        0x4 C:/arm-gnu-toolchain/bin/../lib/gcc/arm-none-eabi/14.3.1/../../../../arm-none-eabi/lib/thumb/v7e-m+fp/hard\libg_nano.a(libc_a-reent.o)
 .debug_frame   0x00000000       0x38 C:/arm-gnu-toolchain/bin/../lib/gcc/arm-none-eabi/14.3.1/../../../../arm-none-eabi/lib/thumb/v7e-m+fp/hard\libg_nano.a(libc_a-reent.o)
 .ARM.attributes
                0x00000000       0x34 C:/arm-gnu-toolchain/bin/../lib/gcc/arm-none-eabi/14.3.1/../../../../arm-none-eabi/lib/thumb/v7e-m+fp/hard\libg_nano.a(libc_a-reent.o)
 .text          0x00000000        0x0 C:/arm-gnu-toolchain/bin/../lib/gcc/arm-none-eabi/14.3.1/../../../../arm-none-eabi/lib/thumb/v7e-m+fp/hard\libg_nano.a(libc_a-impure.o)
 .data          0x00000000        0x0 C:/arm-gnu-toolchain/bin/../lib/gcc/arm-none-eabi/14.3.1/../../../../arm-none-eabi/lib/thumb/v7e-m+fp/hard\libg_nano.a(libc_a-impure.o)
 .bss           0x00000000        0x0 C:/arm-gnu-toolchain/bin/../lib/gcc/arm-none-eabi/14.3.1/../../../../arm-none-eabi/lib/thumb/v7e-m+fp/hard\libg_nano.a(libc_a-impure.o)
 .data._impure_ptr
                0x00000000        0x4 C:/arm-gnu-toolchain/bin/../lib/gcc/arm-none-eabi/14.3.1/../../../../arm-none-eabi/lib/thumb/v7e-m+fp/hard\libg_nano.a(libc_a-impure.o)
 .data._impure_data
                0x00000000       0x4c C:/arm-gnu-toolchain/bin/../lib/gcc/arm-none-eabi/14.3.1/../../../../arm-none-eabi/lib/thumb/v7e-m+fp/hard\libg_nano.a(libc_a-impure.o)
 .ARM.attributes
                0x00000000       0x34 C:/arm-gnu-toolchain/bin/../lib/gcc/arm-none-eabi/14.3.1/../../../../arm-none-eabi/lib/thumb/v7e-m+fp/hard\libg_nano.a(libc_a-impure.o)
 .text          0x00000000        0x0 C:/arm-gnu-toolchain/bin/../lib/gcc/arm-none-eabi/14.3.1/../../../../arm-none-eabi/lib/thumb/v7e-m+fp/hard\libg_nano.a(libc_a-lseekr.o)
 .data          0x00000000        0x0 C:/arm-gnu-toolchain/bin/../lib/gcc/arm-none-eabi/14.3.1/../../../../arm-none-eabi/lib/thumb/v7e-m+fp/hard\libg_nano.a(libc_a-lseekr.o)
 .bss           0x00000000        0x0 C:/arm-gnu-toolchain/bin/../lib/gcc/arm-none-eabi/14.3.1/../../../../arm-none-eabi/lib/thumb/v7e-m+fp/hard\libg_nano.a(libc_a-lseekr.o)
 .text._lseek_r
                0x00000000       0x24 C:/arm-gnu-toolchain/bin/../lib/gcc/arm-none-eabi/14.3.1/../../../../arm-none-eabi/lib/thumb/v7e-m+fp/hard\libg_nano.a(libc_a-lseekr.o)
 .debug_frame   0x00000000       0x2c C:/arm-gnu-toolchain/bin/../lib/gcc/arm-none-eabi/14.3.1/../../../../arm-none-eabi/lib/thumb/v7e-m+fp/hard\libg_nano.a(libc_a-lseekr.o)
 .ARM.attributes
                0x00000000       0x34 C:/arm-gnu-toolchain/bin/../lib/gcc/arm-none-eabi/14.3.1/../../../../arm-none-eabi/lib/thumb/v7e-m+fp/hard\libg_nano.a(libc_a-lseekr.o)
 .text          0x00000000        0x0 C:/arm-gnu-toolchain/bin/../lib/gcc/arm-none-eabi/14.3.1/../../../../arm-none-eabi/lib/thumb/v7e-m+fp/hard\libg_nano.a(libc_a-readr.o)
 .data          0x00000000        0x0 C:/arm-gnu-toolchain/bin/../lib/gcc/arm-none-eabi/14.3.1/../../../../arm-none-eabi/lib/thumb/v7e-m+fp/hard\libg_nano.a(libc_a-readr.o)
 .bss           0x00000000        0x0 C:/arm-gnu-toolchain/bin/../lib/gcc/arm-none-eabi/14.3.1/../../../../arm-none-eabi/lib/thumb/v7e-m+fp/hard\libg_nano.a(libc_a-readr.o)
 .text._read_r  0x00000000       0x24 C:/arm-gnu-toolchain/bin/../lib/gcc/arm-none-eabi/14.3.1/../../../../arm-none-eabi/lib/thumb/v7e-m+fp/hard\libg_nano.a(libc_a-readr.o)
 .debug_frame   0x00000000       0x2c C:/arm-gnu-toolchain/bin/../lib/gcc/arm-none-eabi/14.3.1/../../../../arm-none-eabi/lib/thumb/v7e-m+fp/hard\libg_nano.a(libc_a-readr.o)
 .ARM.attributes
                0x00000000       0x34 C:/arm-gnu-toolchain/bin/../lib/gcc/arm-none-eabi/14.3.1/../../../../arm-none-eabi/lib/thumb/v7e-m+fp/hard\libg_nano.a(libc_a-readr.o)
 .text          0x00000000        0x0 C:/arm-gnu-toolchain/bin/../lib/gcc/arm-none-eabi/14.3.1/../../../../arm-none-eabi/lib/thumb/v7e-m+fp/hard\libg_nano.a(libc_a-writer.o)
 .data          0x00000000        0x0 C:/arm-gnu-toolchain/bin/../lib/gcc/arm-none-eabi/14.3.1/../../../../arm-none-eabi/lib/thumb/v7e-m+fp/hard\libg_nano.a(libc_a-writer.o)
 .bss           0x00000000        0x0 C:/arm-gnu-toolchain/bin/../lib/gcc/arm-none-eabi/14.3.1/../../../../arm-none-eabi/lib/thumb/v7e-m+fp/hard\libg_nano.a(libc_a-writer.o)
 .text._write_r
                0x00000000       0x24 C:/arm-gnu-toolchain/bin/../lib/gcc/arm-none-eabi/14.3.1/../../../../arm-none-eabi/lib/thumb/v7e-m+fp/hard\libg_nano.a(libc_a-writer.o)
 .debug_frame   0x00000000       0x2c C:/arm-gnu-toolchain/bin/../lib/gcc/arm-none-eabi/14.3.1/../../../../arm-none-eabi/lib/thumb/v7e-m+fp/hard\libg_nano.a(libc_a-writer.o)
 .ARM.attributes
                0x00000000       0x34 C:/arm-gnu-toolchain/bin/../lib/gcc/arm-none-eabi/14.3.1/../../../../arm-none-eabi/lib/thumb/v7e-m+fp/hard\libg_nano.a(libc_a-writer.o)
 .text          0x00000000        0x0 C:/arm-gnu-toolchain/bin/../lib/gcc/arm-none-eabi/14.3.1/../../../../arm-none-eabi/lib/thumb/v7e-m+fp/hard\libg_nano.a(libc_a-init.o)
 .data          0x00000000        0x0 C:/arm-gnu-toolchain/bin/../lib/gcc/arm-none-eabi/14.3.1/../../../../arm-none-eabi/lib/thumb/v7e-m+fp/hard\libg_nano.a(libc_a-init.o)
 .bss           0x00000000        0x0 C:/arm-gnu-toolchain/bin/../lib/gcc/arm-none-eabi/14.3.1/../../../../arm-none-eabi/lib/thumb/v7e-m+fp/hard\libg_nano.a(libc_a-init.o)
 .text          0x00000000        0x0 C:/arm-gnu-toolchain/bin/../lib/gcc/arm-none-eabi/14.3.1/../../../../arm-none-eabi/lib/thumb/v7e-m+fp/hard\libg_nano.a(libc_a-lock.o)
 .data          0x00000000        0x0 C:/arm-gnu-toolchain/bin/../lib/gcc/arm-none-eabi/14.3.1/../../../../arm-none-eabi/lib/thumb/v7e-m+fp/hard\libg_nano.a(libc_a-lock.o)
 .bss           0x00000000        0x0 C:/arm-gnu-toolchain/bin/../lib/gcc/arm-none-eabi/14.3.1/../../../../arm-none-eabi/lib/thumb/v7e-m+fp/hard\libg_nano.a(libc_a-lock.o)
 .text.__retarget_lock_init
                0x00000000        0x2 C:/arm-gnu-toolchain/bin/../lib/gcc/arm-none-eabi/14.3.1/../../../../arm-none-eabi/lib/thumb/v7e-m+fp/hard\libg_nano.a(libc_a-lock.o)
 .text.__retarget_lock_init_recursive
                0x00000000        0x2 C:/arm-gnu-toolchain/bin/../lib/gcc/arm-none-eabi/14.3.1/../../../../arm-none-eabi/lib/thumb/v7e-m+fp/hard\libg_nano.a(libc_a-lock.o)
 .text.__retarget_lock_close
                0x00000000        0x2 C:/arm-gnu-toolchain/bin/../lib/gcc/arm-none-eabi/14.3.1/../../../../arm-none-eabi/lib/thumb/v7e-m+fp/hard\libg_nano.a(libc_a-lock.o)
 .text.__retarget_lock_close_recursive
                0x00000000        0x2 C:/arm-gnu-toolchain/bin/../lib/gcc/arm-none-eabi/14.3.1/../../../../arm-none-eabi/lib/thumb/v7e-m+fp/hard\libg_nano.a(libc_a-lock.o)
 .text.__retarget_lock_acquire
                0x00000000        0x2 C:/arm-gnu-toolchain/bin/../lib/gcc/arm-none-eabi/14.3.1/../../../../arm-none-eabi/lib/thumb/v7e-m+fp/hard\libg_nano.a(libc_a-lock.o)
 .text.__retarget_lock_acquire_recursive
                0x00000000        0x2 C:/arm-gnu-toolchain/bin/../lib/gcc/arm-none-eabi/14.3.1/../../../../arm-none-eabi/lib/thumb/v7e-m+fp/hard\libg_nano.a(libc_a-lock.o)
 .text.__retarget_lock_try_acquire
                0x00000000        0x4 C:/arm-gnu-toolchain/bin/../lib/gcc/arm-none-eabi/14.3.1/../../../../arm-none-eabi/lib/thumb/v7e-m+fp/hard\libg_nano.a(libc_a-lock.o)
 .text.__retarget_lock_try_acquire_recursive
                0x00000000        0x4 C:/arm-gnu-toolchain/bin/../lib/gcc/arm-none-eabi/14.3.1/../../../../arm-none-eabi/lib/thumb/v7e-m+fp/hard\libg_nano.a(libc_a-lock.o)
 .text.__retarget_lock_release
                0x00000000        0x2 C:/arm-gnu-toolchain/bin/../lib/gcc/arm-none-eabi/14.3.1/../../../../arm-none-eabi/lib/thumb/v7e-m+fp/hard\libg_nano.a(libc_a-lock.o)
 .text.__retarget_lock_release_recursive
                0x00000000        0x2 C:/arm-gnu-toolchain/bin/../lib/gcc/arm-none-eabi/14.3.1/../../../../arm-none-eabi/lib/thumb/v7e-m+fp/hard\libg_nano.a(libc_a-lock.o)
 .bss.__lock___arc4random_mutex
                0x00000000        0x1 C:/arm-gnu-toolchain/bin/../lib/gcc/arm-none-eabi/14.3.1/../../../../arm-none-eabi/lib/thumb/v7e-m+fp/hard\libg_nano.a(libc_a-lock.o)
 .bss.__lock___dd_hash_mutex
                0x00000000        0x1 C:/arm-gnu-toolchain/bin/../lib/gcc/arm-none-eabi/14.3.1/../../../../arm-none-eabi/lib/thumb/v7e-m+fp/hard\libg_nano.a(libc_a-lock.o)
 .bss.__lock___tz_mutex
                0x00000000        0x1 C:/arm-gnu-toolchain/bin/../lib/gcc/arm-none-eabi/14.3.1/../../../../arm-none-eabi/lib/thumb/v7e-m+fp/hard\libg_nano.a(libc_a-lock.o)
 .bss.__lock___env_recursive_mutex
                0x00000000        0x1 C:/arm-gnu-toolchain/bin/../lib/gcc/arm-none-eabi/14.3.1/../../../../arm-none-eabi/lib/thumb/v7e-m+fp/hard\libg_nano.a(libc_a-lock.o)
 .bss.__lock___malloc_recursive_mutex
                0x00000000        0x1 C:/arm-gnu-toolchain/bin/../lib/gcc/arm-none-eabi/14.3.1/../../../../arm-none-eabi/lib/thumb/v7e-m+fp/hard\libg_nano.a(libc_a-lock.o)
 .bss.__lock___at_quick_exit_mutex
                0x00000000        0x1 C:/arm-gnu-toolchain/bin/../lib/gcc/arm-none-eabi/14.3.1/../../../../arm-none-eabi/lib/thumb/v7e-m+fp/hard\libg_nano.a(libc_a-lock.o)
 .bss.__lock___atexit_recursive_mutex
                0x00000000        0x1 C:/arm-gnu-toolchain/bin/../lib/gcc/arm-none-eabi/14.3.1/../../../../arm-none-eabi/lib/thumb/v7e-m+fp/hard\libg_nano.a(libc_a-lock.o)
 .bss.__lock___sfp_recursive_mutex
                0x00000000        0x1 C:/arm-gnu-toolchain/bin/../lib/gcc/arm-none-eabi/14.3.1/../../../../arm-none-eabi/lib/thumb/v7e-m+fp/hard\libg_nano.a(libc_a-lock.o)
 .debug_frame   0x00000000       0xb0 C:/arm-gnu-toolchain/bin/../lib/gcc/arm-none-eabi/14.3.1/../../../../arm-none-eabi/lib/thumb/v7e-m+fp/hard\libg_nano.a(libc_a-lock.o)
 .ARM.attributes
                0x00000000       0x34 C:/arm-gnu-toolchain/bin/../lib/gcc/arm-none-eabi/14.3.1/../../../../arm-none-eabi/lib/thumb/v7e-m+fp/hard\libg_nano.a(libc_a-lock.o)
 .text          0x00000000        0x0 C:/arm-gnu-toolchain/bin/../lib/gcc/arm-none-eabi/14.3.1/../../../../arm-none-eabi/lib/thumb/v7e-m+fp/hard\libg_nano.a(libc_a-freer.o)
 .data          0x00000000        0x0 C:/arm-gnu-toolchain/bin/../lib/gcc/arm-none-eabi/14.3.1/../../../../arm-none-eabi/lib/thumb/v7e-m+fp/hard\libg_nano.a(libc_a-freer.o)
 .bss           0x00000000        0x0 C:/arm-gnu-toolchain/bin/../lib/gcc/arm-none-eabi/14.3.1/../../../../arm-none-eabi/lib/thumb/v7e-m+fp/hard\libg_nano.a(libc_a-freer.o)
 .text._free_r  0x00000000       0x94 C:/arm-gnu-toolchain/bin/../lib/gcc/arm-none-eabi/14.3.1/../../../../arm-none-eabi/lib/thumb/v7e-m+fp/hard\libg_nano.a(libc_a-freer.o)
 .debug_frame   0x00000000       0x38 C:/arm-gnu-toolchain/bin/../lib/gcc/arm-none-eabi/14.3.1/../../../../arm-none-eabi/lib/thumb/v7e-m+fp/hard\libg_nano.a(libc_a-freer.o)
 .ARM.attributes
                0x00000000       0x34 C:/arm-gnu-toolchain/bin/../lib/gcc/arm-none-eabi/14.3.1/../../../../arm-none-eabi/lib/thumb/v7e-m+fp/hard\libg_nano.a(libc_a-freer.o)
 .text          0x00000000        0x0 C:/arm-gnu-toolchain/bin/../lib/gcc/arm-none-eabi/14.3.1/../../../../arm-none-eabi/lib/thumb/v7e-m+fp/hard\libg_nano.a(libc_a-mallocr.o)
 .data          0x00000000        0x0 C:/arm-gnu-toolchain/bin/../lib/gcc/arm-none-eabi/14.3.1/../../../../arm-none-eabi/lib/thumb/v7e-m+fp/hard\libg_nano.a(libc_a-mallocr.o)
 .bss           0x00000000        0x0 C:/arm-gnu-toolchain/bin/../lib/gcc/arm-none-eabi/14.3.1/../../../../arm-none-eabi/lib/thumb/v7e-m+fp/hard\libg_nano.a(libc_a-mallocr.o)
 .text.sbrk_aligned
                0x00000000       0x44 C:/arm-gnu-toolchain/bin/../lib/gcc/arm-none-eabi/14.3.1/../../../../arm-none-eabi/lib/thumb/v7e-m+fp/hard\libg_nano.a(libc_a-mallocr.o)
 .text._malloc_r
                0x00000000      0x100 C:/arm-gnu-toolchain/bin/../lib/gcc/arm-none-eabi/14.3.1/../../../../arm-none-eabi/lib/thumb/v7e-m+fp/hard\libg_nano.a(libc_a-mallocr.o)
 .bss.__malloc_sbrk_start
                0x00000000        0x4 C:/arm-gnu-toolchain/bin/../lib/gcc/arm-none-eabi/14.3.1/../../../../arm-none-eabi/lib/thumb/v7e-m+fp/hard\libg_nano.a(libc_a-mallocr.o)
 .bss.__malloc_free_list
                0x00000000        0x4 C:/arm-gnu-toolchain/bin/../lib/gcc/arm-none-eabi/14.3.1/../../../../arm-none-eabi/lib/thumb/v7e-m+fp/hard\libg_nano.a(libc_a-mallocr.o)
 .debug_frame   0x00000000       0x50 C:/arm-gnu-toolchain/bin/../lib/gcc/arm-none-eabi/14.3.1/../../../../arm-none-eabi/lib/thumb/v7e-m+fp/hard\libg_nano.a(libc_a-mallocr.o)
 .ARM.attributes
                0x00000000       0x34 C:/arm-gnu-toolchain/bin/../lib/gcc/arm-none-eabi/14.3.1/../../../../arm-none-eabi/lib/thumb/v7e-m+fp/hard\libg_nano.a(libc_a-mallocr.o)
 .text          0x00000000        0x0 C:/arm-gnu-toolchain/bin/../lib/gcc/arm-none-eabi/14.3.1/../../../../arm-none-eabi/lib/thumb/v7e-m+fp/hard\libg_nano.a(libc_a-mlock.o)
 .data          0x00000000        0x0 C:/arm-gnu-toolchain/bin/../lib/gcc/arm-none-eabi/14.3.1/../../../../arm-none-eabi/lib/thumb/v7e-m+fp/hard\libg_nano.a(libc_a-mlock.o)
 .bss           0x00000000        0x0 C:/arm-gnu-toolchain/bin/../lib/gcc/arm-none-eabi/14.3.1/../../../../arm-none-eabi/lib/thumb/v7e-m+fp/hard\libg_nano.a(libc_a-mlock.o)
 .text.__malloc_lock
                0x00000000        0xc C:/arm-gnu-toolchain/bin/../lib/gcc/arm-none-eabi/14.3.1/../../../../arm-none-eabi/lib/thumb/v7e-m+fp/hard\libg_nano.a(libc_a-mlock.o)
 .text.__malloc_unlock
                0x00000000        0xc C:/arm-gnu-toolchain/bin/../lib/gcc/arm-none-eabi/14.3.1/../../../../arm-none-eabi/lib/thumb/v7e-m+fp/hard\libg_nano.a(libc_a-mlock.o)
 .debug_frame   0x00000000       0x30 C:/arm-gnu-toolchain/bin/../lib/gcc/arm-none-eabi/14.3.1/../../../../arm-none-eabi/lib/thumb/v7e-m+fp/hard\libg_nano.a(libc_a-mlock.o)
 .ARM.attributes
                0x00000000       0x34 C:/arm-gnu-toolchain/bin/../lib/gcc/arm-none-eabi/14.3.1/../../../../arm-none-eabi/lib/thumb/v7e-m+fp/hard\libg_nano.a(libc_a-mlock.o)
 .text          0x00000000        0x0 C:/arm-gnu-toolchain/bin/../lib/gcc/arm-none-eabi/14.3.1/../../../../arm-none-eabi/lib/thumb/v7e-m+fp/hard\libg_nano.a(libc_a-fflush.o)
 .data          0x00000000        0x0 C:/arm-gnu-toolchain/bin/../lib/gcc/arm-none-eabi/14.3.1/../../../../arm-none-eabi/lib/thumb/v7e-m+fp/hard\libg_nano.a(libc_a-fflush.o)
 .bss           0x00000000        0x0 C:/arm-gnu-toolchain/bin/../lib/gcc/arm-none-eabi/14.3.1/../../../../arm-none-eabi/lib/thumb/v7e-m+fp/hard\libg_nano.a(libc_a-fflush.o)
 .text.__sflush_r
                0x00000000      0x104 C:/arm-gnu-toolchain/bin/../lib/gcc/arm-none-eabi/14.3.1/../../../../arm-none-eabi/lib/thumb/v7e-m+fp/hard\libg_nano.a(libc_a-fflush.o)
 .text._fflush_r
                0x00000000       0x50 C:/arm-gnu-toolchain/bin/../lib/gcc/arm-none-eabi/14.3.1/../../../../arm-none-eabi/lib/thumb/v7e-m+fp/hard\libg_nano.a(libc_a-fflush.o)
 .text.fflush   0x00000000       0x28 C:/arm-gnu-toolchain/bin/../lib/gcc/arm-none-eabi/14.3.1/../../../../arm-none-eabi/lib/thumb/v7e-m+fp/hard\libg_nano.a(libc_a-fflush.o)
 .debug_frame   0x00000000       0x5c C:/arm-gnu-toolchain/bin/../lib/gcc/arm-none-eabi/14.3.1/../../../../arm-none-eabi/lib/thumb/v7e-m+fp/hard\libg_nano.a(libc_a-fflush.o)
 .ARM.attributes
                0x00000000       0x34 C:/arm-gnu-toolchain/bin/../lib/gcc/arm-none-eabi/14.3.1/../../../../arm-none-eabi/lib/thumb/v7e-m+fp/hard\libg_nano.a(libc_a-fflush.o)
 .text          0x00000000        0x0 C:/arm-gnu-toolchain/bin/../lib/gcc/arm-none-eabi/14.3.1/../../../../arm-none-eabi/lib/thumb/v7e-m+fp/hard\libg_nano.a(libc_a-sbrkr.o)
 .data          0x00000000        0x0 C:/arm-gnu-toolchain/bin/../lib/gcc/arm-none-eabi/14.3.1/../../../../arm-none-eabi/lib/thumb/v7e-m+fp/hard\libg_nano.a(libc_a-sbrkr.o)
 .bss           0x00000000        0x0 C:/arm-gnu-toolchain/bin/../lib/gcc/arm-none-eabi/14.3.1/../../../../arm-none-eabi/lib/thumb/v7e-m+fp/hard\libg_nano.a(libc_a-sbrkr.o)
 .text._sbrk_r  0x00000000       0x20 C:/arm-gnu-toolchain/bin/../lib/gcc/arm-none-eabi/14.3.1/../../../../arm-none-eabi/lib/thumb/v7e-m+fp/hard\libg_nano.a(libc_a-sbrkr.o)
 .debug_frame   0x00000000       0x2c C:/arm-gnu-toolchain/bin/../lib/gcc/arm-none-eabi/14.3.1/../../../../arm-none-eabi/lib/thumb/v7e-m+fp/hard\libg_nano.a(libc_a-sbrkr.o)
 .ARM.attributes
                0x00000000       0x34 C:/arm-gnu-toolchain/bin/../lib/gcc/arm-none-eabi/14.3.1/../../../../arm-none-eabi/lib/thumb/v7e-m+fp/hard\libg_nano.a(libc_a-sbrkr.o)
 .text          0x00000000        0x0 C:/arm-gnu-toolchain/bin/../lib/gcc/arm-none-eabi/14.3.1/thumb/v7e-m+fp/hard/crtend.o
 .data          0x00000000        0x0 C:/arm-gnu-toolchain/bin/../lib/gcc/arm-none-eabi/14.3.1/thumb/v7e-m+fp/hard/crtend.o
 .bss           0x00000000        0x0 C:/arm-gnu-toolchain/bin/../lib/gcc/arm-none-eabi/14.3.1/thumb/v7e-m+fp/hard/crtend.o
 .rodata.all_implied_fbits
                0x00000000       0x24 C:/arm-gnu-toolchain/bin/../lib/gcc/arm-none-eabi/14.3.1/thumb/v7e-m+fp/hard/crtend.o
 .eh_frame      0x00000000        0x4 C:/arm-gnu-toolchain/bin/../lib/gcc/arm-none-eabi/14.3.1/thumb/v7e-m+fp/hard/crtend.o
 .text          0x00000000        0x0 C:/arm-gnu-toolchain/bin/../lib/gcc/arm-none-eabi/14.3.1/thumb/v7e-m+fp/hard/crtn.o
 .data          0x00000000        0x0 C:/arm-gnu-toolchain/bin/../lib/gcc/arm-none-eabi/14.3.1/thumb/v7e-m+fp/hard/crtn.o
 .bss           0x00000000        0x0 C:/arm-gnu-toolchain/bin/../lib/gcc/arm-none-eabi/14.3.1/thumb/v7e-m+fp/hard/crtn.o

Memory Configuration

Name             Origin             Length             Attributes
FLASH            0x08000000         0x00080000         xr
RAM              0x20000000         0x00018000         xrw
CCMRAM           0x10000000         0x00000000         xrw
*default*        0x00000000         0xffffffff

Linker script and memory map

LOAD C:/arm-gnu-toolchain/bin/../lib/gcc/arm-none-eabi/14.3.1/thumb/v7e-m+fp/hard/crti.o
LOAD C:/arm-gnu-toolchain/bin/../lib/gcc/arm-none-eabi/14.3.1/thumb/v7e-m+fp/hard/crtbegin.o
LOAD C:/arm-gnu-toolchain/bin/../lib/gcc/arm-none-eabi/14.3.1/../../../../arm-none-eabi/lib/thumb/v7e-m+fp/hard/crt0.o
LOAD CMakeFiles/Embedded_finalProj_Slave.elf.dir/Core/Src/Elevator.c.obj
LOAD CMakeFiles/Embedded_finalProj_Slave.elf.dir/Core/Src/dispatcher.c.obj
LOAD CMakeFiles/Embedded_finalProj_Slave.elf.dir/Core/Src/ipc.c.obj
LOAD CMakeFiles/Embedded_finalProj_Slave.elf.dir/Core/Src/main.c.obj
LOAD CMakeFiles/Embedded_finalProj_Slave.elf.dir/Core/Src/pwm.c.obj
LOAD CMakeFiles/Embedded_finalProj_Slave.elf.dir/Core/Src/spi.c.obj
LOAD CMakeFiles/Embedded_finalProj_Slave.elf.dir/Core/Src/uart_dma.c.obj
LOAD CMakeFiles/Embedded_finalProj_Slave.elf.dir/startup/STM32F4xx/STM32F401xE.s.obj
START GROUP
LOAD C:/arm-gnu-toolchain/bin/../lib/gcc/arm-none-eabi/14.3.1/thumb/v7e-m+fp/hard\libgcc.a
LOAD C:/arm-gnu-toolchain/bin/../lib/gcc/arm-none-eabi/14.3.1/../../../../arm-none-eabi/lib/thumb/v7e-m+fp/hard\libg_nano.a
LOAD C:/arm-gnu-toolchain/bin/../lib/gcc/arm-none-eabi/14.3.1/../../../../arm-none-eabi/lib/thumb/v7e-m+fp/hard\libc_nano.a
END GROUP
START GROUP
LOAD C:/arm-gnu-toolchain/bin/../lib/gcc/arm-none-eabi/14.3.1/thumb/v7e-m+fp/hard\libgcc.a
LOAD C:/arm-gnu-toolchain/bin/../lib/gcc/arm-none-eabi/14.3.1/../../../../arm-none-eabi/lib/thumb/v7e-m+fp/hard\libc_nano.a
END GROUP
LOAD C:/arm-gnu-toolchain/bin/../lib/gcc/arm-none-eabi/14.3.1/thumb/v7e-m+fp/hard/crtend.o
LOAD C:/arm-gnu-toolchain/bin/../lib/gcc/arm-none-eabi/14.3.1/thumb/v7e-m+fp/hard/crtn.o
                0x20018000                        __end_stack = (ORIGIN (RAM) + LENGTH (RAM))

.isr_vector     0x08000000      0x194
                0x08000000                        . = ALIGN (0x4)
 *(.isr_vector)
 .isr_vector    0x08000000      0x194 CMakeFiles/Embedded_finalProj_Slave.elf.dir/startup/STM32F4xx/STM32F401xE.s.obj
                0x08000194                        . = ALIGN (0x4)

.text           0x08000194     0x1ca0
                0x08000194                        . = ALIGN (0x4)
                0x08000194                        __text_start = .
 *(.text)
 *(.text*)
 .text.deregister_tm_clones
                0x08000194       0x1c C:/arm-gnu-toolchain/bin/../lib/gcc/arm-none-eabi/14.3.1/thumb/v7e-m+fp/hard/crtbegin.o
 .text.register_tm_clones
                0x080001b0       0x24 C:/arm-gnu-toolchain/bin/../lib/gcc/arm-none-eabi/14.3.1/thumb/v7e-m+fp/hard/crtbegin.o
 .text.__do_global_dtors_aux
                0x080001d4       0x28 C:/arm-gnu-toolchain/bin/../lib/gcc/arm-none-eabi/14.3.1/thumb/v7e-m+fp/hard/crtbegin.o
 .text.frame_dummy
                0x080001fc       0x24 C:/arm-gnu-toolchain/bin/../lib/gcc/arm-none-eabi/14.3.1/thumb/v7e-m+fp/hard/crtbegin.o
 .text.__get_PRIMASK
                0x08000220       0x1a CMakeFiles/Embedded_finalProj_Slave.elf.dir/Core/Src/Elevator.c.obj
 .text.__disable_irq
                0x0800023a       0x10 CMakeFiles/Embedded_finalProj_Slave.elf.dir/Core/Src/Elevator.c.obj
 .text.__set_PRIMASK
                0x0800024a       0x1a CMakeFiles/Embedded_finalProj_Slave.elf.dir/Core/Src/Elevator.c.obj
 .text.HasPendingRequest
                0x08000264       0x3c CMakeFiles/Embedded_finalProj_Slave.elf.dir/Core/Src/Elevator.c.obj
 .text.FindNearestUp
                0x080002a0       0x44 CMakeFiles/Embedded_finalProj_Slave.elf.dir/Core/Src/Elevator.c.obj
 .text.FindNearestDown
                0x080002e4       0x54 CMakeFiles/Embedded_finalProj_Slave.elf.dir/Core/Src/Elevator.c.obj
 .text.Elevator_Init
                0x08000338       0x90 CMakeFiles/Embedded_finalProj_Slave.elf.dir/Core/Src/Elevator.c.obj
                0x08000338                Elevator_Init
 .text.TIM6_Init
                0x080003c8       0x90 CMakeFiles/Embedded_finalProj_Slave.elf.dir/Core/Src/Elevator.c.obj
                0x080003c8                TIM6_Init
 .text.EXTI_Init
                0x08000458      0x300 CMakeFiles/Embedded_finalProj_Slave.elf.dir/Core/Src/Elevator.c.obj
                0x08000458                EXTI_Init
 .text.Elevator_Update
                0x08000758      0x450 CMakeFiles/Embedded_finalProj_Slave.elf.dir/Core/Src/Elevator.c.obj
                0x08000758                Elevator_Update
 .text.System_Logger
                0x08000ba8       0xa4 CMakeFiles/Embedded_finalProj_Slave.elf.dir/Core/Src/Elevator.c.obj
                0x08000ba8                System_Logger
 .text.EXTI_Callback
                0x08000c4c       0xd4 CMakeFiles/Embedded_finalProj_Slave.elf.dir/Core/Src/Elevator.c.obj
                0x08000c4c                EXTI_Callback
 .text.ELV_Sprintf
                0x08000d20      0x154 CMakeFiles/Embedded_finalProj_Slave.elf.dir/Core/Src/Elevator.c.obj
                0x08000d20                ELV_Sprintf
 .text.EXTI0_IRQHandler
                0x08000e74       0x20 CMakeFiles/Embedded_finalProj_Slave.elf.dir/Core/Src/Elevator.c.obj
                0x08000e74                EXTI0_IRQHandler
 .text.EXTI1_IRQHandler
                0x08000e94       0x20 CMakeFiles/Embedded_finalProj_Slave.elf.dir/Core/Src/Elevator.c.obj
                0x08000e94                EXTI1_IRQHandler
 .text.EXTI2_IRQHandler
                0x08000eb4       0x20 CMakeFiles/Embedded_finalProj_Slave.elf.dir/Core/Src/Elevator.c.obj
                0x08000eb4                EXTI2_IRQHandler
 .text.EXTI3_IRQHandler
                0x08000ed4       0x20 CMakeFiles/Embedded_finalProj_Slave.elf.dir/Core/Src/Elevator.c.obj
                0x08000ed4                EXTI3_IRQHandler
 .text.EXTI4_IRQHandler
                0x08000ef4       0x20 CMakeFiles/Embedded_finalProj_Slave.elf.dir/Core/Src/Elevator.c.obj
                0x08000ef4                EXTI4_IRQHandler
 .text.EXTI9_5_IRQHandler
                0x08000f14       0xb0 CMakeFiles/Embedded_finalProj_Slave.elf.dir/Core/Src/Elevator.c.obj
                0x08000f14                EXTI9_5_IRQHandler
 .text.EXTI15_10_IRQHandler
                0x08000fc4       0x54 CMakeFiles/Embedded_finalProj_Slave.elf.dir/Core/Src/Elevator.c.obj
                0x08000fc4                EXTI15_10_IRQHandler
 .text.CalculateScore
                0x08001018       0xc6 CMakeFiles/Embedded_finalProj_Slave.elf.dir/Core/Src/dispatcher.c.obj
 *fill*         0x080010de        0x2 
 .text.Dispatcher_Init
                0x080010e0       0xec CMakeFiles/Embedded_finalProj_Slave.elf.dir/Core/Src/dispatcher.c.obj
                0x080010e0                Dispatcher_Init
 .text.Dispatcher_AssignTask
                0x080011cc       0x74 CMakeFiles/Embedded_finalProj_Slave.elf.dir/Core/Src/dispatcher.c.obj
                0x080011cc                Dispatcher_AssignTask
 .text.Dispatcher_Update
                0x08001240      0x10c CMakeFiles/Embedded_finalProj_Slave.elf.dir/Core/Src/dispatcher.c.obj
                0x08001240                Dispatcher_Update
 .text.IPC_ComputeChecksum
                0x0800134c       0x3c CMakeFiles/Embedded_finalProj_Slave.elf.dir/Core/Src/ipc.c.obj
                0x0800134c                IPC_ComputeChecksum
 .text.IPC_EncodeFrame
                0x08001388       0x7c CMakeFiles/Embedded_finalProj_Slave.elf.dir/Core/Src/ipc.c.obj
                0x08001388                IPC_EncodeFrame
 .text.IPC_Init
                0x08001404       0xb8 CMakeFiles/Embedded_finalProj_Slave.elf.dir/Core/Src/ipc.c.obj
                0x08001404                IPC_Init
 .text.Poll_FloorSensorF1
                0x080014bc       0x48 CMakeFiles/Embedded_finalProj_Slave.elf.dir/Core/Src/main.c.obj
 .text.Poll_CabinButtonsF1F2
                0x08001504       0x74 CMakeFiles/Embedded_finalProj_Slave.elf.dir/Core/Src/main.c.obj
 .text.main     0x08001578       0x38 CMakeFiles/Embedded_finalProj_Slave.elf.dir/Core/Src/main.c.obj
                0x08001578                main
 .text.PWM_Init
                0x080015b0      0x118 CMakeFiles/Embedded_finalProj_Slave.elf.dir/Core/Src/pwm.c.obj
                0x080015b0                PWM_Init
 .text.PWM_SetDuty
                0x080016c8       0x2c CMakeFiles/Embedded_finalProj_Slave.elf.dir/Core/Src/pwm.c.obj
                0x080016c8                PWM_SetDuty
 .text.SPI1_GPIO_Init
                0x080016f4       0x98 CMakeFiles/Embedded_finalProj_Slave.elf.dir/Core/Src/spi.c.obj
 .text.SPI_MasterInit
                0x0800178c       0xe8 CMakeFiles/Embedded_finalProj_Slave.elf.dir/Core/Src/spi.c.obj
                0x0800178c                SPI_MasterInit
 .text.SPI_SlaveInit
                0x08001874       0xb4 CMakeFiles/Embedded_finalProj_Slave.elf.dir/Core/Src/spi.c.obj
                0x08001874                SPI_SlaveInit
 .text.SPI_SlavePreload
                0x08001928       0x40 CMakeFiles/Embedded_finalProj_Slave.elf.dir/Core/Src/spi.c.obj
                0x08001928                SPI_SlavePreload
 .text.SPI_CS_Disable
                0x08001968       0x28 CMakeFiles/Embedded_finalProj_Slave.elf.dir/Core/Src/spi.c.obj
                0x08001968                SPI_CS_Disable
 .text.SPI1_IRQHandler
                0x08001990      0x178 CMakeFiles/Embedded_finalProj_Slave.elf.dir/Core/Src/spi.c.obj
                0x08001990                SPI1_IRQHandler
 .text.UART_DMA_Init
                0x08001b08      0x194 CMakeFiles/Embedded_finalProj_Slave.elf.dir/Core/Src/uart_dma.c.obj
                0x08001b08                UART_DMA_Init
 .text.UART_DMA_Transmit
                0x08001c9c       0x7c CMakeFiles/Embedded_finalProj_Slave.elf.dir/Core/Src/uart_dma.c.obj
                0x08001c9c                UART_DMA_Transmit
 .text.DMA1_Stream6_IRQHandler
                0x08001d18       0x74 CMakeFiles/Embedded_finalProj_Slave.elf.dir/Core/Src/uart_dma.c.obj
                0x08001d18                DMA1_Stream6_IRQHandler
 .text.Reset_Handler
                0x08001d8c       0x44 CMakeFiles/Embedded_finalProj_Slave.elf.dir/startup/STM32F4xx/STM32F401xE.s.obj
                0x08001d8c                Reset_Handler
 .text.Default_Handler
                0x08001dd0        0x2 CMakeFiles/Embedded_finalProj_Slave.elf.dir/startup/STM32F4xx/STM32F401xE.s.obj
                0x08001dd0                RTC_Alarm_IRQHandler
                0x08001dd0                DebugMon_Handler
                0x08001dd0                SPI4_IRQHandler
                0x08001dd0                TIM1_CC_IRQHandler
                0x08001dd0                DMA2_Stream5_IRQHandler
                0x08001dd0                HardFault_Handler
                0x08001dd0                DMA1_Stream5_IRQHandler
                0x08001dd0                SysTick_Handler
                0x08001dd0                PVD_IRQHandler
                0x08001dd0                SDIO_IRQHandler
                0x08001dd0                TAMP_STAMP_IRQHandler
                0x08001dd0                PendSV_Handler
                0x08001dd0                NMI_Handler
                0x08001dd0                TIM1_UP_TIM10_IRQHandler
                0x08001dd0                I2C3_ER_IRQHandler
                0x08001dd0                I2C2_EV_IRQHandler
                0x08001dd0                DMA1_Stream2_IRQHandler
                0x08001dd0                FPU_IRQHandler
                0x08001dd0                UsageFault_Handler
                0x08001dd0                DMA2_Stream2_IRQHandler
                0x08001dd0                TIM1_BRK_TIM9_IRQHandler
                0x08001dd0                DMA2_Stream3_IRQHandler
                0x08001dd0                USART6_IRQHandler
                0x08001dd0                DMA2_Stream0_IRQHandler
                0x08001dd0                TIM4_IRQHandler
                0x08001dd0                I2C1_EV_IRQHandler
                0x08001dd0                DMA1_Stream1_IRQHandler
                0x08001dd0                TIM3_IRQHandler
                0x08001dd0                RCC_IRQHandler
                0x08001dd0                Default_Handler
                0x08001dd0                ADC_IRQHandler
                0x08001dd0                DMA1_Stream7_IRQHandler
                0x08001dd0                TIM5_IRQHandler
                0x08001dd0                DMA2_Stream7_IRQHandler
                0x08001dd0                I2C3_EV_IRQHandler
                0x08001dd0                RTC_WKUP_IRQHandler
                0x08001dd0                SPI2_IRQHandler
                0x08001dd0                MemManage_Handler
                0x08001dd0                DMA1_Stream0_IRQHandler
                0x08001dd0                SVC_Handler
                0x08001dd0                WWDG_IRQHandler
                0x08001dd0                TIM2_IRQHandler
                0x08001dd0                OTG_FS_WKUP_IRQHandler
                0x08001dd0                TIM1_TRG_COM_TIM11_IRQHandler
                0x08001dd0                USART2_IRQHandler
                0x08001dd0                I2C2_ER_IRQHandler
                0x08001dd0                DMA2_Stream1_IRQHandler
                0x08001dd0                FLASH_IRQHandler
                0x08001dd0                DMA2_Stream4_IRQHandler
                0x08001dd0                BusFault_Handler
                0x08001dd0                USART1_IRQHandler
                0x08001dd0                OTG_FS_IRQHandler
                0x08001dd0                SPI3_IRQHandler
                0x08001dd0                DMA1_Stream4_IRQHandler
                0x08001dd0                I2C1_ER_IRQHandler
                0x08001dd0                DMA2_Stream6_IRQHandler
                0x08001dd0                DMA1_Stream3_IRQHandler
 *fill*         0x08001dd2        0x2 
 .text.__libc_init_array
                0x08001dd4       0x48 C:/arm-gnu-toolchain/bin/../lib/gcc/arm-none-eabi/14.3.1/../../../../arm-none-eabi/lib/thumb/v7e-m+fp/hard\libg_nano.a(libc_a-init.o)
                0x08001dd4                __libc_init_array
 *(.glue_7)
 .glue_7        0x08001e1c        0x0 linker stubs
 *(.glue_7t)
 .glue_7t       0x08001e1c        0x0 linker stubs
 *(.eh_frame)
 .eh_frame      0x08001e1c        0x0 C:/arm-gnu-toolchain/bin/../lib/gcc/arm-none-eabi/14.3.1/thumb/v7e-m+fp/hard/crtbegin.o
 *(.init)
 .init          0x08001e1c        0x4 C:/arm-gnu-toolchain/bin/../lib/gcc/arm-none-eabi/14.3.1/thumb/v7e-m+fp/hard/crti.o
                0x08001e1c                _init
 .init          0x08001e20        0x8 C:/arm-gnu-toolchain/bin/../lib/gcc/arm-none-eabi/14.3.1/thumb/v7e-m+fp/hard/crtn.o
 *(.fini)
 .fini          0x08001e28        0x4 C:/arm-gnu-toolchain/bin/../lib/gcc/arm-none-eabi/14.3.1/thumb/v7e-m+fp/hard/crti.o
                0x08001e28                _fini
 .fini          0x08001e2c        0x8 C:/arm-gnu-toolchain/bin/../lib/gcc/arm-none-eabi/14.3.1/thumb/v7e-m+fp/hard/crtn.o
                0x08001e34                        . = ALIGN (0x4)
                0x08001e34                        __text_end = .

.vfp11_veneer   0x08001e34        0x0
 .vfp11_veneer  0x08001e34        0x0 linker stubs

.v4_bx          0x08001e34        0x0
 .v4_bx         0x08001e34        0x0 linker stubs

.iplt           0x08001e34        0x0
 .iplt          0x08001e34        0x0 C:/arm-gnu-toolchain/bin/../lib/gcc/arm-none-eabi/14.3.1/thumb/v7e-m+fp/hard/crtbegin.o

.rodata         0x08001e34       0x2c
                0x08001e34                        . = ALIGN (0x4)
                0x08001e34                        __rodata_start = .
 *(.rodata)
 .rodata        0x08001e34       0x2b CMakeFiles/Embedded_finalProj_Slave.elf.dir/Core/Src/Elevator.c.obj
 *(.rodata*)
                0x08001e60                        . = ALIGN (0x4)
 *fill*         0x08001e5f        0x1 
                0x08001e60                        __rodata_end = .

.rel.dyn        0x08001e60        0x0
 .rel.iplt      0x08001e60        0x0 C:/arm-gnu-toolchain/bin/../lib/gcc/arm-none-eabi/14.3.1/thumb/v7e-m+fp/hard/crtbegin.o

.ARM.extab
 *(.ARM.extab* .gnu.linkonce.armextab.*)

.ARM            0x08001e60        0x0
                0x08001e60                        __exidx_start = .
 *(.ARM.exidx*)
                0x08001e60                        __exidx_end = .

.preinit_array  0x08001e60        0x0
                0x08001e60                        PROVIDE (__preinit_array_start = .)
 *(.preinit_array*)
                0x08001e60                        PROVIDE (__preinit_array_end = .)

.init_array     0x08001e60        0x4
                0x08001e60                        PROVIDE (__init_array_start = .)
 *(.init_array*)
 .init_array    0x08001e60        0x4 C:/arm-gnu-toolchain/bin/../lib/gcc/arm-none-eabi/14.3.1/thumb/v7e-m+fp/hard/crtbegin.o
                0x08001e64                        PROVIDE (__init_array_end = .)

.fini_array     0x08001e64        0x4
                [!provide]                        PROVIDE (__fini_array_start = .)
 *(.fini_array*)
 .fini_array    0x08001e64        0x4 C:/arm-gnu-toolchain/bin/../lib/gcc/arm-none-eabi/14.3.1/thumb/v7e-m+fp/hard/crtbegin.o
                [!provide]                        PROVIDE (__fini_array_end = .)
                0x08001e68                        __data_flash_start = LOADADDR (.data)

.data           0x20000000        0x4 load address 0x08001e68
                0x20000000                        . = ALIGN (0x4)
                0x20000000                        __data_start = .
 *(.data)
 *(.data*)
 .data.poll_f1_last
                0x20000000        0x1 CMakeFiles/Embedded_finalProj_Slave.elf.dir/Core/Src/main.c.obj
 .data.poll_pa0_last
                0x20000001        0x1 CMakeFiles/Embedded_finalProj_Slave.elf.dir/Core/Src/main.c.obj
 .data.poll_pa1_last
                0x20000002        0x1 CMakeFiles/Embedded_finalProj_Slave.elf.dir/Core/Src/main.c.obj
                0x20000004                        . = ALIGN (0x4)
 *fill*         0x20000003        0x1 
                0x20000004                        __data_end = .

.tm_clone_table
                0x20000004        0x0 load address 0x08001e6c
 .tm_clone_table
                0x20000004        0x0 C:/arm-gnu-toolchain/bin/../lib/gcc/arm-none-eabi/14.3.1/thumb/v7e-m+fp/hard/crtbegin.o
 .tm_clone_table
                0x20000004        0x0 C:/arm-gnu-toolchain/bin/../lib/gcc/arm-none-eabi/14.3.1/thumb/v7e-m+fp/hard/crtend.o

.igot.plt       0x20000004        0x0 load address 0x08001e6c
 .igot.plt      0x20000004        0x0 C:/arm-gnu-toolchain/bin/../lib/gcc/arm-none-eabi/14.3.1/thumb/v7e-m+fp/hard/crtbegin.o

.bss            0x20000004      0x11c load address 0x08001e6c
                0x20000004                        . = ALIGN (0x4)
                0x20000004                        __bss_start = .
                0x20000004                        __bss_start__ = __bss_start
 *(.bss)
 *(.bss*)
 .bss.completed.1
                0x20000004        0x1 C:/arm-gnu-toolchain/bin/../lib/gcc/arm-none-eabi/14.3.1/thumb/v7e-m+fp/hard/crtbegin.o
 *fill*         0x20000005        0x3 
 .bss.object.0  0x20000008       0x18 C:/arm-gnu-toolchain/bin/../lib/gcc/arm-none-eabi/14.3.1/thumb/v7e-m+fp/hard/crtbegin.o
 .bss.GSS       0x20000020        0xd CMakeFiles/Embedded_finalProj_Slave.elf.dir/Core/Src/Elevator.c.obj
                0x20000020                GSS
 .bss.door_tick_count.0
                0x2000002d        0x1 CMakeFiles/Embedded_finalProj_Slave.elf.dir/Core/Src/Elevator.c.obj
 *fill*         0x2000002e        0x2 
 .bss.HallwayQueue
                0x20000030       0x18 CMakeFiles/Embedded_finalProj_Slave.elf.dir/Core/Src/dispatcher.c.obj
 .bss.SystemState
                0x20000048       0x11 CMakeFiles/Embedded_finalProj_Slave.elf.dir/Core/Src/dispatcher.c.obj
                0x20000048                SystemState
 *fill*         0x20000059        0x3 
 .bss.IPC_Handle
                0x2000005c       0x2c CMakeFiles/Embedded_finalProj_Slave.elf.dir/Core/Src/ipc.c.obj
                0x2000005c                IPC_Handle
 .bss.SPI1_Handle
                0x20000088       0x14 CMakeFiles/Embedded_finalProj_Slave.elf.dir/Core/Src/spi.c.obj
                0x20000088                SPI1_Handle
 .bss.UART_TxBuf
                0x2000009c       0x80 CMakeFiles/Embedded_finalProj_Slave.elf.dir/Core/Src/uart_dma.c.obj
                0x2000009c                UART_TxBuf
 .bss.UART_DMA_Busy
                0x2000011c        0x1 CMakeFiles/Embedded_finalProj_Slave.elf.dir/Core/Src/uart_dma.c.obj
                0x2000011c                UART_DMA_Busy
 *(COMMON)
                0x20000120                        . = ALIGN (0x4)
 *fill*         0x2000011d        0x3 
                0x20000120                        __bss_end = .
                0x20000120                        __bss_end__ = __bss_end
                0x08001e6c                        __cmmdata_flash_start = LOADADDR (.ccmram)

.ccmram         0x10000000        0x0 load address 0x08001e6c
                0x10000000                        . = ALIGN (0x4)
                0x10000000                        __ccmdata_start = .
 *(.ccmram)
 *(.ccmram*)
                0x10000000                        . = ALIGN (0x4)
                0x10000000                        __ccmdata_end = .

._user_heap_stack
                0x20000120      0x600
                0x20000120                        . = ALIGN (0x4)
                [!provide]                        PROVIDE (end = .)
                [!provide]                        PROVIDE (_end = .)
                0x20000320                        . = (. + 0x200)
 *fill*         0x20000120      0x200 
                0x20000720                        . = (. + 0x400)
 *fill*         0x20000320      0x400 
                0x20000720                        . = ALIGN (0x4)

/DISCARD/
 libc.a(*)
 libm.a(*)
 libgcc.a(*)

.ARM.attributes
                0x00000000       0x30
 *(.ARM.attributes)
 .ARM.attributes
                0x00000000       0x22 C:/arm-gnu-toolchain/bin/../lib/gcc/arm-none-eabi/14.3.1/thumb/v7e-m+fp/hard/crti.o
 .ARM.attributes
                0x00000022       0x34 C:/arm-gnu-toolchain/bin/../lib/gcc/arm-none-eabi/14.3.1/thumb/v7e-m+fp/hard/crtbegin.o
 .ARM.attributes
                0x00000056       0x34 CMakeFiles/Embedded_finalProj_Slave.elf.dir/Core/Src/Elevator.c.obj
 .ARM.attributes
                0x0000008a       0x34 CMakeFiles/Embedded_finalProj_Slave.elf.dir/Core/Src/dispatcher.c.obj
 .ARM.attributes
                0x000000be       0x34 CMakeFiles/Embedded_finalProj_Slave.elf.dir/Core/Src/ipc.c.obj
 .ARM.attributes
                0x000000f2       0x34 CMakeFiles/Embedded_finalProj_Slave.elf.dir/Core/Src/main.c.obj
 .ARM.attributes
                0x00000126       0x34 CMakeFiles/Embedded_finalProj_Slave.elf.dir/Core/Src/pwm.c.obj
 .ARM.attributes
                0x0000015a       0x34 CMakeFiles/Embedded_finalProj_Slave.elf.dir/Core/Src/spi.c.obj
 .ARM.attributes
                0x0000018e       0x34 CMakeFiles/Embedded_finalProj_Slave.elf.dir/Core/Src/uart_dma.c.obj
 .ARM.attributes
                0x000001c2       0x20 CMakeFiles/Embedded_finalProj_Slave.elf.dir/startup/STM32F4xx/STM32F401xE.s.obj
 .ARM.attributes
                0x000001e2       0x34 C:/arm-gnu-toolchain/bin/../lib/gcc/arm-none-eabi/14.3.1/../../../../arm-none-eabi/lib/thumb/v7e-m+fp/hard\libg_nano.a(libc_a-init.o)
 .ARM.attributes
                0x00000216       0x34 C:/arm-gnu-toolchain/bin/../lib/gcc/arm-none-eabi/14.3.1/thumb/v7e-m+fp/hard/crtend.o
 .ARM.attributes
                0x0000024a       0x22 C:/arm-gnu-toolchain/bin/../lib/gcc/arm-none-eabi/14.3.1/thumb/v7e-m+fp/hard/crtn.o
OUTPUT(Embedded_finalProj_Slave.elf elf32-littlearm)
LOAD linker stubs
LOAD C:/arm-gnu-toolchain/bin/../lib/gcc/arm-none-eabi/14.3.1/../../../../arm-none-eabi/lib/thumb/v7e-m+fp/hard\libc.a
LOAD C:/arm-gnu-toolchain/bin/../lib/gcc/arm-none-eabi/14.3.1/../../../../arm-none-eabi/lib/thumb/v7e-m+fp/hard\libm.a
LOAD C:/arm-gnu-toolchain/bin/../lib/gcc/arm-none-eabi/14.3.1/thumb/v7e-m+fp/hard\libgcc.a

.debug_info     0x00000000     0x25ff
 .debug_info    0x00000000      0xcdd CMakeFiles/Embedded_finalProj_Slave.elf.dir/Core/Src/Elevator.c.obj
 .debug_info    0x00000cdd      0x3e0 CMakeFiles/Embedded_finalProj_Slave.elf.dir/Core/Src/dispatcher.c.obj
 .debug_info    0x000010bd      0x4c0 CMakeFiles/Embedded_finalProj_Slave.elf.dir/Core/Src/ipc.c.obj
 .debug_info    0x0000157d      0x297 CMakeFiles/Embedded_finalProj_Slave.elf.dir/Core/Src/main.c.obj
 .debug_info    0x00001814      0x30c CMakeFiles/Embedded_finalProj_Slave.elf.dir/Core/Src/pwm.c.obj
 .debug_info    0x00001b20      0x615 CMakeFiles/Embedded_finalProj_Slave.elf.dir/Core/Src/spi.c.obj
 .debug_info    0x00002135      0x49a CMakeFiles/Embedded_finalProj_Slave.elf.dir/Core/Src/uart_dma.c.obj
 .debug_info    0x000025cf       0x30 CMakeFiles/Embedded_finalProj_Slave.elf.dir/startup/STM32F4xx/STM32F401xE.s.obj

.debug_abbrev   0x00000000      0xc25
 .debug_abbrev  0x00000000      0x328 CMakeFiles/Embedded_finalProj_Slave.elf.dir/Core/Src/Elevator.c.obj
 .debug_abbrev  0x00000328      0x18b CMakeFiles/Embedded_finalProj_Slave.elf.dir/Core/Src/dispatcher.c.obj
 .debug_abbrev  0x000004b3      0x1d6 CMakeFiles/Embedded_finalProj_Slave.elf.dir/Core/Src/ipc.c.obj
 .debug_abbrev  0x00000689      0x13c CMakeFiles/Embedded_finalProj_Slave.elf.dir/Core/Src/main.c.obj
 .debug_abbrev  0x000007c5       0xe1 CMakeFiles/Embedded_finalProj_Slave.elf.dir/Core/Src/pwm.c.obj
 .debug_abbrev  0x000008a6      0x200 CMakeFiles/Embedded_finalProj_Slave.elf.dir/Core/Src/spi.c.obj
 .debug_abbrev  0x00000aa6      0x15b CMakeFiles/Embedded_finalProj_Slave.elf.dir/Core/Src/uart_dma.c.obj
 .debug_abbrev  0x00000c01       0x24 CMakeFiles/Embedded_finalProj_Slave.elf.dir/startup/STM32F4xx/STM32F401xE.s.obj

.debug_aranges  0x00000000      0x258
 .debug_aranges
                0x00000000       0xc0 CMakeFiles/Embedded_finalProj_Slave.elf.dir/Core/Src/Elevator.c.obj
 .debug_aranges
                0x000000c0       0x40 CMakeFiles/Embedded_finalProj_Slave.elf.dir/Core/Src/dispatcher.c.obj
 .debug_aranges
                0x00000100       0x50 CMakeFiles/Embedded_finalProj_Slave.elf.dir/Core/Src/ipc.c.obj
 .debug_aranges
                0x00000150       0x30 CMakeFiles/Embedded_finalProj_Slave.elf.dir/Core/Src/main.c.obj
 .debug_aranges
                0x00000180       0x28 CMakeFiles/Embedded_finalProj_Slave.elf.dir/Core/Src/pwm.c.obj
 .debug_aranges
                0x000001a8       0x58 CMakeFiles/Embedded_finalProj_Slave.elf.dir/Core/Src/spi.c.obj
 .debug_aranges
                0x00000200       0x30 CMakeFiles/Embedded_finalProj_Slave.elf.dir/Core/Src/uart_dma.c.obj
 .debug_aranges
                0x00000230       0x28 CMakeFiles/Embedded_finalProj_Slave.elf.dir/startup/STM32F4xx/STM32F401xE.s.obj

.debug_rnglists
                0x00000000      0x1b9
 .debug_rnglists
                0x00000000       0x93 CMakeFiles/Embedded_finalProj_Slave.elf.dir/Core/Src/Elevator.c.obj
 .debug_rnglists
                0x00000093       0x3a CMakeFiles/Embedded_finalProj_Slave.elf.dir/Core/Src/dispatcher.c.obj
 .debug_rnglists
                0x000000cd       0x39 CMakeFiles/Embedded_finalProj_Slave.elf.dir/Core/Src/ipc.c.obj
 .debug_rnglists
                0x00000106       0x1f CMakeFiles/Embedded_finalProj_Slave.elf.dir/Core/Src/main.c.obj
 .debug_rnglists
                0x00000125       0x1a CMakeFiles/Embedded_finalProj_Slave.elf.dir/Core/Src/pwm.c.obj
 .debug_rnglists
                0x0000013f       0x41 CMakeFiles/Embedded_finalProj_Slave.elf.dir/Core/Src/spi.c.obj
 .debug_rnglists
                0x00000180       0x20 CMakeFiles/Embedded_finalProj_Slave.elf.dir/Core/Src/uart_dma.c.obj
 .debug_rnglists
                0x000001a0       0x19 CMakeFiles/Embedded_finalProj_Slave.elf.dir/startup/STM32F4xx/STM32F401xE.s.obj

.debug_line     0x00000000     0x18fc
 .debug_line    0x00000000      0xa6d CMakeFiles/Embedded_finalProj_Slave.elf.dir/Core/Src/Elevator.c.obj
 .debug_line    0x00000a6d      0x369 CMakeFiles/Embedded_finalProj_Slave.elf.dir/Core/Src/dispatcher.c.obj
 .debug_line    0x00000dd6      0x2eb CMakeFiles/Embedded_finalProj_Slave.elf.dir/Core/Src/ipc.c.obj
 .debug_line    0x000010c1      0x173 CMakeFiles/Embedded_finalProj_Slave.elf.dir/Core/Src/main.c.obj
 .debug_line    0x00001234      0x14e CMakeFiles/Embedded_finalProj_Slave.elf.dir/Core/Src/pwm.c.obj
 .debug_line    0x00001382      0x316 CMakeFiles/Embedded_finalProj_Slave.elf.dir/Core/Src/spi.c.obj
 .debug_line    0x00001698      0x1ec CMakeFiles/Embedded_finalProj_Slave.elf.dir/Core/Src/uart_dma.c.obj
 .debug_line    0x00001884       0x78 CMakeFiles/Embedded_finalProj_Slave.elf.dir/startup/STM32F4xx/STM32F401xE.s.obj

.debug_str      0x00000000      0xd93
 .debug_str     0x00000000      0xd93 CMakeFiles/Embedded_finalProj_Slave.elf.dir/Core/Src/Elevator.c.obj
                                0x6f3 (size before relaxing)
 .debug_str     0x00000d93      0x3b3 CMakeFiles/Embedded_finalProj_Slave.elf.dir/Core/Src/dispatcher.c.obj
 .debug_str     0x00000d93      0x47c CMakeFiles/Embedded_finalProj_Slave.elf.dir/Core/Src/ipc.c.obj
 .debug_str     0x00000d93      0x310 CMakeFiles/Embedded_finalProj_Slave.elf.dir/Core/Src/main.c.obj
 .debug_str     0x00000d93      0x2a5 CMakeFiles/Embedded_finalProj_Slave.elf.dir/Core/Src/pwm.c.obj
 .debug_str     0x00000d93      0x454 CMakeFiles/Embedded_finalProj_Slave.elf.dir/Core/Src/spi.c.obj
 .debug_str     0x00000d93      0x364 CMakeFiles/Embedded_finalProj_Slave.elf.dir/Core/Src/uart_dma.c.obj
 .debug_str     0x00000d93       0x8f CMakeFiles/Embedded_finalProj_Slave.elf.dir/startup/STM32F4xx/STM32F401xE.s.obj

.comment        0x00000000       0x46
 .comment       0x00000000       0x46 CMakeFiles/Embedded_finalProj_Slave.elf.dir/Core/Src/Elevator.c.obj
                                 0x47 (size before relaxing)
 .comment       0x00000046       0x47 CMakeFiles/Embedded_finalProj_Slave.elf.dir/Core/Src/dispatcher.c.obj
 .comment       0x00000046       0x47 CMakeFiles/Embedded_finalProj_Slave.elf.dir/Core/Src/ipc.c.obj
 .comment       0x00000046       0x47 CMakeFiles/Embedded_finalProj_Slave.elf.dir/Core/Src/main.c.obj
 .comment       0x00000046       0x47 CMakeFiles/Embedded_finalProj_Slave.elf.dir/Core/Src/pwm.c.obj
 .comment       0x00000046       0x47 CMakeFiles/Embedded_finalProj_Slave.elf.dir/Core/Src/spi.c.obj
 .comment       0x00000046       0x47 CMakeFiles/Embedded_finalProj_Slave.elf.dir/Core/Src/uart_dma.c.obj

.debug_frame    0x00000000      0x7b0
 .debug_frame   0x00000000      0x300 CMakeFiles/Embedded_finalProj_Slave.elf.dir/Core/Src/Elevator.c.obj
 .debug_frame   0x00000300       0xd4 CMakeFiles/Embedded_finalProj_Slave.elf.dir/Core/Src/dispatcher.c.obj
 .debug_frame   0x000003d4      0x110 CMakeFiles/Embedded_finalProj_Slave.elf.dir/Core/Src/ipc.c.obj
 .debug_frame   0x000004e4       0x7c CMakeFiles/Embedded_finalProj_Slave.elf.dir/Core/Src/main.c.obj
 .debug_frame   0x00000560       0x60 CMakeFiles/Embedded_finalProj_Slave.elf.dir/Core/Src/pwm.c.obj
 .debug_frame   0x000005c0      0x144 CMakeFiles/Embedded_finalProj_Slave.elf.dir/Core/Src/spi.c.obj
 .debug_frame   0x00000704       0x80 CMakeFiles/Embedded_finalProj_Slave.elf.dir/Core/Src/uart_dma.c.obj
 .debug_frame   0x00000784       0x2c C:/arm-gnu-toolchain/bin/../lib/gcc/arm-none-eabi/14.3.1/../../../../arm-none-eabi/lib/thumb/v7e-m+fp/hard\libg_nano.a(libc_a-init.o)

.debug_line_str
                0x00000000       0x73
 .debug_line_str
                0x00000000       0x73 CMakeFiles/Embedded_finalProj_Slave.elf.dir/startup/STM32F4xx/STM32F401xE.s.obj
