Archive member included to satisfy reference by file (symbol)

C:/arm-gnu-toolchain/bin/../lib/gcc/arm-none-eabi/14.3.1/../../../../arm-none-eabi/lib/thumb/v7e-m+fp/hard\libg_nano.a(libc_a-exit.o)
                              C:/arm-gnu-toolchain/bin/../lib/gcc/arm-none-eabi/14.3.1/../../../../arm-none-eabi/lib/thumb/v7e-m+fp/hard/crt0.o (exit)
C:/arm-gnu-toolchain/bin/../lib/gcc/arm-none-eabi/14.3.1/../../../../arm-none-eabi/lib/thumb/v7e-m+fp/hard\libg_nano.a(libc_a-findfp.o)
                              C:/arm-gnu-toolchain/bin/../lib/gcc/arm-none-eabi/14.3.1/../../../../arm-none-eabi/lib/thumb/v7e-m+fp/hard\libg_nano.a(libc_a-exit.o) (__stdio_exit_handler)
C:/arm-gnu-toolchain/bin/../lib/gcc/arm-none-eabi/14.3.1/../../../../arm-none-eabi/lib/thumb/v7e-m+fp/hard\libg_nano.a(libc_a-fwalk.o)
                              C:/arm-gnu-toolchain/bin/../lib/gcc/arm-none-eabi/14.3.1/../../../../arm-none-eabi/lib/thumb/v7e-m+fp/hard\libg_nano.a(libc_a-findfp.o) (_fwalk_sglue)
C:/arm-gnu-toolchain/bin/../lib/gcc/arm-none-eabi/14.3.1/../../../../arm-none-eabi/lib/thumb/v7e-m+fp/hard\libg_nano.a(libc_a-stdio.o)
                              C:/arm-gnu-toolchain/bin/../lib/gcc/arm-none-eabi/14.3.1/../../../../arm-none-eabi/lib/thumb/v7e-m+fp/hard\libg_nano.a(libc_a-findfp.o) (__sread)
C:/arm-gnu-toolchain/bin/../lib/gcc/arm-none-eabi/14.3.1/../../../../arm-none-eabi/lib/thumb/v7e-m+fp/hard\libg_nano.a(libc_a-memset.o)
                              C:/arm-gnu-toolchain/bin/../lib/gcc/arm-none-eabi/14.3.1/../../../../arm-none-eabi/lib/thumb/v7e-m+fp/hard/crt0.o (memset)
C:/arm-gnu-toolchain/bin/../lib/gcc/arm-none-eabi/14.3.1/../../../../arm-none-eabi/lib/thumb/v7e-m+fp/hard\libg_nano.a(libc_a-closer.o)
                              C:/arm-gnu-toolchain/bin/../lib/gcc/arm-none-eabi/14.3.1/../../../../arm-none-eabi/lib/thumb/v7e-m+fp/hard\libg_nano.a(libc_a-stdio.o) (_close_r)
C:/arm-gnu-toolchain/bin/../lib/gcc/arm-none-eabi/14.3.1/../../../../arm-none-eabi/lib/thumb/v7e-m+fp/hard\libg_nano.a(libc_a-reent.o)
                              C:/arm-gnu-toolchain/bin/../lib/gcc/arm-none-eabi/14.3.1/../../../../arm-none-eabi/lib/thumb/v7e-m+fp/hard\libg_nano.a(libc_a-closer.o) (errno)
C:/arm-gnu-toolchain/bin/../lib/gcc/arm-none-eabi/14.3.1/../../../../arm-none-eabi/lib/thumb/v7e-m+fp/hard\libg_nano.a(libc_a-impure.o)
                              C:/arm-gnu-toolchain/bin/../lib/gcc/arm-none-eabi/14.3.1/../../../../arm-none-eabi/lib/thumb/v7e-m+fp/hard\libg_nano.a(libc_a-reent.o) (_impure_ptr)
C:/arm-gnu-toolchain/bin/../lib/gcc/arm-none-eabi/14.3.1/../../../../arm-none-eabi/lib/thumb/v7e-m+fp/hard\libg_nano.a(libc_a-lseekr.o)
                              C:/arm-gnu-toolchain/bin/../lib/gcc/arm-none-eabi/14.3.1/../../../../arm-none-eabi/lib/thumb/v7e-m+fp/hard\libg_nano.a(libc_a-stdio.o) (_lseek_r)
C:/arm-gnu-toolchain/bin/../lib/gcc/arm-none-eabi/14.3.1/../../../../arm-none-eabi/lib/thumb/v7e-m+fp/hard\libg_nano.a(libc_a-readr.o)
                              C:/arm-gnu-toolchain/bin/../lib/gcc/arm-none-eabi/14.3.1/../../../../arm-none-eabi/lib/thumb/v7e-m+fp/hard\libg_nano.a(libc_a-stdio.o) (_read_r)
C:/arm-gnu-toolchain/bin/../lib/gcc/arm-none-eabi/14.3.1/../../../../arm-none-eabi/lib/thumb/v7e-m+fp/hard\libg_nano.a(libc_a-writer.o)
                              C:/arm-gnu-toolchain/bin/../lib/gcc/arm-none-eabi/14.3.1/../../../../arm-none-eabi/lib/thumb/v7e-m+fp/hard\libg_nano.a(libc_a-stdio.o) (_write_r)
C:/arm-gnu-toolchain/bin/../lib/gcc/arm-none-eabi/14.3.1/../../../../arm-none-eabi/lib/thumb/v7e-m+fp/hard\libg_nano.a(libc_a-errno.o)
                              CMakeFiles/Embedded_finalProj_Slave.elf.dir/Core/Src/syscalls.c.obj (__errno)
C:/arm-gnu-toolchain/bin/../lib/gcc/arm-none-eabi/14.3.1/../../../../arm-none-eabi/lib/thumb/v7e-m+fp/hard\libg_nano.a(libc_a-init.o)
                              C:/arm-gnu-toolchain/bin/../lib/gcc/arm-none-eabi/14.3.1/../../../../arm-none-eabi/lib/thumb/v7e-m+fp/hard/crt0.o (__libc_init_array)
C:/arm-gnu-toolchain/bin/../lib/gcc/arm-none-eabi/14.3.1/../../../../arm-none-eabi/lib/thumb/v7e-m+fp/hard\libg_nano.a(libc_a-lock.o)
                              C:/arm-gnu-toolchain/bin/../lib/gcc/arm-none-eabi/14.3.1/../../../../arm-none-eabi/lib/thumb/v7e-m+fp/hard\libg_nano.a(libc_a-findfp.o) (__retarget_lock_init_recursive)
C:/arm-gnu-toolchain/bin/../lib/gcc/arm-none-eabi/14.3.1/../../../../arm-none-eabi/lib/thumb/v7e-m+fp/hard\libg_nano.a(libc_a-freer.o)
                              C:/arm-gnu-toolchain/bin/../lib/gcc/arm-none-eabi/14.3.1/../../../../arm-none-eabi/lib/thumb/v7e-m+fp/hard\libg_nano.a(libc_a-reent.o) (_free_r)
C:/arm-gnu-toolchain/bin/../lib/gcc/arm-none-eabi/14.3.1/../../../../arm-none-eabi/lib/thumb/v7e-m+fp/hard\libg_nano.a(libc_a-mallocr.o)
                              C:/arm-gnu-toolchain/bin/../lib/gcc/arm-none-eabi/14.3.1/../../../../arm-none-eabi/lib/thumb/v7e-m+fp/hard\libg_nano.a(libc_a-findfp.o) (_malloc_r)
C:/arm-gnu-toolchain/bin/../lib/gcc/arm-none-eabi/14.3.1/../../../../arm-none-eabi/lib/thumb/v7e-m+fp/hard\libg_nano.a(libc_a-mlock.o)
                              C:/arm-gnu-toolchain/bin/../lib/gcc/arm-none-eabi/14.3.1/../../../../arm-none-eabi/lib/thumb/v7e-m+fp/hard\libg_nano.a(libc_a-freer.o) (__malloc_lock)
C:/arm-gnu-toolchain/bin/../lib/gcc/arm-none-eabi/14.3.1/../../../../arm-none-eabi/lib/thumb/v7e-m+fp/hard\libg_nano.a(libc_a-fflush.o)
                              C:/arm-gnu-toolchain/bin/../lib/gcc/arm-none-eabi/14.3.1/../../../../arm-none-eabi/lib/thumb/v7e-m+fp/hard\libg_nano.a(libc_a-findfp.o) (_fflush_r)
C:/arm-gnu-toolchain/bin/../lib/gcc/arm-none-eabi/14.3.1/../../../../arm-none-eabi/lib/thumb/v7e-m+fp/hard\libg_nano.a(libc_a-sbrkr.o)
                              C:/arm-gnu-toolchain/bin/../lib/gcc/arm-none-eabi/14.3.1/../../../../arm-none-eabi/lib/thumb/v7e-m+fp/hard\libg_nano.a(libc_a-mallocr.o) (_sbrk_r)

Discarded input sections

 .text          0x00000000        0x0 C:/arm-gnu-toolchain/bin/../lib/gcc/arm-none-eabi/14.3.1/thumb/v7e-m+fp/hard/crti.o
 .data          0x00000000        0x0 C:/arm-gnu-toolchain/bin/../lib/gcc/arm-none-eabi/14.3.1/thumb/v7e-m+fp/hard/crti.o
 .bss           0x00000000        0x0 C:/arm-gnu-toolchain/bin/../lib/gcc/arm-none-eabi/14.3.1/thumb/v7e-m+fp/hard/crti.o
 .text          0x00000000        0x0 C:/arm-gnu-toolchain/bin/../lib/gcc/arm-none-eabi/14.3.1/thumb/v7e-m+fp/hard/crtbegin.o
 .data          0x00000000        0x0 C:/arm-gnu-toolchain/bin/../lib/gcc/arm-none-eabi/14.3.1/thumb/v7e-m+fp/hard/crtbegin.o
 .bss           0x00000000        0x0 C:/arm-gnu-toolchain/bin/../lib/gcc/arm-none-eabi/14.3.1/thumb/v7e-m+fp/hard/crtbegin.o
 .rodata.all_implied_fbits
                0x00000000       0x24 C:/arm-gnu-toolchain/bin/../lib/gcc/arm-none-eabi/14.3.1/thumb/v7e-m+fp/hard/crtbegin.o
 .data.__dso_handle
                0x00000000        0x4 C:/arm-gnu-toolchain/bin/../lib/gcc/arm-none-eabi/14.3.1/thumb/v7e-m+fp/hard/crtbegin.o
 .text          0x00000000       0x7c C:/arm-gnu-toolchain/bin/../lib/gcc/arm-none-eabi/14.3.1/../../../../arm-none-eabi/lib/thumb/v7e-m+fp/hard/crt0.o
 .data          0x00000000        0x0 C:/arm-gnu-toolchain/bin/../lib/gcc/arm-none-eabi/14.3.1/../../../../arm-none-eabi/lib/thumb/v7e-m+fp/hard/crt0.o
 .bss           0x00000000        0x0 C:/arm-gnu-toolchain/bin/../lib/gcc/arm-none-eabi/14.3.1/../../../../arm-none-eabi/lib/thumb/v7e-m+fp/hard/crt0.o
 .ARM.extab     0x00000000        0x0 C:/arm-gnu-toolchain/bin/../lib/gcc/arm-none-eabi/14.3.1/../../../../arm-none-eabi/lib/thumb/v7e-m+fp/hard/crt0.o
 .ARM.exidx     0x00000000       0x10 C:/arm-gnu-toolchain/bin/../lib/gcc/arm-none-eabi/14.3.1/../../../../arm-none-eabi/lib/thumb/v7e-m+fp/hard/crt0.o
 .debug_line_str
                0x00000000       0xd6 C:/arm-gnu-toolchain/bin/../lib/gcc/arm-none-eabi/14.3.1/../../../../arm-none-eabi/lib/thumb/v7e-m+fp/hard/crt0.o
 .ARM.attributes
                0x00000000       0x20 C:/arm-gnu-toolchain/bin/../lib/gcc/arm-none-eabi/14.3.1/../../../../arm-none-eabi/lib/thumb/v7e-m+fp/hard/crt0.o
 .text          0x00000000        0x0 CMakeFiles/Embedded_finalProj_Slave.elf.dir/Core/Src/Elevator.c.obj
 .data          0x00000000        0x0 CMakeFiles/Embedded_finalProj_Slave.elf.dir/Core/Src/Elevator.c.obj
 .bss           0x00000000        0x0 CMakeFiles/Embedded_finalProj_Slave.elf.dir/Core/Src/Elevator.c.obj
 .text.TIM6_DAC_IRQHandler
                0x00000000       0x40 CMakeFiles/Embedded_finalProj_Slave.elf.dir/Core/Src/Elevator.c.obj
 .text          0x00000000        0x0 CMakeFiles/Embedded_finalProj_Slave.elf.dir/Core/Src/Gpio.c.obj
 .data          0x00000000        0x0 CMakeFiles/Embedded_finalProj_Slave.elf.dir/Core/Src/Gpio.c.obj
 .bss           0x00000000        0x0 CMakeFiles/Embedded_finalProj_Slave.elf.dir/Core/Src/Gpio.c.obj
 .text.Gpio_ReadPin
                0x00000000       0x4c CMakeFiles/Embedded_finalProj_Slave.elf.dir/Core/Src/Gpio.c.obj
 .text          0x00000000        0x0 CMakeFiles/Embedded_finalProj_Slave.elf.dir/Core/Src/RCC.c.obj
 .data          0x00000000        0x0 CMakeFiles/Embedded_finalProj_Slave.elf.dir/Core/Src/RCC.c.obj
 .bss           0x00000000        0x0 CMakeFiles/Embedded_finalProj_Slave.elf.dir/Core/Src/RCC.c.obj
 .text.RCC_InitSystemClock
                0x00000000       0x9c CMakeFiles/Embedded_finalProj_Slave.elf.dir/Core/Src/RCC.c.obj
 .text.RCC_EnableClock
                0x00000000       0xf4 CMakeFiles/Embedded_finalProj_Slave.elf.dir/Core/Src/RCC.c.obj
 .debug_info    0x00000000      0x22b CMakeFiles/Embedded_finalProj_Slave.elf.dir/Core/Src/RCC.c.obj
 .debug_abbrev  0x00000000      0x111 CMakeFiles/Embedded_finalProj_Slave.elf.dir/Core/Src/RCC.c.obj
 .debug_aranges
                0x00000000       0x28 CMakeFiles/Embedded_finalProj_Slave.elf.dir/Core/Src/RCC.c.obj
 .debug_rnglists
                0x00000000       0x1b CMakeFiles/Embedded_finalProj_Slave.elf.dir/Core/Src/RCC.c.obj
 .debug_line    0x00000000      0x1b2 CMakeFiles/Embedded_finalProj_Slave.elf.dir/Core/Src/RCC.c.obj
 .debug_str     0x00000000      0x2bb CMakeFiles/Embedded_finalProj_Slave.elf.dir/Core/Src/RCC.c.obj
 .comment       0x00000000       0x47 CMakeFiles/Embedded_finalProj_Slave.elf.dir/Core/Src/RCC.c.obj
 .debug_frame   0x00000000       0x58 CMakeFiles/Embedded_finalProj_Slave.elf.dir/Core/Src/RCC.c.obj
 .ARM.attributes
                0x00000000       0x34 CMakeFiles/Embedded_finalProj_Slave.elf.dir/Core/Src/RCC.c.obj
 .text          0x00000000        0x0 CMakeFiles/Embedded_finalProj_Slave.elf.dir/Core/Src/Timer.c.obj
 .data          0x00000000        0x0 CMakeFiles/Embedded_finalProj_Slave.elf.dir/Core/Src/Timer.c.obj
 .bss           0x00000000        0x0 CMakeFiles/Embedded_finalProj_Slave.elf.dir/Core/Src/Timer.c.obj
 .text.Timer_Init
                0x00000000       0x68 CMakeFiles/Embedded_finalProj_Slave.elf.dir/Core/Src/Timer.c.obj
 .text.delay_ms
                0x00000000       0x34 CMakeFiles/Embedded_finalProj_Slave.elf.dir/Core/Src/Timer.c.obj
 .text.delay_us
                0x00000000       0x28 CMakeFiles/Embedded_finalProj_Slave.elf.dir/Core/Src/Timer.c.obj
 .text.Timer_GetMs
                0x00000000       0x18 CMakeFiles/Embedded_finalProj_Slave.elf.dir/Core/Src/Timer.c.obj
 .text          0x00000000        0x0 CMakeFiles/Embedded_finalProj_Slave.elf.dir/Core/Src/dispatcher.c.obj
 .data          0x00000000        0x0 CMakeFiles/Embedded_finalProj_Slave.elf.dir/Core/Src/dispatcher.c.obj
 .bss           0x00000000        0x0 CMakeFiles/Embedded_finalProj_Slave.elf.dir/Core/Src/dispatcher.c.obj
 .text          0x00000000        0x0 CMakeFiles/Embedded_finalProj_Slave.elf.dir/Core/Src/hallway_buttons.c.obj
 .data          0x00000000        0x0 CMakeFiles/Embedded_finalProj_Slave.elf.dir/Core/Src/hallway_buttons.c.obj
 .bss           0x00000000        0x0 CMakeFiles/Embedded_finalProj_Slave.elf.dir/Core/Src/hallway_buttons.c.obj
 .text.HallwayButtons_Init
                0x00000000       0x50 CMakeFiles/Embedded_finalProj_Slave.elf.dir/Core/Src/hallway_buttons.c.obj
 .debug_info    0x00000000       0xcc CMakeFiles/Embedded_finalProj_Slave.elf.dir/Core/Src/hallway_buttons.c.obj
 .debug_abbrev  0x00000000       0x7d CMakeFiles/Embedded_finalProj_Slave.elf.dir/Core/Src/hallway_buttons.c.obj
 .debug_aranges
                0x00000000       0x20 CMakeFiles/Embedded_finalProj_Slave.elf.dir/Core/Src/hallway_buttons.c.obj
 .debug_rnglists
                0x00000000       0x13 CMakeFiles/Embedded_finalProj_Slave.elf.dir/Core/Src/hallway_buttons.c.obj
 .debug_line    0x00000000       0xcd CMakeFiles/Embedded_finalProj_Slave.elf.dir/Core/Src/hallway_buttons.c.obj
 .debug_str     0x00000000      0x1c8 CMakeFiles/Embedded_finalProj_Slave.elf.dir/Core/Src/hallway_buttons.c.obj
 .comment       0x00000000       0x47 CMakeFiles/Embedded_finalProj_Slave.elf.dir/Core/Src/hallway_buttons.c.obj
 .debug_frame   0x00000000       0x2c CMakeFiles/Embedded_finalProj_Slave.elf.dir/Core/Src/hallway_buttons.c.obj
 .ARM.attributes
                0x00000000       0x34 CMakeFiles/Embedded_finalProj_Slave.elf.dir/Core/Src/hallway_buttons.c.obj
 .text          0x00000000        0x0 CMakeFiles/Embedded_finalProj_Slave.elf.dir/Core/Src/ipc.c.obj
 .data          0x00000000        0x0 CMakeFiles/Embedded_finalProj_Slave.elf.dir/Core/Src/ipc.c.obj
 .bss           0x00000000        0x0 CMakeFiles/Embedded_finalProj_Slave.elf.dir/Core/Src/ipc.c.obj
 .text.IPC_DecodeFrame
                0x00000000       0x74 CMakeFiles/Embedded_finalProj_Slave.elf.dir/Core/Src/ipc.c.obj
 .text          0x00000000        0x0 CMakeFiles/Embedded_finalProj_Slave.elf.dir/Core/Src/main.c.obj
 .data          0x00000000        0x0 CMakeFiles/Embedded_finalProj_Slave.elf.dir/Core/Src/main.c.obj
 .bss           0x00000000        0x0 CMakeFiles/Embedded_finalProj_Slave.elf.dir/Core/Src/main.c.obj
 .text          0x00000000        0x0 CMakeFiles/Embedded_finalProj_Slave.elf.dir/Core/Src/pwm.c.obj
 .data          0x00000000        0x0 CMakeFiles/Embedded_finalProj_Slave.elf.dir/Core/Src/pwm.c.obj
 .bss           0x00000000        0x0 CMakeFiles/Embedded_finalProj_Slave.elf.dir/Core/Src/pwm.c.obj
 .text.Pwm_Stop
                0x00000000       0x50 CMakeFiles/Embedded_finalProj_Slave.elf.dir/Core/Src/pwm.c.obj
 .text          0x00000000        0x0 CMakeFiles/Embedded_finalProj_Slave.elf.dir/Core/Src/spi.c.obj
 .data          0x00000000        0x0 CMakeFiles/Embedded_finalProj_Slave.elf.dir/Core/Src/spi.c.obj
 .bss           0x00000000        0x0 CMakeFiles/Embedded_finalProj_Slave.elf.dir/Core/Src/spi.c.obj
 .text.Spi1_Init
                0x00000000      0x10c CMakeFiles/Embedded_finalProj_Slave.elf.dir/Core/Src/spi.c.obj
 .text.Spi1_CS_Select
                0x00000000       0x12 CMakeFiles/Embedded_finalProj_Slave.elf.dir/Core/Src/spi.c.obj
 .text.Spi1_CS_Release
                0x00000000       0x12 CMakeFiles/Embedded_finalProj_Slave.elf.dir/Core/Src/spi.c.obj
 .debug_info    0x00000000      0x2f1 CMakeFiles/Embedded_finalProj_Slave.elf.dir/Core/Src/spi.c.obj
 .debug_abbrev  0x00000000      0x14e CMakeFiles/Embedded_finalProj_Slave.elf.dir/Core/Src/spi.c.obj
 .debug_aranges
                0x00000000       0x30 CMakeFiles/Embedded_finalProj_Slave.elf.dir/Core/Src/spi.c.obj
 .debug_rnglists
                0x00000000       0x20 CMakeFiles/Embedded_finalProj_Slave.elf.dir/Core/Src/spi.c.obj
 .debug_line    0x00000000      0x158 CMakeFiles/Embedded_finalProj_Slave.elf.dir/Core/Src/spi.c.obj
 .debug_str     0x00000000      0x29d CMakeFiles/Embedded_finalProj_Slave.elf.dir/Core/Src/spi.c.obj
 .comment       0x00000000       0x47 CMakeFiles/Embedded_finalProj_Slave.elf.dir/Core/Src/spi.c.obj
 .debug_frame   0x00000000       0x6c CMakeFiles/Embedded_finalProj_Slave.elf.dir/Core/Src/spi.c.obj
 .ARM.attributes
                0x00000000       0x34 CMakeFiles/Embedded_finalProj_Slave.elf.dir/Core/Src/spi.c.obj
 .text          0x00000000        0x0 CMakeFiles/Embedded_finalProj_Slave.elf.dir/Core/Src/spi_it.c.obj
 .data          0x00000000        0x0 CMakeFiles/Embedded_finalProj_Slave.elf.dir/Core/Src/spi_it.c.obj
 .bss           0x00000000        0x0 CMakeFiles/Embedded_finalProj_Slave.elf.dir/Core/Src/spi_it.c.obj
 .text          0x00000000        0x0 CMakeFiles/Embedded_finalProj_Slave.elf.dir/Core/Src/syscalls.c.obj
 .data          0x00000000        0x0 CMakeFiles/Embedded_finalProj_Slave.elf.dir/Core/Src/syscalls.c.obj
 .bss           0x00000000        0x0 CMakeFiles/Embedded_finalProj_Slave.elf.dir/Core/Src/syscalls.c.obj
 .text._exit    0x00000000        0xc CMakeFiles/Embedded_finalProj_Slave.elf.dir/Core/Src/syscalls.c.obj
 .text._kill    0x00000000       0x20 CMakeFiles/Embedded_finalProj_Slave.elf.dir/Core/Src/syscalls.c.obj
 .text._getpid  0x00000000       0x10 CMakeFiles/Embedded_finalProj_Slave.elf.dir/Core/Src/syscalls.c.obj
 .debug_info    0x00000000       0xfa CMakeFiles/Embedded_finalProj_Slave.elf.dir/Core/Src/syscalls.c.obj
 .debug_abbrev  0x00000000       0xc0 CMakeFiles/Embedded_finalProj_Slave.elf.dir/Core/Src/syscalls.c.obj
 .debug_aranges
                0x00000000       0x30 CMakeFiles/Embedded_finalProj_Slave.elf.dir/Core/Src/syscalls.c.obj
 .debug_rnglists
                0x00000000       0x1f CMakeFiles/Embedded_finalProj_Slave.elf.dir/Core/Src/syscalls.c.obj
 .debug_line    0x00000000       0xf0 CMakeFiles/Embedded_finalProj_Slave.elf.dir/Core/Src/syscalls.c.obj
 .debug_str     0x00000000      0x1bf CMakeFiles/Embedded_finalProj_Slave.elf.dir/Core/Src/syscalls.c.obj
 .comment       0x00000000       0x47 CMakeFiles/Embedded_finalProj_Slave.elf.dir/Core/Src/syscalls.c.obj
 .debug_frame   0x00000000       0x70 CMakeFiles/Embedded_finalProj_Slave.elf.dir/Core/Src/syscalls.c.obj
 .ARM.attributes
                0x00000000       0x34 CMakeFiles/Embedded_finalProj_Slave.elf.dir/Core/Src/syscalls.c.obj
 .text          0x00000000        0x0 CMakeFiles/Embedded_finalProj_Slave.elf.dir/Core/Src/system_state.c.obj
 .data          0x00000000        0x0 CMakeFiles/Embedded_finalProj_Slave.elf.dir/Core/Src/system_state.c.obj
 .bss           0x00000000        0x0 CMakeFiles/Embedded_finalProj_Slave.elf.dir/Core/Src/system_state.c.obj
 .bss.SystemState
                0x00000000       0x1f CMakeFiles/Embedded_finalProj_Slave.elf.dir/Core/Src/system_state.c.obj
 .text          0x00000000        0x0 CMakeFiles/Embedded_finalProj_Slave.elf.dir/Core/Src/uart_dma.c.obj
 .data          0x00000000        0x0 CMakeFiles/Embedded_finalProj_Slave.elf.dir/Core/Src/uart_dma.c.obj
 .bss           0x00000000        0x0 CMakeFiles/Embedded_finalProj_Slave.elf.dir/Core/Src/uart_dma.c.obj
 .text          0x00000000       0x14 CMakeFiles/Embedded_finalProj_Slave.elf.dir/startup/STM32F4xx/STM32F401xE.s.obj
 .data          0x00000000        0x0 CMakeFiles/Embedded_finalProj_Slave.elf.dir/startup/STM32F4xx/STM32F401xE.s.obj
 .bss           0x00000000        0x0 CMakeFiles/Embedded_finalProj_Slave.elf.dir/startup/STM32F4xx/STM32F401xE.s.obj
 .text          0x00000000        0x0 C:/arm-gnu-toolchain/bin/../lib/gcc/arm-none-eabi/14.3.1/../../../../arm-none-eabi/lib/thumb/v7e-m+fp/hard\libg_nano.a(libc_a-exit.o)
 .data          0x00000000        0x0 C:/arm-gnu-toolchain/bin/../lib/gcc/arm-none-eabi/14.3.1/../../../../arm-none-eabi/lib/thumb/v7e-m+fp/hard\libg_nano.a(libc_a-exit.o)
 .bss           0x00000000        0x0 C:/arm-gnu-toolchain/bin/../lib/gcc/arm-none-eabi/14.3.1/../../../../arm-none-eabi/lib/thumb/v7e-m+fp/hard\libg_nano.a(libc_a-exit.o)
 .text.exit     0x00000000       0x24 C:/arm-gnu-toolchain/bin/../lib/gcc/arm-none-eabi/14.3.1/../../../../arm-none-eabi/lib/thumb/v7e-m+fp/hard\libg_nano.a(libc_a-exit.o)
 .debug_frame   0x00000000       0x28 C:/arm-gnu-toolchain/bin/../lib/gcc/arm-none-eabi/14.3.1/../../../../arm-none-eabi/lib/thumb/v7e-m+fp/hard\libg_nano.a(libc_a-exit.o)
 .ARM.attributes
                0x00000000       0x34 C:/arm-gnu-toolchain/bin/../lib/gcc/arm-none-eabi/14.3.1/../../../../arm-none-eabi/lib/thumb/v7e-m+fp/hard\libg_nano.a(libc_a-exit.o)
 .text          0x00000000        0x0 C:/arm-gnu-toolchain/bin/../lib/gcc/arm-none-eabi/14.3.1/../../../../arm-none-eabi/lib/thumb/v7e-m+fp/hard\libg_nano.a(libc_a-findfp.o)
 .data          0x00000000        0x0 C:/arm-gnu-toolchain/bin/../lib/gcc/arm-none-eabi/14.3.1/../../../../arm-none-eabi/lib/thumb/v7e-m+fp/hard\libg_nano.a(libc_a-findfp.o)
 .bss           0x00000000        0x0 C:/arm-gnu-toolchain/bin/../lib/gcc/arm-none-eabi/14.3.1/../../../../arm-none-eabi/lib/thumb/v7e-m+fp/hard\libg_nano.a(libc_a-findfp.o)
 .text.std      0x00000000       0x6c C:/arm-gnu-toolchain/bin/../lib/gcc/arm-none-eabi/14.3.1/../../../../arm-none-eabi/lib/thumb/v7e-m+fp/hard\libg_nano.a(libc_a-findfp.o)
 .text.stdio_exit_handler
                0x00000000       0x18 C:/arm-gnu-toolchain/bin/../lib/gcc/arm-none-eabi/14.3.1/../../../../arm-none-eabi/lib/thumb/v7e-m+fp/hard\libg_nano.a(libc_a-findfp.o)
 .text.cleanup_stdio
                0x00000000       0x40 C:/arm-gnu-toolchain/bin/../lib/gcc/arm-none-eabi/14.3.1/../../../../arm-none-eabi/lib/thumb/v7e-m+fp/hard\libg_nano.a(libc_a-findfp.o)
 .text.__fp_lock
                0x00000000       0x18 C:/arm-gnu-toolchain/bin/../lib/gcc/arm-none-eabi/14.3.1/../../../../arm-none-eabi/lib/thumb/v7e-m+fp/hard\libg_nano.a(libc_a-findfp.o)
 .text.__fp_unlock
                0x00000000       0x18 C:/arm-gnu-toolchain/bin/../lib/gcc/arm-none-eabi/14.3.1/../../../../arm-none-eabi/lib/thumb/v7e-m+fp/hard\libg_nano.a(libc_a-findfp.o)
 .text.global_stdio_init.part.0
                0x00000000       0x40 C:/arm-gnu-toolchain/bin/../lib/gcc/arm-none-eabi/14.3.1/../../../../arm-none-eabi/lib/thumb/v7e-m+fp/hard\libg_nano.a(libc_a-findfp.o)
 .text.__sfp_lock_acquire
                0x00000000        0xc C:/arm-gnu-toolchain/bin/../lib/gcc/arm-none-eabi/14.3.1/../../../../arm-none-eabi/lib/thumb/v7e-m+fp/hard\libg_nano.a(libc_a-findfp.o)
 .text.__sfp_lock_release
                0x00000000        0xc C:/arm-gnu-toolchain/bin/../lib/gcc/arm-none-eabi/14.3.1/../../../../arm-none-eabi/lib/thumb/v7e-m+fp/hard\libg_nano.a(libc_a-findfp.o)
 .text.__sfp    0x00000000       0xa4 C:/arm-gnu-toolchain/bin/../lib/gcc/arm-none-eabi/14.3.1/../../../../arm-none-eabi/lib/thumb/v7e-m+fp/hard\libg_nano.a(libc_a-findfp.o)
 .text.__sinit  0x00000000       0x30 C:/arm-gnu-toolchain/bin/../lib/gcc/arm-none-eabi/14.3.1/../../../../arm-none-eabi/lib/thumb/v7e-m+fp/hard\libg_nano.a(libc_a-findfp.o)
 .text.__fp_lock_all
                0x00000000       0x1c C:/arm-gnu-toolchain/bin/../lib/gcc/arm-none-eabi/14.3.1/../../../../arm-none-eabi/lib/thumb/v7e-m+fp/hard\libg_nano.a(libc_a-findfp.o)
 .text.__fp_unlock_all
                0x00000000       0x1c C:/arm-gnu-toolchain/bin/../lib/gcc/arm-none-eabi/14.3.1/../../../../arm-none-eabi/lib/thumb/v7e-m+fp/hard\libg_nano.a(libc_a-findfp.o)
 .data.__sglue  0x00000000        0xc C:/arm-gnu-toolchain/bin/../lib/gcc/arm-none-eabi/14.3.1/../../../../arm-none-eabi/lib/thumb/v7e-m+fp/hard\libg_nano.a(libc_a-findfp.o)
 .bss.__sf      0x00000000      0x138 C:/arm-gnu-toolchain/bin/../lib/gcc/arm-none-eabi/14.3.1/../../../../arm-none-eabi/lib/thumb/v7e-m+fp/hard\libg_nano.a(libc_a-findfp.o)
 .bss.__stdio_exit_handler
                0x00000000        0x4 C:/arm-gnu-toolchain/bin/../lib/gcc/arm-none-eabi/14.3.1/../../../../arm-none-eabi/lib/thumb/v7e-m+fp/hard\libg_nano.a(libc_a-findfp.o)
 .debug_frame   0x00000000      0x144 C:/arm-gnu-toolchain/bin/../lib/gcc/arm-none-eabi/14.3.1/../../../../arm-none-eabi/lib/thumb/v7e-m+fp/hard\libg_nano.a(libc_a-findfp.o)
 .ARM.attributes
                0x00000000       0x34 C:/arm-gnu-toolchain/bin/../lib/gcc/arm-none-eabi/14.3.1/../../../../arm-none-eabi/lib/thumb/v7e-m+fp/hard\libg_nano.a(libc_a-findfp.o)
 .text          0x00000000        0x0 C:/arm-gnu-toolchain/bin/../lib/gcc/arm-none-eabi/14.3.1/../../../../arm-none-eabi/lib/thumb/v7e-m+fp/hard\libg_nano.a(libc_a-fwalk.o)
 .data          0x00000000        0x0 C:/arm-gnu-toolchain/bin/../lib/gcc/arm-none-eabi/14.3.1/../../../../arm-none-eabi/lib/thumb/v7e-m+fp/hard\libg_nano.a(libc_a-fwalk.o)
 .bss           0x00000000        0x0 C:/arm-gnu-toolchain/bin/../lib/gcc/arm-none-eabi/14.3.1/../../../../arm-none-eabi/lib/thumb/v7e-m+fp/hard\libg_nano.a(libc_a-fwalk.o)
 .text._fwalk_sglue
                0x00000000       0x3c C:/arm-gnu-toolchain/bin/../lib/gcc/arm-none-eabi/14.3.1/../../../../arm-none-eabi/lib/thumb/v7e-m+fp/hard\libg_nano.a(libc_a-fwalk.o)
 .debug_frame   0x00000000       0x34 C:/arm-gnu-toolchain/bin/../lib/gcc/arm-none-eabi/14.3.1/../../../../arm-none-eabi/lib/thumb/v7e-m+fp/hard\libg_nano.a(libc_a-fwalk.o)
 .ARM.attributes
                0x00000000       0x34 C:/arm-gnu-toolchain/bin/../lib/gcc/arm-none-eabi/14.3.1/../../../../arm-none-eabi/lib/thumb/v7e-m+fp/hard\libg_nano.a(libc_a-fwalk.o)
 .text          0x00000000        0x0 C:/arm-gnu-toolchain/bin/../lib/gcc/arm-none-eabi/14.3.1/../../../../arm-none-eabi/lib/thumb/v7e-m+fp/hard\libg_nano.a(libc_a-stdio.o)
 .data          0x00000000        0x0 C:/arm-gnu-toolchain/bin/../lib/gcc/arm-none-eabi/14.3.1/../../../../arm-none-eabi/lib/thumb/v7e-m+fp/hard\libg_nano.a(libc_a-stdio.o)
 .bss           0x00000000        0x0 C:/arm-gnu-toolchain/bin/../lib/gcc/arm-none-eabi/14.3.1/../../../../arm-none-eabi/lib/thumb/v7e-m+fp/hard\libg_nano.a(libc_a-stdio.o)
 .text.__sread  0x00000000       0x22 C:/arm-gnu-toolchain/bin/../lib/gcc/arm-none-eabi/14.3.1/../../../../arm-none-eabi/lib/thumb/v7e-m+fp/hard\libg_nano.a(libc_a-stdio.o)
 .text.__seofread
                0x00000000        0x4 C:/arm-gnu-toolchain/bin/../lib/gcc/arm-none-eabi/14.3.1/../../../../arm-none-eabi/lib/thumb/v7e-m+fp/hard\libg_nano.a(libc_a-stdio.o)
 .text.__swrite
                0x00000000       0x38 C:/arm-gnu-toolchain/bin/../lib/gcc/arm-none-eabi/14.3.1/../../../../arm-none-eabi/lib/thumb/v7e-m+fp/hard\libg_nano.a(libc_a-stdio.o)
 .text.__sseek  0x00000000       0x26 C:/arm-gnu-toolchain/bin/../lib/gcc/arm-none-eabi/14.3.1/../../../../arm-none-eabi/lib/thumb/v7e-m+fp/hard\libg_nano.a(libc_a-stdio.o)
 .text.__sclose
                0x00000000        0x8 C:/arm-gnu-toolchain/bin/../lib/gcc/arm-none-eabi/14.3.1/../../../../arm-none-eabi/lib/thumb/v7e-m+fp/hard\libg_nano.a(libc_a-stdio.o)
 .debug_frame   0x00000000       0x88 C:/arm-gnu-toolchain/bin/../lib/gcc/arm-none-eabi/14.3.1/../../../../arm-none-eabi/lib/thumb/v7e-m+fp/hard\libg_nano.a(libc_a-stdio.o)
 .ARM.attributes
                0x00000000       0x34 C:/arm-gnu-toolchain/bin/../lib/gcc/arm-none-eabi/14.3.1/../../../../arm-none-eabi/lib/thumb/v7e-m+fp/hard\libg_nano.a(libc_a-stdio.o)
 .text          0x00000000        0x0 C:/arm-gnu-toolchain/bin/../lib/gcc/arm-none-eabi/14.3.1/../../../../arm-none-eabi/lib/thumb/v7e-m+fp/hard\libg_nano.a(libc_a-memset.o)
 .data          0x00000000        0x0 C:/arm-gnu-toolchain/bin/../lib/gcc/arm-none-eabi/14.3.1/../../../../arm-none-eabi/lib/thumb/v7e-m+fp/hard\libg_nano.a(libc_a-memset.o)
 .bss           0x00000000        0x0 C:/arm-gnu-toolchain/bin/../lib/gcc/arm-none-eabi/14.3.1/../../../../arm-none-eabi/lib/thumb/v7e-m+fp/hard\libg_nano.a(libc_a-memset.o)
 .text.memset   0x00000000       0x10 C:/arm-gnu-toolchain/bin/../lib/gcc/arm-none-eabi/14.3.1/../../../../arm-none-eabi/lib/thumb/v7e-m+fp/hard\libg_nano.a(libc_a-memset.o)
 .debug_frame   0x00000000       0x20 C:/arm-gnu-toolchain/bin/../lib/gcc/arm-none-eabi/14.3.1/../../../../arm-none-eabi/lib/thumb/v7e-m+fp/hard\libg_nano.a(libc_a-memset.o)
 .ARM.attributes
                0x00000000       0x34 C:/arm-gnu-toolchain/bin/../lib/gcc/arm-none-eabi/14.3.1/../../../../arm-none-eabi/lib/thumb/v7e-m+fp/hard\libg_nano.a(libc_a-memset.o)
 .text          0x00000000        0x0 C:/arm-gnu-toolchain/bin/../lib/gcc/arm-none-eabi/14.3.1/../../../../arm-none-eabi/lib/thumb/v7e-m+fp/hard\libg_nano.a(libc_a-closer.o)
 .data          0x00000000        0x0 C:/arm-gnu-toolchain/bin/../lib/gcc/arm-none-eabi/14.3.1/../../../../arm-none-eabi/lib/thumb/v7e-m+fp/hard\libg_nano.a(libc_a-closer.o)
 .bss           0x00000000        0x0 C:/arm-gnu-toolchain/bin/../lib/gcc/arm-none-eabi/14.3.1/../../../../arm-none-eabi/lib/thumb/v7e-m+fp/hard\libg_nano.a(libc_a-closer.o)
 .text._close_r
                0x00000000       0x20 C:/arm-gnu-toolchain/bin/../lib/gcc/arm-none-eabi/14.3.1/../../../../arm-none-eabi/lib/thumb/v7e-m+fp/hard\libg_nano.a(libc_a-closer.o)
 .debug_frame   0x00000000       0x2c C:/arm-gnu-toolchain/bin/../lib/gcc/arm-none-eabi/14.3.1/../../../../arm-none-eabi/lib/thumb/v7e-m+fp/hard\libg_nano.a(libc_a-closer.o)
 .ARM.attributes
                0x00000000       0x34 C:/arm-gnu-toolchain/bin/../lib/gcc/arm-none-eabi/14.3.1/../../../../arm-none-eabi/lib/thumb/v7e-m+fp/hard\libg_nano.a(libc_a-closer.o)
 .text          0x00000000        0x0 C:/arm-gnu-toolchain/bin/../lib/gcc/arm-none-eabi/14.3.1/../../../../arm-none-eabi/lib/thumb/v7e-m+fp/hard\libg_nano.a(libc_a-reent.o)
 .data          0x00000000        0x0 C:/arm-gnu-toolchain/bin/../lib/gcc/arm-none-eabi/14.3.1/../../../../arm-none-eabi/lib/thumb/v7e-m+fp/hard\libg_nano.a(libc_a-reent.o)
 .bss           0x00000000        0x0 C:/arm-gnu-toolchain/bin/../lib/gcc/arm-none-eabi/14.3.1/../../../../arm-none-eabi/lib/thumb/v7e-m+fp/hard\libg_nano.a(libc_a-reent.o)
 .text._reclaim_reent
                0x00000000       0xbc C:/arm-gnu-toolchain/bin/../lib/gcc/arm-none-eabi/14.3.1/../../../../arm-none-eabi/lib/thumb/v7e-m+fp/hard\libg_nano.a(libc_a-reent.o)
 .bss.errno     0x00000000        0x4 C:/arm-gnu-toolchain/bin/../lib/gcc/arm-none-eabi/14.3.1/../../../../arm-none-eabi/lib/thumb/v7e-m+fp/hard\libg_nano.a(libc_a-reent.o)
 .debug_frame   0x00000000       0x38 C:/arm-gnu-toolchain/bin/../lib/gcc/arm-none-eabi/14.3.1/../../../../arm-none-eabi/lib/thumb/v7e-m+fp/hard\libg_nano.a(libc_a-reent.o)
 .ARM.attributes
                0x00000000       0x34 C:/arm-gnu-toolchain/bin/../lib/gcc/arm-none-eabi/14.3.1/../../../../arm-none-eabi/lib/thumb/v7e-m+fp/hard\libg_nano.a(libc_a-reent.o)
 .text          0x00000000        0x0 C:/arm-gnu-toolchain/bin/../lib/gcc/arm-none-eabi/14.3.1/../../../../arm-none-eabi/lib/thumb/v7e-m+fp/hard\libg_nano.a(libc_a-impure.o)
 .data          0x00000000        0x0 C:/arm-gnu-toolchain/bin/../lib/gcc/arm-none-eabi/14.3.1/../../../../arm-none-eabi/lib/thumb/v7e-m+fp/hard\libg_nano.a(libc_a-impure.o)
 .bss           0x00000000        0x0 C:/arm-gnu-toolchain/bin/../lib/gcc/arm-none-eabi/14.3.1/../../../../arm-none-eabi/lib/thumb/v7e-m+fp/hard\libg_nano.a(libc_a-impure.o)
 .data._impure_ptr
                0x00000000        0x4 C:/arm-gnu-toolchain/bin/../lib/gcc/arm-none-eabi/14.3.1/../../../../arm-none-eabi/lib/thumb/v7e-m+fp/hard\libg_nano.a(libc_a-impure.o)
 .data._impure_data
                0x00000000       0x4c C:/arm-gnu-toolchain/bin/../lib/gcc/arm-none-eabi/14.3.1/../../../../arm-none-eabi/lib/thumb/v7e-m+fp/hard\libg_nano.a(libc_a-impure.o)
 .ARM.attributes
                0x00000000       0x34 C:/arm-gnu-toolchain/bin/../lib/gcc/arm-none-eabi/14.3.1/../../../../arm-none-eabi/lib/thumb/v7e-m+fp/hard\libg_nano.a(libc_a-impure.o)
 .text          0x00000000        0x0 C:/arm-gnu-toolchain/bin/../lib/gcc/arm-none-eabi/14.3.1/../../../../arm-none-eabi/lib/thumb/v7e-m+fp/hard\libg_nano.a(libc_a-lseekr.o)
 .data          0x00000000        0x0 C:/arm-gnu-toolchain/bin/../lib/gcc/arm-none-eabi/14.3.1/../../../../arm-none-eabi/lib/thumb/v7e-m+fp/hard\libg_nano.a(libc_a-lseekr.o)
 .bss           0x00000000        0x0 C:/arm-gnu-toolchain/bin/../lib/gcc/arm-none-eabi/14.3.1/../../../../arm-none-eabi/lib/thumb/v7e-m+fp/hard\libg_nano.a(libc_a-lseekr.o)
 .text._lseek_r
                0x00000000       0x24 C:/arm-gnu-toolchain/bin/../lib/gcc/arm-none-eabi/14.3.1/../../../../arm-none-eabi/lib/thumb/v7e-m+fp/hard\libg_nano.a(libc_a-lseekr.o)
 .debug_frame   0x00000000       0x2c C:/arm-gnu-toolchain/bin/../lib/gcc/arm-none-eabi/14.3.1/../../../../arm-none-eabi/lib/thumb/v7e-m+fp/hard\libg_nano.a(libc_a-lseekr.o)
 .ARM.attributes
                0x00000000       0x34 C:/arm-gnu-toolchain/bin/../lib/gcc/arm-none-eabi/14.3.1/../../../../arm-none-eabi/lib/thumb/v7e-m+fp/hard\libg_nano.a(libc_a-lseekr.o)
 .text          0x00000000        0x0 C:/arm-gnu-toolchain/bin/../lib/gcc/arm-none-eabi/14.3.1/../../../../arm-none-eabi/lib/thumb/v7e-m+fp/hard\libg_nano.a(libc_a-readr.o)
 .data          0x00000000        0x0 C:/arm-gnu-toolchain/bin/../lib/gcc/arm-none-eabi/14.3.1/../../../../arm-none-eabi/lib/thumb/v7e-m+fp/hard\libg_nano.a(libc_a-readr.o)
 .bss           0x00000000        0x0 C:/arm-gnu-toolchain/bin/../lib/gcc/arm-none-eabi/14.3.1/../../../../arm-none-eabi/lib/thumb/v7e-m+fp/hard\libg_nano.a(libc_a-readr.o)
 .text._read_r  0x00000000       0x24 C:/arm-gnu-toolchain/bin/../lib/gcc/arm-none-eabi/14.3.1/../../../../arm-none-eabi/lib/thumb/v7e-m+fp/hard\libg_nano.a(libc_a-readr.o)
 .debug_frame   0x00000000       0x2c C:/arm-gnu-toolchain/bin/../lib/gcc/arm-none-eabi/14.3.1/../../../../arm-none-eabi/lib/thumb/v7e-m+fp/hard\libg_nano.a(libc_a-readr.o)
 .ARM.attributes
                0x00000000       0x34 C:/arm-gnu-toolchain/bin/../lib/gcc/arm-none-eabi/14.3.1/../../../../arm-none-eabi/lib/thumb/v7e-m+fp/hard\libg_nano.a(libc_a-readr.o)
 .text          0x00000000        0x0 C:/arm-gnu-toolchain/bin/../lib/gcc/arm-none-eabi/14.3.1/../../../../arm-none-eabi/lib/thumb/v7e-m+fp/hard\libg_nano.a(libc_a-writer.o)
 .data          0x00000000        0x0 C:/arm-gnu-toolchain/bin/../lib/gcc/arm-none-eabi/14.3.1/../../../../arm-none-eabi/lib/thumb/v7e-m+fp/hard\libg_nano.a(libc_a-writer.o)
 .bss           0x00000000        0x0 C:/arm-gnu-toolchain/bin/../lib/gcc/arm-none-eabi/14.3.1/../../../../arm-none-eabi/lib/thumb/v7e-m+fp/hard\libg_nano.a(libc_a-writer.o)
 .text._write_r
                0x00000000       0x24 C:/arm-gnu-toolchain/bin/../lib/gcc/arm-none-eabi/14.3.1/../../../../arm-none-eabi/lib/thumb/v7e-m+fp/hard\libg_nano.a(libc_a-writer.o)
 .debug_frame   0x00000000       0x2c C:/arm-gnu-toolchain/bin/../lib/gcc/arm-none-eabi/14.3.1/../../../../arm-none-eabi/lib/thumb/v7e-m+fp/hard\libg_nano.a(libc_a-writer.o)
 .ARM.attributes
                0x00000000       0x34 C:/arm-gnu-toolchain/bin/../lib/gcc/arm-none-eabi/14.3.1/../../../../arm-none-eabi/lib/thumb/v7e-m+fp/hard\libg_nano.a(libc_a-writer.o)
 .text          0x00000000        0x0 C:/arm-gnu-toolchain/bin/../lib/gcc/arm-none-eabi/14.3.1/../../../../arm-none-eabi/lib/thumb/v7e-m+fp/hard\libg_nano.a(libc_a-errno.o)
 .data          0x00000000        0x0 C:/arm-gnu-toolchain/bin/../lib/gcc/arm-none-eabi/14.3.1/../../../../arm-none-eabi/lib/thumb/v7e-m+fp/hard\libg_nano.a(libc_a-errno.o)
 .bss           0x00000000        0x0 C:/arm-gnu-toolchain/bin/../lib/gcc/arm-none-eabi/14.3.1/../../../../arm-none-eabi/lib/thumb/v7e-m+fp/hard\libg_nano.a(libc_a-errno.o)
 .text.__errno  0x00000000        0xc C:/arm-gnu-toolchain/bin/../lib/gcc/arm-none-eabi/14.3.1/../../../../arm-none-eabi/lib/thumb/v7e-m+fp/hard\libg_nano.a(libc_a-errno.o)
 .debug_frame   0x00000000       0x20 C:/arm-gnu-toolchain/bin/../lib/gcc/arm-none-eabi/14.3.1/../../../../arm-none-eabi/lib/thumb/v7e-m+fp/hard\libg_nano.a(libc_a-errno.o)
 .ARM.attributes
                0x00000000       0x34 C:/arm-gnu-toolchain/bin/../lib/gcc/arm-none-eabi/14.3.1/../../../../arm-none-eabi/lib/thumb/v7e-m+fp/hard\libg_nano.a(libc_a-errno.o)
 .text          0x00000000        0x0 C:/arm-gnu-toolchain/bin/../lib/gcc/arm-none-eabi/14.3.1/../../../../arm-none-eabi/lib/thumb/v7e-m+fp/hard\libg_nano.a(libc_a-init.o)
 .data          0x00000000        0x0 C:/arm-gnu-toolchain/bin/../lib/gcc/arm-none-eabi/14.3.1/../../../../arm-none-eabi/lib/thumb/v7e-m+fp/hard\libg_nano.a(libc_a-init.o)
 .bss           0x00000000        0x0 C:/arm-gnu-toolchain/bin/../lib/gcc/arm-none-eabi/14.3.1/../../../../arm-none-eabi/lib/thumb/v7e-m+fp/hard\libg_nano.a(libc_a-init.o)
 .text          0x00000000        0x0 C:/arm-gnu-toolchain/bin/../lib/gcc/arm-none-eabi/14.3.1/../../../../arm-none-eabi/lib/thumb/v7e-m+fp/hard\libg_nano.a(libc_a-lock.o)
 .data          0x00000000        0x0 C:/arm-gnu-toolchain/bin/../lib/gcc/arm-none-eabi/14.3.1/../../../../arm-none-eabi/lib/thumb/v7e-m+fp/hard\libg_nano.a(libc_a-lock.o)
 .bss           0x00000000        0x0 C:/arm-gnu-toolchain/bin/../lib/gcc/arm-none-eabi/14.3.1/../../../../arm-none-eabi/lib/thumb/v7e-m+fp/hard\libg_nano.a(libc_a-lock.o)
 .text.__retarget_lock_init
                0x00000000        0x2 C:/arm-gnu-toolchain/bin/../lib/gcc/arm-none-eabi/14.3.1/../../../../arm-none-eabi/lib/thumb/v7e-m+fp/hard\libg_nano.a(libc_a-lock.o)
 .text.__retarget_lock_init_recursive
                0x00000000        0x2 C:/arm-gnu-toolchain/bin/../lib/gcc/arm-none-eabi/14.3.1/../../../../arm-none-eabi/lib/thumb/v7e-m+fp/hard\libg_nano.a(libc_a-lock.o)
 .text.__retarget_lock_close
                0x00000000        0x2 C:/arm-gnu-toolchain/bin/../lib/gcc/arm-none-eabi/14.3.1/../../../../arm-none-eabi/lib/thumb/v7e-m+fp/hard\libg_nano.a(libc_a-lock.o)
 .text.__retarget_lock_close_recursive
                0x00000000        0x2 C:/arm-gnu-toolchain/bin/../lib/gcc/arm-none-eabi/14.3.1/../../../../arm-none-eabi/lib/thumb/v7e-m+fp/hard\libg_nano.a(libc_a-lock.o)
 .text.__retarget_lock_acquire
                0x00000000        0x2 C:/arm-gnu-toolchain/bin/../lib/gcc/arm-none-eabi/14.3.1/../../../../arm-none-eabi/lib/thumb/v7e-m+fp/hard\libg_nano.a(libc_a-lock.o)
 .text.__retarget_lock_acquire_recursive
                0x00000000        0x2 C:/arm-gnu-toolchain/bin/../lib/gcc/arm-none-eabi/14.3.1/../../../../arm-none-eabi/lib/thumb/v7e-m+fp/hard\libg_nano.a(libc_a-lock.o)
 .text.__retarget_lock_try_acquire
                0x00000000        0x4 C:/arm-gnu-toolchain/bin/../lib/gcc/arm-none-eabi/14.3.1/../../../../arm-none-eabi/lib/thumb/v7e-m+fp/hard\libg_nano.a(libc_a-lock.o)
 .text.__retarget_lock_try_acquire_recursive
                0x00000000        0x4 C:/arm-gnu-toolchain/bin/../lib/gcc/arm-none-eabi/14.3.1/../../../../arm-none-eabi/lib/thumb/v7e-m+fp/hard\libg_nano.a(libc_a-lock.o)
 .text.__retarget_lock_release
                0x00000000        0x2 C:/arm-gnu-toolchain/bin/../lib/gcc/arm-none-eabi/14.3.1/../../../../arm-none-eabi/lib/thumb/v7e-m+fp/hard\libg_nano.a(libc_a-lock.o)
 .text.__retarget_lock_release_recursive
                0x00000000        0x2 C:/arm-gnu-toolchain/bin/../lib/gcc/arm-none-eabi/14.3.1/../../../../arm-none-eabi/lib/thumb/v7e-m+fp/hard\libg_nano.a(libc_a-lock.o)
 .bss.__lock___arc4random_mutex
                0x00000000        0x1 C:/arm-gnu-toolchain/bin/../lib/gcc/arm-none-eabi/14.3.1/../../../../arm-none-eabi/lib/thumb/v7e-m+fp/hard\libg_nano.a(libc_a-lock.o)
 .bss.__lock___dd_hash_mutex
                0x00000000        0x1 C:/arm-gnu-toolchain/bin/../lib/gcc/arm-none-eabi/14.3.1/../../../../arm-none-eabi/lib/thumb/v7e-m+fp/hard\libg_nano.a(libc_a-lock.o)
 .bss.__lock___tz_mutex
                0x00000000        0x1 C:/arm-gnu-toolchain/bin/../lib/gcc/arm-none-eabi/14.3.1/../../../../arm-none-eabi/lib/thumb/v7e-m+fp/hard\libg_nano.a(libc_a-lock.o)
 .bss.__lock___env_recursive_mutex
                0x00000000        0x1 C:/arm-gnu-toolchain/bin/../lib/gcc/arm-none-eabi/14.3.1/../../../../arm-none-eabi/lib/thumb/v7e-m+fp/hard\libg_nano.a(libc_a-lock.o)
 .bss.__lock___malloc_recursive_mutex
                0x00000000        0x1 C:/arm-gnu-toolchain/bin/../lib/gcc/arm-none-eabi/14.3.1/../../../../arm-none-eabi/lib/thumb/v7e-m+fp/hard\libg_nano.a(libc_a-lock.o)
 .bss.__lock___at_quick_exit_mutex
                0x00000000        0x1 C:/arm-gnu-toolchain/bin/../lib/gcc/arm-none-eabi/14.3.1/../../../../arm-none-eabi/lib/thumb/v7e-m+fp/hard\libg_nano.a(libc_a-lock.o)
 .bss.__lock___atexit_recursive_mutex
                0x00000000        0x1 C:/arm-gnu-toolchain/bin/../lib/gcc/arm-none-eabi/14.3.1/../../../../arm-none-eabi/lib/thumb/v7e-m+fp/hard\libg_nano.a(libc_a-lock.o)
 .bss.__lock___sfp_recursive_mutex
                0x00000000        0x1 C:/arm-gnu-toolchain/bin/../lib/gcc/arm-none-eabi/14.3.1/../../../../arm-none-eabi/lib/thumb/v7e-m+fp/hard\libg_nano.a(libc_a-lock.o)
 .debug_frame   0x00000000       0xb0 C:/arm-gnu-toolchain/bin/../lib/gcc/arm-none-eabi/14.3.1/../../../../arm-none-eabi/lib/thumb/v7e-m+fp/hard\libg_nano.a(libc_a-lock.o)
 .ARM.attributes
                0x00000000       0x34 C:/arm-gnu-toolchain/bin/../lib/gcc/arm-none-eabi/14.3.1/../../../../arm-none-eabi/lib/thumb/v7e-m+fp/hard\libg_nano.a(libc_a-lock.o)
 .text          0x00000000        0x0 C:/arm-gnu-toolchain/bin/../lib/gcc/arm-none-eabi/14.3.1/../../../../arm-none-eabi/lib/thumb/v7e-m+fp/hard\libg_nano.a(libc_a-freer.o)
 .data          0x00000000        0x0 C:/arm-gnu-toolchain/bin/../lib/gcc/arm-none-eabi/14.3.1/../../../../arm-none-eabi/lib/thumb/v7e-m+fp/hard\libg_nano.a(libc_a-freer.o)
 .bss           0x00000000        0x0 C:/arm-gnu-toolchain/bin/../lib/gcc/arm-none-eabi/14.3.1/../../../../arm-none-eabi/lib/thumb/v7e-m+fp/hard\libg_nano.a(libc_a-freer.o)
 .text._free_r  0x00000000       0x94 C:/arm-gnu-toolchain/bin/../lib/gcc/arm-none-eabi/14.3.1/../../../../arm-none-eabi/lib/thumb/v7e-m+fp/hard\libg_nano.a(libc_a-freer.o)
 .debug_frame   0x00000000       0x38 C:/arm-gnu-toolchain/bin/../lib/gcc/arm-none-eabi/14.3.1/../../../../arm-none-eabi/lib/thumb/v7e-m+fp/hard\libg_nano.a(libc_a-freer.o)
 .ARM.attributes
                0x00000000       0x34 C:/arm-gnu-toolchain/bin/../lib/gcc/arm-none-eabi/14.3.1/../../../../arm-none-eabi/lib/thumb/v7e-m+fp/hard\libg_nano.a(libc_a-freer.o)
 .text          0x00000000        0x0 C:/arm-gnu-toolchain/bin/../lib/gcc/arm-none-eabi/14.3.1/../../../../arm-none-eabi/lib/thumb/v7e-m+fp/hard\libg_nano.a(libc_a-mallocr.o)
 .data          0x00000000        0x0 C:/arm-gnu-toolchain/bin/../lib/gcc/arm-none-eabi/14.3.1/../../../../arm-none-eabi/lib/thumb/v7e-m+fp/hard\libg_nano.a(libc_a-mallocr.o)
 .bss           0x00000000        0x0 C:/arm-gnu-toolchain/bin/../lib/gcc/arm-none-eabi/14.3.1/../../../../arm-none-eabi/lib/thumb/v7e-m+fp/hard\libg_nano.a(libc_a-mallocr.o)
 .text.sbrk_aligned
                0x00000000       0x44 C:/arm-gnu-toolchain/bin/../lib/gcc/arm-none-eabi/14.3.1/../../../../arm-none-eabi/lib/thumb/v7e-m+fp/hard\libg_nano.a(libc_a-mallocr.o)
 .text._malloc_r
                0x00000000      0x100 C:/arm-gnu-toolchain/bin/../lib/gcc/arm-none-eabi/14.3.1/../../../../arm-none-eabi/lib/thumb/v7e-m+fp/hard\libg_nano.a(libc_a-mallocr.o)
 .bss.__malloc_sbrk_start
                0x00000000        0x4 C:/arm-gnu-toolchain/bin/../lib/gcc/arm-none-eabi/14.3.1/../../../../arm-none-eabi/lib/thumb/v7e-m+fp/hard\libg_nano.a(libc_a-mallocr.o)
 .bss.__malloc_free_list
                0x00000000        0x4 C:/arm-gnu-toolchain/bin/../lib/gcc/arm-none-eabi/14.3.1/../../../../arm-none-eabi/lib/thumb/v7e-m+fp/hard\libg_nano.a(libc_a-mallocr.o)
 .debug_frame   0x00000000       0x50 C:/arm-gnu-toolchain/bin/../lib/gcc/arm-none-eabi/14.3.1/../../../../arm-none-eabi/lib/thumb/v7e-m+fp/hard\libg_nano.a(libc_a-mallocr.o)
 .ARM.attributes
                0x00000000       0x34 C:/arm-gnu-toolchain/bin/../lib/gcc/arm-none-eabi/14.3.1/../../../../arm-none-eabi/lib/thumb/v7e-m+fp/hard\libg_nano.a(libc_a-mallocr.o)
 .text          0x00000000        0x0 C:/arm-gnu-toolchain/bin/../lib/gcc/arm-none-eabi/14.3.1/../../../../arm-none-eabi/lib/thumb/v7e-m+fp/hard\libg_nano.a(libc_a-mlock.o)
 .data          0x00000000        0x0 C:/arm-gnu-toolchain/bin/../lib/gcc/arm-none-eabi/14.3.1/../../../../arm-none-eabi/lib/thumb/v7e-m+fp/hard\libg_nano.a(libc_a-mlock.o)
 .bss           0x00000000        0x0 C:/arm-gnu-toolchain/bin/../lib/gcc/arm-none-eabi/14.3.1/../../../../arm-none-eabi/lib/thumb/v7e-m+fp/hard\libg_nano.a(libc_a-mlock.o)
 .text.__malloc_lock
                0x00000000        0xc C:/arm-gnu-toolchain/bin/../lib/gcc/arm-none-eabi/14.3.1/../../../../arm-none-eabi/lib/thumb/v7e-m+fp/hard\libg_nano.a(libc_a-mlock.o)
 .text.__malloc_unlock
                0x00000000        0xc C:/arm-gnu-toolchain/bin/../lib/gcc/arm-none-eabi/14.3.1/../../../../arm-none-eabi/lib/thumb/v7e-m+fp/hard\libg_nano.a(libc_a-mlock.o)
 .debug_frame   0x00000000       0x30 C:/arm-gnu-toolchain/bin/../lib/gcc/arm-none-eabi/14.3.1/../../../../arm-none-eabi/lib/thumb/v7e-m+fp/hard\libg_nano.a(libc_a-mlock.o)
 .ARM.attributes
                0x00000000       0x34 C:/arm-gnu-toolchain/bin/../lib/gcc/arm-none-eabi/14.3.1/../../../../arm-none-eabi/lib/thumb/v7e-m+fp/hard\libg_nano.a(libc_a-mlock.o)
 .text          0x00000000        0x0 C:/arm-gnu-toolchain/bin/../lib/gcc/arm-none-eabi/14.3.1/../../../../arm-none-eabi/lib/thumb/v7e-m+fp/hard\libg_nano.a(libc_a-fflush.o)
 .data          0x00000000        0x0 C:/arm-gnu-toolchain/bin/../lib/gcc/arm-none-eabi/14.3.1/../../../../arm-none-eabi/lib/thumb/v7e-m+fp/hard\libg_nano.a(libc_a-fflush.o)
 .bss           0x00000000        0x0 C:/arm-gnu-toolchain/bin/../lib/gcc/arm-none-eabi/14.3.1/../../../../arm-none-eabi/lib/thumb/v7e-m+fp/hard\libg_nano.a(libc_a-fflush.o)
 .text.__sflush_r
                0x00000000      0x104 C:/arm-gnu-toolchain/bin/../lib/gcc/arm-none-eabi/14.3.1/../../../../arm-none-eabi/lib/thumb/v7e-m+fp/hard\libg_nano.a(libc_a-fflush.o)
 .text._fflush_r
                0x00000000       0x50 C:/arm-gnu-toolchain/bin/../lib/gcc/arm-none-eabi/14.3.1/../../../../arm-none-eabi/lib/thumb/v7e-m+fp/hard\libg_nano.a(libc_a-fflush.o)
 .text.fflush   0x00000000       0x28 C:/arm-gnu-toolchain/bin/../lib/gcc/arm-none-eabi/14.3.1/../../../../arm-none-eabi/lib/thumb/v7e-m+fp/hard\libg_nano.a(libc_a-fflush.o)
 .debug_frame   0x00000000       0x5c C:/arm-gnu-toolchain/bin/../lib/gcc/arm-none-eabi/14.3.1/../../../../arm-none-eabi/lib/thumb/v7e-m+fp/hard\libg_nano.a(libc_a-fflush.o)
 .ARM.attributes
                0x00000000       0x34 C:/arm-gnu-toolchain/bin/../lib/gcc/arm-none-eabi/14.3.1/../../../../arm-none-eabi/lib/thumb/v7e-m+fp/hard\libg_nano.a(libc_a-fflush.o)
 .text          0x00000000        0x0 C:/arm-gnu-toolchain/bin/../lib/gcc/arm-none-eabi/14.3.1/../../../../arm-none-eabi/lib/thumb/v7e-m+fp/hard\libg_nano.a(libc_a-sbrkr.o)
 .data          0x00000000        0x0 C:/arm-gnu-toolchain/bin/../lib/gcc/arm-none-eabi/14.3.1/../../../../arm-none-eabi/lib/thumb/v7e-m+fp/hard\libg_nano.a(libc_a-sbrkr.o)
 .bss           0x00000000        0x0 C:/arm-gnu-toolchain/bin/../lib/gcc/arm-none-eabi/14.3.1/../../../../arm-none-eabi/lib/thumb/v7e-m+fp/hard\libg_nano.a(libc_a-sbrkr.o)
 .text._sbrk_r  0x00000000       0x20 C:/arm-gnu-toolchain/bin/../lib/gcc/arm-none-eabi/14.3.1/../../../../arm-none-eabi/lib/thumb/v7e-m+fp/hard\libg_nano.a(libc_a-sbrkr.o)
 .debug_frame   0x00000000       0x2c C:/arm-gnu-toolchain/bin/../lib/gcc/arm-none-eabi/14.3.1/../../../../arm-none-eabi/lib/thumb/v7e-m+fp/hard\libg_nano.a(libc_a-sbrkr.o)
 .ARM.attributes
                0x00000000       0x34 C:/arm-gnu-toolchain/bin/../lib/gcc/arm-none-eabi/14.3.1/../../../../arm-none-eabi/lib/thumb/v7e-m+fp/hard\libg_nano.a(libc_a-sbrkr.o)
 .text          0x00000000        0x0 C:/arm-gnu-toolchain/bin/../lib/gcc/arm-none-eabi/14.3.1/thumb/v7e-m+fp/hard/crtend.o
 .data          0x00000000        0x0 C:/arm-gnu-toolchain/bin/../lib/gcc/arm-none-eabi/14.3.1/thumb/v7e-m+fp/hard/crtend.o
 .bss           0x00000000        0x0 C:/arm-gnu-toolchain/bin/../lib/gcc/arm-none-eabi/14.3.1/thumb/v7e-m+fp/hard/crtend.o
 .rodata.all_implied_fbits
                0x00000000       0x24 C:/arm-gnu-toolchain/bin/../lib/gcc/arm-none-eabi/14.3.1/thumb/v7e-m+fp/hard/crtend.o
 .eh_frame      0x00000000        0x4 C:/arm-gnu-toolchain/bin/../lib/gcc/arm-none-eabi/14.3.1/thumb/v7e-m+fp/hard/crtend.o
 .text          0x00000000        0x0 C:/arm-gnu-toolchain/bin/../lib/gcc/arm-none-eabi/14.3.1/thumb/v7e-m+fp/hard/crtn.o
 .data          0x00000000        0x0 C:/arm-gnu-toolchain/bin/../lib/gcc/arm-none-eabi/14.3.1/thumb/v7e-m+fp/hard/crtn.o
 .bss           0x00000000        0x0 C:/arm-gnu-toolchain/bin/../lib/gcc/arm-none-eabi/14.3.1/thumb/v7e-m+fp/hard/crtn.o

Memory Configuration

Name             Origin             Length             Attributes
FLASH            0x08000000         0x00080000         xr
RAM              0x20000000         0x00018000         xrw
CCMRAM           0x10000000         0x00000000         xrw
*default*        0x00000000         0xffffffff

Linker script and memory map

LOAD C:/arm-gnu-toolchain/bin/../lib/gcc/arm-none-eabi/14.3.1/thumb/v7e-m+fp/hard/crti.o
LOAD C:/arm-gnu-toolchain/bin/../lib/gcc/arm-none-eabi/14.3.1/thumb/v7e-m+fp/hard/crtbegin.o
LOAD C:/arm-gnu-toolchain/bin/../lib/gcc/arm-none-eabi/14.3.1/../../../../arm-none-eabi/lib/thumb/v7e-m+fp/hard/crt0.o
LOAD CMakeFiles/Embedded_finalProj_Slave.elf.dir/Core/Src/Elevator.c.obj
LOAD CMakeFiles/Embedded_finalProj_Slave.elf.dir/Core/Src/Gpio.c.obj
LOAD CMakeFiles/Embedded_finalProj_Slave.elf.dir/Core/Src/RCC.c.obj
LOAD CMakeFiles/Embedded_finalProj_Slave.elf.dir/Core/Src/Timer.c.obj
LOAD CMakeFiles/Embedded_finalProj_Slave.elf.dir/Core/Src/dispatcher.c.obj
LOAD CMakeFiles/Embedded_finalProj_Slave.elf.dir/Core/Src/hallway_buttons.c.obj
LOAD CMakeFiles/Embedded_finalProj_Slave.elf.dir/Core/Src/ipc.c.obj
LOAD CMakeFiles/Embedded_finalProj_Slave.elf.dir/Core/Src/main.c.obj
LOAD CMakeFiles/Embedded_finalProj_Slave.elf.dir/Core/Src/pwm.c.obj
LOAD CMakeFiles/Embedded_finalProj_Slave.elf.dir/Core/Src/spi.c.obj
LOAD CMakeFiles/Embedded_finalProj_Slave.elf.dir/Core/Src/spi_it.c.obj
LOAD CMakeFiles/Embedded_finalProj_Slave.elf.dir/Core/Src/syscalls.c.obj
LOAD CMakeFiles/Embedded_finalProj_Slave.elf.dir/Core/Src/system_state.c.obj
LOAD CMakeFiles/Embedded_finalProj_Slave.elf.dir/Core/Src/uart_dma.c.obj
LOAD CMakeFiles/Embedded_finalProj_Slave.elf.dir/startup/STM32F4xx/STM32F401xE.s.obj
START GROUP
LOAD C:/arm-gnu-toolchain/bin/../lib/gcc/arm-none-eabi/14.3.1/thumb/v7e-m+fp/hard\libgcc.a
LOAD C:/arm-gnu-toolchain/bin/../lib/gcc/arm-none-eabi/14.3.1/../../../../arm-none-eabi/lib/thumb/v7e-m+fp/hard\libg_nano.a
LOAD C:/arm-gnu-toolchain/bin/../lib/gcc/arm-none-eabi/14.3.1/../../../../arm-none-eabi/lib/thumb/v7e-m+fp/hard\libc_nano.a
END GROUP
START GROUP
LOAD C:/arm-gnu-toolchain/bin/../lib/gcc/arm-none-eabi/14.3.1/thumb/v7e-m+fp/hard\libgcc.a
LOAD C:/arm-gnu-toolchain/bin/../lib/gcc/arm-none-eabi/14.3.1/../../../../arm-none-eabi/lib/thumb/v7e-m+fp/hard\libc_nano.a
END GROUP
LOAD C:/arm-gnu-toolchain/bin/../lib/gcc/arm-none-eabi/14.3.1/thumb/v7e-m+fp/hard/crtend.o
LOAD C:/arm-gnu-toolchain/bin/../lib/gcc/arm-none-eabi/14.3.1/thumb/v7e-m+fp/hard/crtn.o
                0x20018000                        __end_stack = (ORIGIN (RAM) + LENGTH (RAM))

.isr_vector     0x08000000      0x194
                0x08000000                        . = ALIGN (0x4)
 *(.isr_vector)
 .isr_vector    0x08000000      0x194 CMakeFiles/Embedded_finalProj_Slave.elf.dir/startup/STM32F4xx/STM32F401xE.s.obj
                0x08000194                        . = ALIGN (0x4)

.text           0x08000194     0x28c0
                0x08000194                        . = ALIGN (0x4)
                0x08000194                        __text_start = .
 *(.text)
 *(.text*)
 .text.deregister_tm_clones
                0x08000194       0x1c C:/arm-gnu-toolchain/bin/../lib/gcc/arm-none-eabi/14.3.1/thumb/v7e-m+fp/hard/crtbegin.o
 .text.register_tm_clones
                0x080001b0       0x24 C:/arm-gnu-toolchain/bin/../lib/gcc/arm-none-eabi/14.3.1/thumb/v7e-m+fp/hard/crtbegin.o
 .text.__do_global_dtors_aux
                0x080001d4       0x28 C:/arm-gnu-toolchain/bin/../lib/gcc/arm-none-eabi/14.3.1/thumb/v7e-m+fp/hard/crtbegin.o
 .text.frame_dummy
                0x080001fc       0x24 C:/arm-gnu-toolchain/bin/../lib/gcc/arm-none-eabi/14.3.1/thumb/v7e-m+fp/hard/crtbegin.o
 .text.__get_PRIMASK
                0x08000220       0x1a CMakeFiles/Embedded_finalProj_Slave.elf.dir/Core/Src/Elevator.c.obj
 .text.__disable_irq
                0x0800023a       0x10 CMakeFiles/Embedded_finalProj_Slave.elf.dir/Core/Src/Elevator.c.obj
 .text.__set_PRIMASK
                0x0800024a       0x1a CMakeFiles/Embedded_finalProj_Slave.elf.dir/Core/Src/Elevator.c.obj
 .text.Enter_Critical
                0x08000264       0x1a CMakeFiles/Embedded_finalProj_Slave.elf.dir/Core/Src/Elevator.c.obj
 .text.PWM_SetDuty
                0x0800027e       0x1e CMakeFiles/Embedded_finalProj_Slave.elf.dir/Core/Src/Elevator.c.obj
                0x0800027e                PWM_SetDuty
 .text.HasPendingRequest
                0x0800029c       0x3c CMakeFiles/Embedded_finalProj_Slave.elf.dir/Core/Src/Elevator.c.obj
 .text.FindNearestUp
                0x080002d8       0x44 CMakeFiles/Embedded_finalProj_Slave.elf.dir/Core/Src/Elevator.c.obj
 .text.FindNearestDown
                0x0800031c       0x54 CMakeFiles/Embedded_finalProj_Slave.elf.dir/Core/Src/Elevator.c.obj
 .text.EXTI_Init
                0x08000370      0x188 CMakeFiles/Embedded_finalProj_Slave.elf.dir/Core/Src/Elevator.c.obj
                0x08000370                EXTI_Init
 .text.TIM6_Init
                0x080004f8       0x70 CMakeFiles/Embedded_finalProj_Slave.elf.dir/Core/Src/Elevator.c.obj
                0x080004f8                TIM6_Init
 .text.Elevator_Init
                0x08000568      0x108 CMakeFiles/Embedded_finalProj_Slave.elf.dir/Core/Src/Elevator.c.obj
                0x08000568                Elevator_Init
 .text.Elevator_Update
                0x08000670      0x400 CMakeFiles/Embedded_finalProj_Slave.elf.dir/Core/Src/Elevator.c.obj
                0x08000670                Elevator_Update
 .text.EXTI_Callback
                0x08000a70       0xe8 CMakeFiles/Embedded_finalProj_Slave.elf.dir/Core/Src/Elevator.c.obj
                0x08000a70                EXTI_Callback
 .text.EXTI0_IRQHandler
                0x08000b58       0x24 CMakeFiles/Embedded_finalProj_Slave.elf.dir/Core/Src/Elevator.c.obj
                0x08000b58                EXTI0_IRQHandler
 .text.EXTI1_IRQHandler
                0x08000b7c       0x24 CMakeFiles/Embedded_finalProj_Slave.elf.dir/Core/Src/Elevator.c.obj
                0x08000b7c                EXTI1_IRQHandler
 .text.EXTI2_IRQHandler
                0x08000ba0       0x24 CMakeFiles/Embedded_finalProj_Slave.elf.dir/Core/Src/Elevator.c.obj
                0x08000ba0                EXTI2_IRQHandler
 .text.EXTI3_IRQHandler
                0x08000bc4       0x24 CMakeFiles/Embedded_finalProj_Slave.elf.dir/Core/Src/Elevator.c.obj
                0x08000bc4                EXTI3_IRQHandler
 .text.EXTI4_IRQHandler
                0x08000be8       0x24 CMakeFiles/Embedded_finalProj_Slave.elf.dir/Core/Src/Elevator.c.obj
                0x08000be8                EXTI4_IRQHandler
 .text.EXTI9_5_IRQHandler
                0x08000c0c       0x4c CMakeFiles/Embedded_finalProj_Slave.elf.dir/Core/Src/Elevator.c.obj
                0x08000c0c                EXTI9_5_IRQHandler
 .text.EXTI15_10_IRQHandler
                0x08000c58       0x4c CMakeFiles/Embedded_finalProj_Slave.elf.dir/Core/Src/Elevator.c.obj
                0x08000c58                EXTI15_10_IRQHandler
 .text.Gpio_Init
                0x08000ca4       0xd4 CMakeFiles/Embedded_finalProj_Slave.elf.dir/Core/Src/Gpio.c.obj
                0x08000ca4                Gpio_Init
 .text.Gpio_WritePin
                0x08000d78       0x80 CMakeFiles/Embedded_finalProj_Slave.elf.dir/Core/Src/Gpio.c.obj
                0x08000d78                Gpio_WritePin
 .text.Gpio_SetAF
                0x08000df8       0x94 CMakeFiles/Embedded_finalProj_Slave.elf.dir/Core/Src/Gpio.c.obj
                0x08000df8                Gpio_SetAF
 .text.TIM2_IRQHandler
                0x08000e8c       0x3c CMakeFiles/Embedded_finalProj_Slave.elf.dir/Core/Src/Timer.c.obj
                0x08000e8c                TIM2_IRQHandler
 .text.CalculateScore
                0x08000ec8       0xc6 CMakeFiles/Embedded_finalProj_Slave.elf.dir/Core/Src/dispatcher.c.obj
 *fill*         0x08000f8e        0x2 
 .text.Dispatcher_Init
                0x08000f90       0xec CMakeFiles/Embedded_finalProj_Slave.elf.dir/Core/Src/dispatcher.c.obj
                0x08000f90                Dispatcher_Init
 .text.Dispatcher_RegisterCall
                0x0800107c       0x78 CMakeFiles/Embedded_finalProj_Slave.elf.dir/Core/Src/dispatcher.c.obj
                0x0800107c                Dispatcher_RegisterCall
 .text.Dispatcher_AssignTask
                0x080010f4       0x94 CMakeFiles/Embedded_finalProj_Slave.elf.dir/Core/Src/dispatcher.c.obj
                0x080010f4                Dispatcher_AssignTask
 .text.Dispatcher_Update
                0x08001188      0x128 CMakeFiles/Embedded_finalProj_Slave.elf.dir/Core/Src/dispatcher.c.obj
                0x08001188                Dispatcher_Update
 .text.__get_PRIMASK
                0x080012b0       0x1a CMakeFiles/Embedded_finalProj_Slave.elf.dir/Core/Src/ipc.c.obj
 .text.__disable_irq
                0x080012ca       0x10 CMakeFiles/Embedded_finalProj_Slave.elf.dir/Core/Src/ipc.c.obj
 .text.__set_PRIMASK
                0x080012da       0x1a CMakeFiles/Embedded_finalProj_Slave.elf.dir/Core/Src/ipc.c.obj
 .text.Enter_Critical
                0x080012f4       0x1a CMakeFiles/Embedded_finalProj_Slave.elf.dir/Core/Src/ipc.c.obj
 .text.IPC_ComputeChecksum
                0x0800130e       0x3c CMakeFiles/Embedded_finalProj_Slave.elf.dir/Core/Src/ipc.c.obj
                0x0800130e                IPC_ComputeChecksum
 .text.IPC_EncodeFrame
                0x0800134a       0x88 CMakeFiles/Embedded_finalProj_Slave.elf.dir/Core/Src/ipc.c.obj
                0x0800134a                IPC_EncodeFrame
 *fill*         0x080013d2        0x2 
 .text.IPC_Init
                0x080013d4       0xb8 CMakeFiles/Embedded_finalProj_Slave.elf.dir/Core/Src/ipc.c.obj
                0x080013d4                IPC_Init
 .text.IPC_TransmitFrame
                0x0800148c       0x64 CMakeFiles/Embedded_finalProj_Slave.elf.dir/Core/Src/ipc.c.obj
                0x0800148c                IPC_TransmitFrame
 .text.IPC_CheckConsistency
                0x080014f0      0x114 CMakeFiles/Embedded_finalProj_Slave.elf.dir/Core/Src/ipc.c.obj
                0x080014f0                IPC_CheckConsistency
 .text.IPC_Update
                0x08001604       0xe8 CMakeFiles/Embedded_finalProj_Slave.elf.dir/Core/Src/ipc.c.obj
                0x08001604                IPC_Update
 .text.__get_PRIMASK
                0x080016ec       0x1a CMakeFiles/Embedded_finalProj_Slave.elf.dir/Core/Src/main.c.obj
 .text.__disable_irq
                0x08001706       0x10 CMakeFiles/Embedded_finalProj_Slave.elf.dir/Core/Src/main.c.obj
 .text.__set_PRIMASK
                0x08001716       0x1a CMakeFiles/Embedded_finalProj_Slave.elf.dir/Core/Src/main.c.obj
 .text.Enter_Critical
                0x08001730       0x1a CMakeFiles/Embedded_finalProj_Slave.elf.dir/Core/Src/main.c.obj
 *fill*         0x0800174a        0x2 
 .text.Poll_FloorSensorF1
                0x0800174c       0x48 CMakeFiles/Embedded_finalProj_Slave.elf.dir/Core/Src/main.c.obj
 .text.Poll_CabinButtons
                0x08001794       0xd0 CMakeFiles/Embedded_finalProj_Slave.elf.dir/Core/Src/main.c.obj
 .text.SystemInit
                0x08001864       0x60 CMakeFiles/Embedded_finalProj_Slave.elf.dir/Core/Src/main.c.obj
                0x08001864                SystemInit
 .text.main     0x080018c4       0xbc CMakeFiles/Embedded_finalProj_Slave.elf.dir/Core/Src/main.c.obj
                0x080018c4                main
 .text.SysTick_Handler
                0x08001980        0xc CMakeFiles/Embedded_finalProj_Slave.elf.dir/Core/Src/main.c.obj
                0x08001980                SysTick_Handler
 .text.Pwm_Init
                0x0800198c      0x114 CMakeFiles/Embedded_finalProj_Slave.elf.dir/Core/Src/pwm.c.obj
                0x0800198c                Pwm_Init
 .text.Pwm_SetDutyPercent
                0x08001aa0       0x68 CMakeFiles/Embedded_finalProj_Slave.elf.dir/Core/Src/pwm.c.obj
                0x08001aa0                Pwm_SetDutyPercent
 .text.Pwm_Start
                0x08001b08       0x4c CMakeFiles/Embedded_finalProj_Slave.elf.dir/Core/Src/pwm.c.obj
                0x08001b08                Pwm_Start
 .text.SPI_CS_Enable
                0x08001b54       0x12 CMakeFiles/Embedded_finalProj_Slave.elf.dir/Core/Src/spi_it.c.obj
                0x08001b54                SPI_CS_Enable
 .text.SPI_CS_Disable
                0x08001b66       0x12 CMakeFiles/Embedded_finalProj_Slave.elf.dir/Core/Src/spi_it.c.obj
                0x08001b66                SPI_CS_Disable
 .text.SPI_MasterInit
                0x08001b78       0x64 CMakeFiles/Embedded_finalProj_Slave.elf.dir/Core/Src/spi_it.c.obj
                0x08001b78                SPI_MasterInit
 .text.SPI_SlaveInit
                0x08001bdc       0x64 CMakeFiles/Embedded_finalProj_Slave.elf.dir/Core/Src/spi_it.c.obj
                0x08001bdc                SPI_SlaveInit
 .text.SPI_SlavePreload
                0x08001c40       0x34 CMakeFiles/Embedded_finalProj_Slave.elf.dir/Core/Src/spi_it.c.obj
                0x08001c40                SPI_SlavePreload
 .text.SPI_TransmitReceive_IT
                0x08001c74       0xbc CMakeFiles/Embedded_finalProj_Slave.elf.dir/Core/Src/spi_it.c.obj
                0x08001c74                SPI_TransmitReceive_IT
 .text.SPI1_IRQHandler
                0x08001d30       0xf4 CMakeFiles/Embedded_finalProj_Slave.elf.dir/Core/Src/spi_it.c.obj
                0x08001d30                SPI1_IRQHandler
 .text.IPC_OnMasterFrameReceived
                0x08001e24       0x14 CMakeFiles/Embedded_finalProj_Slave.elf.dir/Core/Src/system_state.c.obj
                0x08001e24                IPC_OnMasterFrameReceived
 .text.__get_PRIMASK
                0x08001e38       0x1a CMakeFiles/Embedded_finalProj_Slave.elf.dir/Core/Src/uart_dma.c.obj
 .text.__disable_irq
                0x08001e52       0x10 CMakeFiles/Embedded_finalProj_Slave.elf.dir/Core/Src/uart_dma.c.obj
 .text.__set_PRIMASK
                0x08001e62       0x1a CMakeFiles/Embedded_finalProj_Slave.elf.dir/Core/Src/uart_dma.c.obj
 .text.Enter_Critical
                0x08001e7c       0x1a CMakeFiles/Embedded_finalProj_Slave.elf.dir/Core/Src/uart_dma.c.obj
 *fill*         0x08001e96        0x2 
 .text.UART_DMA_Init
                0x08001e98      0x194 CMakeFiles/Embedded_finalProj_Slave.elf.dir/Core/Src/uart_dma.c.obj
                0x08001e98                UART_DMA_Init
 .text.UART_DMA_Transmit
                0x0800202c       0x7c CMakeFiles/Embedded_finalProj_Slave.elf.dir/Core/Src/uart_dma.c.obj
                0x0800202c                UART_DMA_Transmit
 .text.DMA2_Stream7_IRQHandler
                0x080020a8       0x70 CMakeFiles/Embedded_finalProj_Slave.elf.dir/Core/Src/uart_dma.c.obj
                0x080020a8                DMA2_Stream7_IRQHandler
 .text.System_Logger
                0x08002118      0x894 CMakeFiles/Embedded_finalProj_Slave.elf.dir/Core/Src/uart_dma.c.obj
                0x08002118                System_Logger
 .text.Reset_Handler
                0x080029ac       0x44 CMakeFiles/Embedded_finalProj_Slave.elf.dir/startup/STM32F4xx/STM32F401xE.s.obj
                0x080029ac                Reset_Handler
 .text.Default_Handler
                0x080029f0        0x2 CMakeFiles/Embedded_finalProj_Slave.elf.dir/startup/STM32F4xx/STM32F401xE.s.obj
                0x080029f0                RTC_Alarm_IRQHandler
                0x080029f0                DebugMon_Handler
                0x080029f0                SPI4_IRQHandler
                0x080029f0                TIM1_CC_IRQHandler
                0x080029f0                DMA2_Stream5_IRQHandler
                0x080029f0                HardFault_Handler
                0x080029f0                DMA1_Stream5_IRQHandler
                0x080029f0                PVD_IRQHandler
                0x080029f0                SDIO_IRQHandler
                0x080029f0                TAMP_STAMP_IRQHandler
                0x080029f0                PendSV_Handler
                0x080029f0                NMI_Handler
                0x080029f0                TIM1_UP_TIM10_IRQHandler
                0x080029f0                I2C3_ER_IRQHandler
                0x080029f0                I2C2_EV_IRQHandler
                0x080029f0                DMA1_Stream2_IRQHandler
                0x080029f0                FPU_IRQHandler
                0x080029f0                UsageFault_Handler
                0x080029f0                DMA2_Stream2_IRQHandler
                0x080029f0                TIM1_BRK_TIM9_IRQHandler
                0x080029f0                DMA2_Stream3_IRQHandler
                0x080029f0                USART6_IRQHandler
                0x080029f0                DMA2_Stream0_IRQHandler
                0x080029f0                TIM4_IRQHandler
                0x080029f0                I2C1_EV_IRQHandler
                0x080029f0                DMA1_Stream6_IRQHandler
                0x080029f0                DMA1_Stream1_IRQHandler
                0x080029f0                TIM3_IRQHandler
                0x080029f0                RCC_IRQHandler
                0x080029f0                Default_Handler
                0x080029f0                ADC_IRQHandler
                0x080029f0                DMA1_Stream7_IRQHandler
                0x080029f0                TIM5_IRQHandler
                0x080029f0                I2C3_EV_IRQHandler
                0x080029f0                RTC_WKUP_IRQHandler
                0x080029f0                SPI2_IRQHandler
                0x080029f0                MemManage_Handler
                0x080029f0                DMA1_Stream0_IRQHandler
                0x080029f0                SVC_Handler
                0x080029f0                WWDG_IRQHandler
                0x080029f0                OTG_FS_WKUP_IRQHandler
                0x080029f0                TIM1_TRG_COM_TIM11_IRQHandler
                0x080029f0                USART2_IRQHandler
                0x080029f0                I2C2_ER_IRQHandler
                0x080029f0                DMA2_Stream1_IRQHandler
                0x080029f0                FLASH_IRQHandler
                0x080029f0                DMA2_Stream4_IRQHandler
                0x080029f0                BusFault_Handler
                0x080029f0                USART1_IRQHandler
                0x080029f0                OTG_FS_IRQHandler
                0x080029f0                SPI3_IRQHandler
                0x080029f0                DMA1_Stream4_IRQHandler
                0x080029f0                I2C1_ER_IRQHandler
                0x080029f0                DMA2_Stream6_IRQHandler
                0x080029f0                DMA1_Stream3_IRQHandler
 *fill*         0x080029f2        0x2 
 .text.__libc_init_array
                0x080029f4       0x48 C:/arm-gnu-toolchain/bin/../lib/gcc/arm-none-eabi/14.3.1/../../../../arm-none-eabi/lib/thumb/v7e-m+fp/hard\libg_nano.a(libc_a-init.o)
                0x080029f4                __libc_init_array
 *(.glue_7)
 .glue_7        0x08002a3c        0x0 linker stubs
 *(.glue_7t)
 .glue_7t       0x08002a3c        0x0 linker stubs
 *(.eh_frame)
 .eh_frame      0x08002a3c        0x0 C:/arm-gnu-toolchain/bin/../lib/gcc/arm-none-eabi/14.3.1/thumb/v7e-m+fp/hard/crtbegin.o
 *(.init)
 .init          0x08002a3c        0x4 C:/arm-gnu-toolchain/bin/../lib/gcc/arm-none-eabi/14.3.1/thumb/v7e-m+fp/hard/crti.o
                0x08002a3c                _init
 .init          0x08002a40        0x8 C:/arm-gnu-toolchain/bin/../lib/gcc/arm-none-eabi/14.3.1/thumb/v7e-m+fp/hard/crtn.o
 *(.fini)
 .fini          0x08002a48        0x4 C:/arm-gnu-toolchain/bin/../lib/gcc/arm-none-eabi/14.3.1/thumb/v7e-m+fp/hard/crti.o
                0x08002a48                _fini
 .fini          0x08002a4c        0x8 C:/arm-gnu-toolchain/bin/../lib/gcc/arm-none-eabi/14.3.1/thumb/v7e-m+fp/hard/crtn.o
                0x08002a54                        . = ALIGN (0x4)
                0x08002a54                        __text_end = .

.vfp11_veneer   0x08002a54        0x0
 .vfp11_veneer  0x08002a54        0x0 linker stubs

.v4_bx          0x08002a54        0x0
 .v4_bx         0x08002a54        0x0 linker stubs

.iplt           0x08002a54        0x0
 .iplt          0x08002a54        0x0 C:/arm-gnu-toolchain/bin/../lib/gcc/arm-none-eabi/14.3.1/thumb/v7e-m+fp/hard/crtbegin.o

.rodata         0x08002a54       0x4c
                0x08002a54                        . = ALIGN (0x4)
                0x08002a54                        __rodata_start = .
 *(.rodata)
 .rodata        0x08002a54       0x4b CMakeFiles/Embedded_finalProj_Slave.elf.dir/Core/Src/uart_dma.c.obj
 *(.rodata*)
                0x08002aa0                        . = ALIGN (0x4)
 *fill*         0x08002a9f        0x1 
                0x08002aa0                        __rodata_end = .

.rel.dyn        0x08002aa0        0x0
 .rel.iplt      0x08002aa0        0x0 C:/arm-gnu-toolchain/bin/../lib/gcc/arm-none-eabi/14.3.1/thumb/v7e-m+fp/hard/crtbegin.o

.ARM.extab
 *(.ARM.extab* .gnu.linkonce.armextab.*)

.ARM            0x08002aa0        0x0
                0x08002aa0                        __exidx_start = .
 *(.ARM.exidx*)
                0x08002aa0                        __exidx_end = .

.preinit_array  0x08002aa0        0x0
                0x08002aa0                        PROVIDE (__preinit_array_start = .)
 *(.preinit_array*)
                0x08002aa0                        PROVIDE (__preinit_array_end = .)

.init_array     0x08002aa0        0x4
                0x08002aa0                        PROVIDE (__init_array_start = .)
 *(.init_array*)
 .init_array    0x08002aa0        0x4 C:/arm-gnu-toolchain/bin/../lib/gcc/arm-none-eabi/14.3.1/thumb/v7e-m+fp/hard/crtbegin.o
                0x08002aa4                        PROVIDE (__init_array_end = .)

.fini_array     0x08002aa4        0x4
                [!provide]                        PROVIDE (__fini_array_start = .)
 *(.fini_array*)
 .fini_array    0x08002aa4        0x4 C:/arm-gnu-toolchain/bin/../lib/gcc/arm-none-eabi/14.3.1/thumb/v7e-m+fp/hard/crtbegin.o
                [!provide]                        PROVIDE (__fini_array_end = .)
                0x08002aa8                        __data_flash_start = LOADADDR (.data)

.data           0x20000000       0x2c load address 0x08002aa8
                0x20000000                        . = ALIGN (0x4)
                0x20000000                        __data_start = .
 *(.data)
 *(.data*)
 .data.addressMap
                0x20000000       0x10 CMakeFiles/Embedded_finalProj_Slave.elf.dir/Core/Src/Gpio.c.obj
                0x20000000                addressMap
 .data.poll_f1_last
                0x20000010        0x1 CMakeFiles/Embedded_finalProj_Slave.elf.dir/Core/Src/main.c.obj
 .data.poll_pa0_last
                0x20000011        0x1 CMakeFiles/Embedded_finalProj_Slave.elf.dir/Core/Src/main.c.obj
 .data.poll_pa1_last
                0x20000012        0x1 CMakeFiles/Embedded_finalProj_Slave.elf.dir/Core/Src/main.c.obj
 .data.poll_pa2_last
                0x20000013        0x1 CMakeFiles/Embedded_finalProj_Slave.elf.dir/Core/Src/main.c.obj
 .data.poll_pa3_last
                0x20000014        0x1 CMakeFiles/Embedded_finalProj_Slave.elf.dir/Core/Src/main.c.obj
 *fill*         0x20000015        0x3 
 .data.Pwm_BaseAddresses
                0x20000018       0x14 CMakeFiles/Embedded_finalProj_Slave.elf.dir/Core/Src/pwm.c.obj
                0x2000002c                        . = ALIGN (0x4)
                0x2000002c                        __data_end = .

.tm_clone_table
                0x2000002c        0x0 load address 0x08002ad4
 .tm_clone_table
                0x2000002c        0x0 C:/arm-gnu-toolchain/bin/../lib/gcc/arm-none-eabi/14.3.1/thumb/v7e-m+fp/hard/crtbegin.o
 .tm_clone_table
                0x2000002c        0x0 C:/arm-gnu-toolchain/bin/../lib/gcc/arm-none-eabi/14.3.1/thumb/v7e-m+fp/hard/crtend.o

.igot.plt       0x2000002c        0x0 load address 0x08002ad4
 .igot.plt      0x2000002c        0x0 C:/arm-gnu-toolchain/bin/../lib/gcc/arm-none-eabi/14.3.1/thumb/v7e-m+fp/hard/crtbegin.o

.bss            0x2000002c      0x134 load address 0x08002ad4
                0x2000002c                        . = ALIGN (0x4)
                0x2000002c                        __bss_start = .
                0x2000002c                        __bss_start__ = __bss_start
 *(.bss)
 *(.bss*)
 .bss.completed.1
                0x2000002c        0x1 C:/arm-gnu-toolchain/bin/../lib/gcc/arm-none-eabi/14.3.1/thumb/v7e-m+fp/hard/crtbegin.o
 *fill*         0x2000002d        0x3 
 .bss.object.0  0x20000030       0x18 C:/arm-gnu-toolchain/bin/../lib/gcc/arm-none-eabi/14.3.1/thumb/v7e-m+fp/hard/crtbegin.o
 .bss.GSS       0x20000048       0x1f CMakeFiles/Embedded_finalProj_Slave.elf.dir/Core/Src/Elevator.c.obj
                0x20000048                GSS
 .bss.door_tick_count.0
                0x20000067        0x1 CMakeFiles/Embedded_finalProj_Slave.elf.dir/Core/Src/Elevator.c.obj
 .bss.tick_ms   0x20000068        0x4 CMakeFiles/Embedded_finalProj_Slave.elf.dir/Core/Src/Timer.c.obj
 .bss.HallwayQueue
                0x2000006c       0x18 CMakeFiles/Embedded_finalProj_Slave.elf.dir/Core/Src/dispatcher.c.obj
 .bss.IPC_Handle
                0x20000084       0x2c CMakeFiles/Embedded_finalProj_Slave.elf.dir/Core/Src/ipc.c.obj
                0x20000084                IPC_Handle
 .bss.SPI1_Handle
                0x200000b0       0x1c CMakeFiles/Embedded_finalProj_Slave.elf.dir/Core/Src/spi_it.c.obj
                0x200000b0                SPI1_Handle
 .bss.g_txBuf   0x200000cc        0x4 CMakeFiles/Embedded_finalProj_Slave.elf.dir/Core/Src/spi_it.c.obj
 .bss.g_txLen   0x200000d0        0x1 CMakeFiles/Embedded_finalProj_Slave.elf.dir/Core/Src/spi_it.c.obj
 .bss.g_txIdx   0x200000d1        0x1 CMakeFiles/Embedded_finalProj_Slave.elf.dir/Core/Src/spi_it.c.obj
 *fill*         0x200000d2        0x2 
 .bss.g_rxBuf   0x200000d4        0x4 CMakeFiles/Embedded_finalProj_Slave.elf.dir/Core/Src/spi_it.c.obj
 .bss.g_rxLen   0x200000d8        0x1 CMakeFiles/Embedded_finalProj_Slave.elf.dir/Core/Src/spi_it.c.obj
 .bss.g_rxIdx   0x200000d9        0x1 CMakeFiles/Embedded_finalProj_Slave.elf.dir/Core/Src/spi_it.c.obj
 *fill*         0x200000da        0x2 
 .bss.UART_TxBuf
                0x200000dc       0x80 CMakeFiles/Embedded_finalProj_Slave.elf.dir/Core/Src/uart_dma.c.obj
                0x200000dc                UART_TxBuf
 .bss.UART_DMA_Busy
                0x2000015c        0x1 CMakeFiles/Embedded_finalProj_Slave.elf.dir/Core/Src/uart_dma.c.obj
                0x2000015c                UART_DMA_Busy
 *(COMMON)
                0x20000160                        . = ALIGN (0x4)
 *fill*         0x2000015d        0x3 
                0x20000160                        __bss_end = .
                0x20000160                        __bss_end__ = __bss_end
                0x08002ad4                        __cmmdata_flash_start = LOADADDR (.ccmram)

.ccmram         0x10000000        0x0 load address 0x08002ad4
                0x10000000                        . = ALIGN (0x4)
                0x10000000                        __ccmdata_start = .
 *(.ccmram)
 *(.ccmram*)
                0x10000000                        . = ALIGN (0x4)
                0x10000000                        __ccmdata_end = .

._user_heap_stack
                0x20000160      0x600
                0x20000160                        . = ALIGN (0x4)
                [!provide]                        PROVIDE (end = .)
                [!provide]                        PROVIDE (_end = .)
                0x20000360                        . = (. + 0x200)
 *fill*         0x20000160      0x200 
                0x20000760                        . = (. + 0x400)
 *fill*         0x20000360      0x400 
                0x20000760                        . = ALIGN (0x4)

/DISCARD/
 libc.a(*)
 libm.a(*)
 libgcc.a(*)

.ARM.attributes
                0x00000000       0x30
 *(.ARM.attributes)
 .ARM.attributes
                0x00000000       0x22 C:/arm-gnu-toolchain/bin/../lib/gcc/arm-none-eabi/14.3.1/thumb/v7e-m+fp/hard/crti.o
 .ARM.attributes
                0x00000022       0x34 C:/arm-gnu-toolchain/bin/../lib/gcc/arm-none-eabi/14.3.1/thumb/v7e-m+fp/hard/crtbegin.o
 .ARM.attributes
                0x00000056       0x34 CMakeFiles/Embedded_finalProj_Slave.elf.dir/Core/Src/Elevator.c.obj
 .ARM.attributes
                0x0000008a       0x34 CMakeFiles/Embedded_finalProj_Slave.elf.dir/Core/Src/Gpio.c.obj
 .ARM.attributes
                0x000000be       0x34 CMakeFiles/Embedded_finalProj_Slave.elf.dir/Core/Src/Timer.c.obj
 .ARM.attributes
                0x000000f2       0x34 CMakeFiles/Embedded_finalProj_Slave.elf.dir/Core/Src/dispatcher.c.obj
 .ARM.attributes
                0x00000126       0x34 CMakeFiles/Embedded_finalProj_Slave.elf.dir/Core/Src/ipc.c.obj
 .ARM.attributes
                0x0000015a       0x34 CMakeFiles/Embedded_finalProj_Slave.elf.dir/Core/Src/main.c.obj
 .ARM.attributes
                0x0000018e       0x34 CMakeFiles/Embedded_finalProj_Slave.elf.dir/Core/Src/pwm.c.obj
 .ARM.attributes
                0x000001c2       0x34 CMakeFiles/Embedded_finalProj_Slave.elf.dir/Core/Src/spi_it.c.obj
 .ARM.attributes
                0x000001f6       0x34 CMakeFiles/Embedded_finalProj_Slave.elf.dir/Core/Src/system_state.c.obj
 .ARM.attributes
                0x0000022a       0x34 CMakeFiles/Embedded_finalProj_Slave.elf.dir/Core/Src/uart_dma.c.obj
 .ARM.attributes
                0x0000025e       0x20 CMakeFiles/Embedded_finalProj_Slave.elf.dir/startup/STM32F4xx/STM32F401xE.s.obj
 .ARM.attributes
                0x0000027e       0x34 C:/arm-gnu-toolchain/bin/../lib/gcc/arm-none-eabi/14.3.1/../../../../arm-none-eabi/lib/thumb/v7e-m+fp/hard\libg_nano.a(libc_a-init.o)
 .ARM.attributes
                0x000002b2       0x34 C:/arm-gnu-toolchain/bin/../lib/gcc/arm-none-eabi/14.3.1/thumb/v7e-m+fp/hard/crtend.o
 .ARM.attributes
                0x000002e6       0x22 C:/arm-gnu-toolchain/bin/../lib/gcc/arm-none-eabi/14.3.1/thumb/v7e-m+fp/hard/crtn.o
OUTPUT(Embedded_finalProj_Slave.elf elf32-littlearm)
LOAD linker stubs
LOAD C:/arm-gnu-toolchain/bin/../lib/gcc/arm-none-eabi/14.3.1/../../../../arm-none-eabi/lib/thumb/v7e-m+fp/hard\libc.a
LOAD C:/arm-gnu-toolchain/bin/../lib/gcc/arm-none-eabi/14.3.1/../../../../arm-none-eabi/lib/thumb/v7e-m+fp/hard\libm.a
LOAD C:/arm-gnu-toolchain/bin/../lib/gcc/arm-none-eabi/14.3.1/thumb/v7e-m+fp/hard\libgcc.a

.debug_info     0x00000000     0x3b59
 .debug_info    0x00000000      0xb10 CMakeFiles/Embedded_finalProj_Slave.elf.dir/Core/Src/Elevator.c.obj
 .debug_info    0x00000b10      0x300 CMakeFiles/Embedded_finalProj_Slave.elf.dir/Core/Src/Gpio.c.obj
 .debug_info    0x00000e10      0x3da CMakeFiles/Embedded_finalProj_Slave.elf.dir/Core/Src/Timer.c.obj
 .debug_info    0x000011ea      0x50a CMakeFiles/Embedded_finalProj_Slave.elf.dir/Core/Src/dispatcher.c.obj
 .debug_info    0x000016f4      0x76d CMakeFiles/Embedded_finalProj_Slave.elf.dir/Core/Src/ipc.c.obj
 .debug_info    0x00001e61      0x7a5 CMakeFiles/Embedded_finalProj_Slave.elf.dir/Core/Src/main.c.obj
 .debug_info    0x00002606      0x342 CMakeFiles/Embedded_finalProj_Slave.elf.dir/Core/Src/pwm.c.obj
 .debug_info    0x00002948      0x4db CMakeFiles/Embedded_finalProj_Slave.elf.dir/Core/Src/spi_it.c.obj
 .debug_info    0x00002e23      0x31a CMakeFiles/Embedded_finalProj_Slave.elf.dir/Core/Src/system_state.c.obj
 .debug_info    0x0000313d      0x9ec CMakeFiles/Embedded_finalProj_Slave.elf.dir/Core/Src/uart_dma.c.obj
 .debug_info    0x00003b29       0x30 CMakeFiles/Embedded_finalProj_Slave.elf.dir/startup/STM32F4xx/STM32F401xE.s.obj

.debug_abbrev   0x00000000     0x1228
 .debug_abbrev  0x00000000      0x2e2 CMakeFiles/Embedded_finalProj_Slave.elf.dir/Core/Src/Elevator.c.obj
 .debug_abbrev  0x000002e2      0x143 CMakeFiles/Embedded_finalProj_Slave.elf.dir/Core/Src/Gpio.c.obj
 .debug_abbrev  0x00000425      0x199 CMakeFiles/Embedded_finalProj_Slave.elf.dir/Core/Src/Timer.c.obj
 .debug_abbrev  0x000005be      0x187 CMakeFiles/Embedded_finalProj_Slave.elf.dir/Core/Src/dispatcher.c.obj
 .debug_abbrev  0x00000745      0x259 CMakeFiles/Embedded_finalProj_Slave.elf.dir/Core/Src/ipc.c.obj
 .debug_abbrev  0x0000099e      0x236 CMakeFiles/Embedded_finalProj_Slave.elf.dir/Core/Src/main.c.obj
 .debug_abbrev  0x00000bd4      0x120 CMakeFiles/Embedded_finalProj_Slave.elf.dir/Core/Src/pwm.c.obj
 .debug_abbrev  0x00000cf4      0x1db CMakeFiles/Embedded_finalProj_Slave.elf.dir/Core/Src/spi_it.c.obj
 .debug_abbrev  0x00000ecf       0xf0 CMakeFiles/Embedded_finalProj_Slave.elf.dir/Core/Src/system_state.c.obj
 .debug_abbrev  0x00000fbf      0x245 CMakeFiles/Embedded_finalProj_Slave.elf.dir/Core/Src/uart_dma.c.obj
 .debug_abbrev  0x00001204       0x24 CMakeFiles/Embedded_finalProj_Slave.elf.dir/startup/STM32F4xx/STM32F401xE.s.obj

.debug_aranges  0x00000000      0x370
 .debug_aranges
                0x00000000       0xc0 CMakeFiles/Embedded_finalProj_Slave.elf.dir/Core/Src/Elevator.c.obj
 .debug_aranges
                0x000000c0       0x38 CMakeFiles/Embedded_finalProj_Slave.elf.dir/Core/Src/Gpio.c.obj
 .debug_aranges
                0x000000f8       0x40 CMakeFiles/Embedded_finalProj_Slave.elf.dir/Core/Src/Timer.c.obj
 .debug_aranges
                0x00000138       0x40 CMakeFiles/Embedded_finalProj_Slave.elf.dir/Core/Src/dispatcher.c.obj
 .debug_aranges
                0x00000178       0x70 CMakeFiles/Embedded_finalProj_Slave.elf.dir/Core/Src/ipc.c.obj
 .debug_aranges
                0x000001e8       0x60 CMakeFiles/Embedded_finalProj_Slave.elf.dir/Core/Src/main.c.obj
 .debug_aranges
                0x00000248       0x38 CMakeFiles/Embedded_finalProj_Slave.elf.dir/Core/Src/pwm.c.obj
 .debug_aranges
                0x00000280       0x50 CMakeFiles/Embedded_finalProj_Slave.elf.dir/Core/Src/spi_it.c.obj
 .debug_aranges
                0x000002d0       0x20 CMakeFiles/Embedded_finalProj_Slave.elf.dir/Core/Src/system_state.c.obj
 .debug_aranges
                0x000002f0       0x58 CMakeFiles/Embedded_finalProj_Slave.elf.dir/Core/Src/uart_dma.c.obj
 .debug_aranges
                0x00000348       0x28 CMakeFiles/Embedded_finalProj_Slave.elf.dir/startup/STM32F4xx/STM32F401xE.s.obj

.debug_rnglists
                0x00000000      0x28e
 .debug_rnglists
                0x00000000       0x9e CMakeFiles/Embedded_finalProj_Slave.elf.dir/Core/Src/Elevator.c.obj
 .debug_rnglists
                0x0000009e       0x28 CMakeFiles/Embedded_finalProj_Slave.elf.dir/Core/Src/Gpio.c.obj
 .debug_rnglists
                0x000000c6       0x2b CMakeFiles/Embedded_finalProj_Slave.elf.dir/Core/Src/Timer.c.obj
 .debug_rnglists
                0x000000f1       0x3b CMakeFiles/Embedded_finalProj_Slave.elf.dir/Core/Src/dispatcher.c.obj
 .debug_rnglists
                0x0000012c       0x53 CMakeFiles/Embedded_finalProj_Slave.elf.dir/Core/Src/ipc.c.obj
 .debug_rnglists
                0x0000017f       0x45 CMakeFiles/Embedded_finalProj_Slave.elf.dir/Core/Src/main.c.obj
 .debug_rnglists
                0x000001c4       0x26 CMakeFiles/Embedded_finalProj_Slave.elf.dir/Core/Src/pwm.c.obj
 .debug_rnglists
                0x000001ea       0x39 CMakeFiles/Embedded_finalProj_Slave.elf.dir/Core/Src/spi_it.c.obj
 .debug_rnglists
                0x00000223       0x13 CMakeFiles/Embedded_finalProj_Slave.elf.dir/Core/Src/system_state.c.obj
 .debug_rnglists
                0x00000236       0x3f CMakeFiles/Embedded_finalProj_Slave.elf.dir/Core/Src/uart_dma.c.obj
 .debug_rnglists
                0x00000275       0x19 CMakeFiles/Embedded_finalProj_Slave.elf.dir/startup/STM32F4xx/STM32F401xE.s.obj

.debug_line     0x00000000     0x20d2
 .debug_line    0x00000000      0x806 CMakeFiles/Embedded_finalProj_Slave.elf.dir/Core/Src/Elevator.c.obj
 .debug_line    0x00000806      0x209 CMakeFiles/Embedded_finalProj_Slave.elf.dir/Core/Src/Gpio.c.obj
 .debug_line    0x00000a0f      0x203 CMakeFiles/Embedded_finalProj_Slave.elf.dir/Core/Src/Timer.c.obj
 .debug_line    0x00000c12      0x399 CMakeFiles/Embedded_finalProj_Slave.elf.dir/Core/Src/dispatcher.c.obj
 .debug_line    0x00000fab      0x424 CMakeFiles/Embedded_finalProj_Slave.elf.dir/Core/Src/ipc.c.obj
 .debug_line    0x000013cf      0x355 CMakeFiles/Embedded_finalProj_Slave.elf.dir/Core/Src/main.c.obj
 .debug_line    0x00001724      0x195 CMakeFiles/Embedded_finalProj_Slave.elf.dir/Core/Src/pwm.c.obj
 .debug_line    0x000018b9      0x25c CMakeFiles/Embedded_finalProj_Slave.elf.dir/Core/Src/spi_it.c.obj
 .debug_line    0x00001b15       0xcb CMakeFiles/Embedded_finalProj_Slave.elf.dir/Core/Src/system_state.c.obj
 .debug_line    0x00001be0      0x47a CMakeFiles/Embedded_finalProj_Slave.elf.dir/Core/Src/uart_dma.c.obj
 .debug_line    0x0000205a       0x78 CMakeFiles/Embedded_finalProj_Slave.elf.dir/startup/STM32F4xx/STM32F401xE.s.obj

.debug_str      0x00000000     0x10cf
 .debug_str     0x00000000     0x10cf CMakeFiles/Embedded_finalProj_Slave.elf.dir/Core/Src/Elevator.c.obj
                                0x71f (size before relaxing)
 .debug_str     0x000010cf      0x2a6 CMakeFiles/Embedded_finalProj_Slave.elf.dir/Core/Src/Gpio.c.obj
 .debug_str     0x000010cf      0x320 CMakeFiles/Embedded_finalProj_Slave.elf.dir/Core/Src/Timer.c.obj
 .debug_str     0x000010cf      0x4a2 CMakeFiles/Embedded_finalProj_Slave.elf.dir/Core/Src/dispatcher.c.obj
 .debug_str     0x000010cf      0x564 CMakeFiles/Embedded_finalProj_Slave.elf.dir/Core/Src/ipc.c.obj
 .debug_str     0x000010cf      0x5ee CMakeFiles/Embedded_finalProj_Slave.elf.dir/Core/Src/main.c.obj
 .debug_str     0x000010cf      0x26d CMakeFiles/Embedded_finalProj_Slave.elf.dir/Core/Src/pwm.c.obj
 .debug_str     0x000010cf      0x397 CMakeFiles/Embedded_finalProj_Slave.elf.dir/Core/Src/spi_it.c.obj
 .debug_str     0x000010cf      0x358 CMakeFiles/Embedded_finalProj_Slave.elf.dir/Core/Src/system_state.c.obj
 .debug_str     0x000010cf      0x594 CMakeFiles/Embedded_finalProj_Slave.elf.dir/Core/Src/uart_dma.c.obj
 .debug_str     0x000010cf       0x8f CMakeFiles/Embedded_finalProj_Slave.elf.dir/startup/STM32F4xx/STM32F401xE.s.obj

.comment        0x00000000       0x46
 .comment       0x00000000       0x46 CMakeFiles/Embedded_finalProj_Slave.elf.dir/Core/Src/Elevator.c.obj
                                 0x47 (size before relaxing)
 .comment       0x00000046       0x47 CMakeFiles/Embedded_finalProj_Slave.elf.dir/Core/Src/Gpio.c.obj
 .comment       0x00000046       0x47 CMakeFiles/Embedded_finalProj_Slave.elf.dir/Core/Src/Timer.c.obj
 .comment       0x00000046       0x47 CMakeFiles/Embedded_finalProj_Slave.elf.dir/Core/Src/dispatcher.c.obj
 .comment       0x00000046       0x47 CMakeFiles/Embedded_finalProj_Slave.elf.dir/Core/Src/ipc.c.obj
 .comment       0x00000046       0x47 CMakeFiles/Embedded_finalProj_Slave.elf.dir/Core/Src/main.c.obj
 .comment       0x00000046       0x47 CMakeFiles/Embedded_finalProj_Slave.elf.dir/Core/Src/pwm.c.obj
 .comment       0x00000046       0x47 CMakeFiles/Embedded_finalProj_Slave.elf.dir/Core/Src/spi_it.c.obj
 .comment       0x00000046       0x47 CMakeFiles/Embedded_finalProj_Slave.elf.dir/Core/Src/system_state.c.obj
 .comment       0x00000046       0x47 CMakeFiles/Embedded_finalProj_Slave.elf.dir/Core/Src/uart_dma.c.obj

.debug_frame    0x00000000      0xb90
 .debug_frame   0x00000000      0x2f0 CMakeFiles/Embedded_finalProj_Slave.elf.dir/Core/Src/Elevator.c.obj
 .debug_frame   0x000002f0       0xb4 CMakeFiles/Embedded_finalProj_Slave.elf.dir/Core/Src/Gpio.c.obj
 .debug_frame   0x000003a4       0xbc CMakeFiles/Embedded_finalProj_Slave.elf.dir/Core/Src/Timer.c.obj
 .debug_frame   0x00000460       0xd4 CMakeFiles/Embedded_finalProj_Slave.elf.dir/Core/Src/dispatcher.c.obj
 .debug_frame   0x00000534      0x1ac CMakeFiles/Embedded_finalProj_Slave.elf.dir/Core/Src/ipc.c.obj
 .debug_frame   0x000006e0      0x150 CMakeFiles/Embedded_finalProj_Slave.elf.dir/Core/Src/main.c.obj
 .debug_frame   0x00000830       0xb4 CMakeFiles/Embedded_finalProj_Slave.elf.dir/Core/Src/pwm.c.obj
 .debug_frame   0x000008e4      0x10c CMakeFiles/Embedded_finalProj_Slave.elf.dir/Core/Src/spi_it.c.obj
 .debug_frame   0x000009f0       0x38 CMakeFiles/Embedded_finalProj_Slave.elf.dir/Core/Src/system_state.c.obj
 .debug_frame   0x00000a28      0x13c CMakeFiles/Embedded_finalProj_Slave.elf.dir/Core/Src/uart_dma.c.obj
 .debug_frame   0x00000b64       0x2c C:/arm-gnu-toolchain/bin/../lib/gcc/arm-none-eabi/14.3.1/../../../../arm-none-eabi/lib/thumb/v7e-m+fp/hard\libg_nano.a(libc_a-init.o)

.debug_line_str
                0x00000000       0x73
 .debug_line_str
                0x00000000       0x73 CMakeFiles/Embedded_finalProj_Slave.elf.dir/startup/STM32F4xx/STM32F401xE.s.obj
