Archive member included to satisfy reference by file (symbol)

C:/arm-gnu-toolchain/bin/../lib/gcc/arm-none-eabi/14.3.1/../../../../arm-none-eabi/lib/thumb/v7e-m+fp/hard\libg_nano.a(libc_a-exit.o)
                              C:/arm-gnu-toolchain/bin/../lib/gcc/arm-none-eabi/14.3.1/../../../../arm-none-eabi/lib/thumb/v7e-m+fp/hard/crt0.o (exit)
C:/arm-gnu-toolchain/bin/../lib/gcc/arm-none-eabi/14.3.1/../../../../arm-none-eabi/lib/thumb/v7e-m+fp/hard\libg_nano.a(libc_a-findfp.o)
                              C:/arm-gnu-toolchain/bin/../lib/gcc/arm-none-eabi/14.3.1/../../../../arm-none-eabi/lib/thumb/v7e-m+fp/hard\libg_nano.a(libc_a-exit.o) (__stdio_exit_handler)
C:/arm-gnu-toolchain/bin/../lib/gcc/arm-none-eabi/14.3.1/../../../../arm-none-eabi/lib/thumb/v7e-m+fp/hard\libg_nano.a(libc_a-fwalk.o)
                              C:/arm-gnu-toolchain/bin/../lib/gcc/arm-none-eabi/14.3.1/../../../../arm-none-eabi/lib/thumb/v7e-m+fp/hard\libg_nano.a(libc_a-findfp.o) (_fwalk_sglue)
C:/arm-gnu-toolchain/bin/../lib/gcc/arm-none-eabi/14.3.1/../../../../arm-none-eabi/lib/thumb/v7e-m+fp/hard\libg_nano.a(libc_a-snprintf.o)
                              CMakeFiles/Embedded_finalProj_Master.elf.dir/Core/Src/Elevator.c.obj (snprintf)
C:/arm-gnu-toolchain/bin/../lib/gcc/arm-none-eabi/14.3.1/../../../../arm-none-eabi/lib/thumb/v7e-m+fp/hard\libg_nano.a(libc_a-stdio.o)
                              C:/arm-gnu-toolchain/bin/../lib/gcc/arm-none-eabi/14.3.1/../../../../arm-none-eabi/lib/thumb/v7e-m+fp/hard\libg_nano.a(libc_a-findfp.o) (__sread)
C:/arm-gnu-toolchain/bin/../lib/gcc/arm-none-eabi/14.3.1/../../../../arm-none-eabi/lib/thumb/v7e-m+fp/hard\libg_nano.a(libc_a-memset.o)
                              C:/arm-gnu-toolchain/bin/../lib/gcc/arm-none-eabi/14.3.1/../../../../arm-none-eabi/lib/thumb/v7e-m+fp/hard/crt0.o (memset)
C:/arm-gnu-toolchain/bin/../lib/gcc/arm-none-eabi/14.3.1/../../../../arm-none-eabi/lib/thumb/v7e-m+fp/hard\libg_nano.a(libc_a-closer.o)
                              C:/arm-gnu-toolchain/bin/../lib/gcc/arm-none-eabi/14.3.1/../../../../arm-none-eabi/lib/thumb/v7e-m+fp/hard\libg_nano.a(libc_a-stdio.o) (_close_r)
C:/arm-gnu-toolchain/bin/../lib/gcc/arm-none-eabi/14.3.1/../../../../arm-none-eabi/lib/thumb/v7e-m+fp/hard\libg_nano.a(libc_a-reent.o)
                              C:/arm-gnu-toolchain/bin/../lib/gcc/arm-none-eabi/14.3.1/../../../../arm-none-eabi/lib/thumb/v7e-m+fp/hard\libg_nano.a(libc_a-closer.o) (errno)
C:/arm-gnu-toolchain/bin/../lib/gcc/arm-none-eabi/14.3.1/../../../../arm-none-eabi/lib/thumb/v7e-m+fp/hard\libg_nano.a(libc_a-impure.o)
                              C:/arm-gnu-toolchain/bin/../lib/gcc/arm-none-eabi/14.3.1/../../../../arm-none-eabi/lib/thumb/v7e-m+fp/hard\libg_nano.a(libc_a-snprintf.o) (_impure_ptr)
C:/arm-gnu-toolchain/bin/../lib/gcc/arm-none-eabi/14.3.1/../../../../arm-none-eabi/lib/thumb/v7e-m+fp/hard\libg_nano.a(libc_a-lseekr.o)
                              C:/arm-gnu-toolchain/bin/../lib/gcc/arm-none-eabi/14.3.1/../../../../arm-none-eabi/lib/thumb/v7e-m+fp/hard\libg_nano.a(libc_a-stdio.o) (_lseek_r)
C:/arm-gnu-toolchain/bin/../lib/gcc/arm-none-eabi/14.3.1/../../../../arm-none-eabi/lib/thumb/v7e-m+fp/hard\libg_nano.a(libc_a-readr.o)
                              C:/arm-gnu-toolchain/bin/../lib/gcc/arm-none-eabi/14.3.1/../../../../arm-none-eabi/lib/thumb/v7e-m+fp/hard\libg_nano.a(libc_a-stdio.o) (_read_r)
C:/arm-gnu-toolchain/bin/../lib/gcc/arm-none-eabi/14.3.1/../../../../arm-none-eabi/lib/thumb/v7e-m+fp/hard\libg_nano.a(libc_a-writer.o)
                              C:/arm-gnu-toolchain/bin/../lib/gcc/arm-none-eabi/14.3.1/../../../../arm-none-eabi/lib/thumb/v7e-m+fp/hard\libg_nano.a(libc_a-stdio.o) (_write_r)
C:/arm-gnu-toolchain/bin/../lib/gcc/arm-none-eabi/14.3.1/../../../../arm-none-eabi/lib/thumb/v7e-m+fp/hard\libg_nano.a(libc_a-errno.o)
                              CMakeFiles/Embedded_finalProj_Master.elf.dir/Core/Src/syscalls.c.obj (__errno)
C:/arm-gnu-toolchain/bin/../lib/gcc/arm-none-eabi/14.3.1/../../../../arm-none-eabi/lib/thumb/v7e-m+fp/hard\libg_nano.a(libc_a-init.o)
                              C:/arm-gnu-toolchain/bin/../lib/gcc/arm-none-eabi/14.3.1/../../../../arm-none-eabi/lib/thumb/v7e-m+fp/hard/crt0.o (__libc_init_array)
C:/arm-gnu-toolchain/bin/../lib/gcc/arm-none-eabi/14.3.1/../../../../arm-none-eabi/lib/thumb/v7e-m+fp/hard\libg_nano.a(libc_a-lock.o)
                              C:/arm-gnu-toolchain/bin/../lib/gcc/arm-none-eabi/14.3.1/../../../../arm-none-eabi/lib/thumb/v7e-m+fp/hard\libg_nano.a(libc_a-findfp.o) (__retarget_lock_init_recursive)
C:/arm-gnu-toolchain/bin/../lib/gcc/arm-none-eabi/14.3.1/../../../../arm-none-eabi/lib/thumb/v7e-m+fp/hard\libg_nano.a(libc_a-freer.o)
                              C:/arm-gnu-toolchain/bin/../lib/gcc/arm-none-eabi/14.3.1/../../../../arm-none-eabi/lib/thumb/v7e-m+fp/hard\libg_nano.a(libc_a-reent.o) (_free_r)
[...]
Memory Configuration

Name             Origin             Length             Attributes
FLASH            0x08000000         0x00080000         xr
RAM              0x20000000         0x00018000         xrw
CCMRAM           0x10000000         0x00000000         xrw
*default*        0x00000000         0xffffffff

Linker script and memory map

LOAD C:/arm-gnu-toolchain/bin/../lib/gcc/arm-none-eabi/14.3.1/thumb/v7e-m+fp/hard/crti.o
LOAD C:/arm-gnu-toolchain/bin/../lib/gcc/arm-none-eabi/14.3.1/thumb/v7e-m+fp/hard/crtbegin.o
LOAD C:/arm-gnu-toolchain/bin/../lib/gcc/arm-none-eabi/14.3.1/../../../../arm-none-eabi/lib/thumb/v7e-m+fp/hard/crt0.o
LOAD CMakeFiles/Embedded_finalProj_Master.elf.dir/Core/Src/Elevator.c.obj
LOAD CMakeFiles/Embedded_finalProj_Master.elf.dir/Core/Src/Gpio.c.obj
LOAD CMakeFiles/Embedded_finalProj_Master.elf.dir/Core/Src/RCC.c.obj
LOAD CMakeFiles/Embedded_finalProj_Master.elf.dir/Core/Src/Timer.c.obj
LOAD CMakeFiles/Embedded_finalProj_Master.elf.dir/Core/Src/dispatcher.c.obj
LOAD CMakeFiles/Embedded_finalProj_Master.elf.dir/Core/Src/hallway_buttons.c.obj
LOAD CMakeFiles/Embedded_finalProj_Master.elf.dir/Core/Src/ipc.c.obj
LOAD CMakeFiles/Embedded_finalProj_Master.elf.dir/Core/Src/main.c.obj
LOAD CMakeFiles/Embedded_finalProj_Master.elf.dir/Core/Src/pwm.c.obj
LOAD CMakeFiles/Embedded_finalProj_Master.elf.dir/Core/Src/spi.c.obj
LOAD CMakeFiles/Embedded_finalProj_Master.elf.dir/Core/Src/spi_it.c.obj
LOAD CMakeFiles/Embedded_finalProj_Master.elf.dir/Core/Src/syscalls.c.obj
LOAD CMakeFiles/Embedded_finalProj_Master.elf.dir/Core/Src/system_state.c.obj
LOAD CMakeFiles/Embedded_finalProj_Master.elf.dir/Core/Src/uart_dma.c.obj
LOAD CMakeFiles/Embedded_finalProj_Master.elf.dir/startup/STM32F4xx/STM32F401xE.s.obj
START GROUP
LOAD C:/arm-gnu-toolchain/bin/../lib/gcc/arm-none-eabi/14.3.1/thumb/v7e-m+fp/hard\libgcc.a
LOAD C:/arm-gnu-toolchain/bin/../lib/gcc/arm-none-eabi/14.3.1/../../../../arm-none-eabi/lib/thumb/v7e-m+fp/hard\libg_nano.a
LOAD C:/arm-gnu-toolchain/bin/../lib/gcc/arm-none-eabi/14.3.1/../../../../arm-none-eabi/lib/thumb/v7e-m+fp/hard\libc_nano.a
END GROUP
START GROUP
LOAD C:/arm-gnu-toolchain/bin/../lib/gcc/arm-none-eabi/14.3.1/thumb/v7e-m+fp/hard\libgcc.a
LOAD C:/arm-gnu-toolchain/bin/../lib/gcc/arm-none-eabi/14.3.1/../../../../arm-none-eabi/lib/thumb/v7e-m+fp/hard\libc_nano.a
END GROUP
LOAD C:/arm-gnu-toolchain/bin/../lib/gcc/arm-none-eabi/14.3.1/thumb/v7e-m+fp/hard/crtend.o
LOAD C:/arm-gnu-toolchain/bin/../lib/gcc/arm-none-eabi/14.3.1/thumb/v7e-m+fp/hard/crtn.o
                0x20018000                        __end_stack = (ORIGIN (RAM) + LENGTH (RAM))

.isr_vector     0x08000000      0x194
                0x08000000                        . = ALIGN (0x4)
 *(.isr_vector)
 .isr_vector    0x08000000      0x194 CMakeFiles/Embedded_finalProj_Master.elf.dir/startup/STM32F4xx/STM32F401xE.s.obj
                0x08000194                        . = ALIGN (0x4)

.text           0x080001a0     0x28e8
                0x080001a0                        . = ALIGN (0x4)
                0x080001a0                        __text_start = .
 *(.text)
 .text          0x080001a0       0xa0 C:/arm-gnu-toolchain/bin/../lib/gcc/arm-none-eabi/14.3.1/../../../../arm-none-eabi/lib/thumb/v7e-m+fp/hard\libg_nano.a(libc_a-memchr.o)
                0x080001a0                memchr
 *(.text*)
 .text.deregister_tm_clones
                0x08000240       0x1c C:/arm-gnu-toolchain/bin/../lib/gcc/arm-none-eabi/14.3.1/thumb/v7e-m+fp/hard/crtbegin.o
 .text.register_tm_clones
                0x0800025c       0x24 C:/arm-gnu-toolchain/bin/../lib/gcc/arm-none-eabi/14.3.1/thumb/v7e-m+fp/hard/crtbegin.o
 .text.__do_global_dtors_aux
                0x08000280       0x28 C:/arm-gnu-toolchain/bin/../lib/gcc/arm-none-eabi/14.3.1/thumb/v7e-m+fp/hard/crtbegin.o
 .text.frame_dummy
                0x080002a8       0x24 C:/arm-gnu-toolchain/bin/../lib/gcc/arm-none-eabi/14.3.1/thumb/v7e-m+fp/hard/crtbegin.o
 .text.__get_PRIMASK
                0x080002cc       0x1a CMakeFiles/Embedded_finalProj_Master.elf.dir/Core/Src/Elevator.c.obj
 .text.__disable_irq
                0x080002e6       0x10 CMakeFiles/Embedded_finalProj_Master.elf.dir/Core/Src/Elevator.c.obj
 .text.__set_PRIMASK
                0x080002f6       0x1a CMakeFiles/Embedded_finalProj_Master.elf.dir/Core/Src/Elevator.c.obj
 .text.Enter_Critical
                0x08000310       0x1a CMakeFiles/Embedded_finalProj_Master.elf.dir/Core/Src/Elevator.c.obj
 .text.Exit_Critical
                0x0800032a       0x16 CMakeFiles/Embedded_finalProj_Master.elf.dir/Core/Src/Elevator.c.obj
 .text.Nvic_EnableIrq
                0x08000340       0x34 CMakeFiles/Embedded_finalProj_Master.elf.dir/Core/Src/Elevator.c.obj
 .text.Nvic_SetPriority
                0x08000374       0x34 CMakeFiles/Embedded_finalProj_Master.elf.dir/Core/Src/Elevator.c.obj
 .text.PWM_SetDuty
                0x080003a8       0x1a CMakeFiles/Embedded_finalProj_Master.elf.dir/Core/Src/Elevator.c.obj
                0x080003a8                PWM_SetDuty
 *fill*         0x080003c2        0x2 
 .text.HasPendingRequest
                0x080003c4       0x3c CMakeFiles/Embedded_finalProj_Master.elf.dir/Core/Src/Elevator.c.obj
 .text.FindNearestUp
                0x08000400       0x44 CMakeFiles/Embedded_finalProj_Master.elf.dir/Core/Src/Elevator.c.obj
 .text.FindNearestDown
                0x08000444       0x54 CMakeFiles/Embedded_finalProj_Master.elf.dir/Core/Src/Elevator.c.obj
 .text.EXTI_Init
                0x08000498      0x174 CMakeFiles/Embedded_finalProj_Master.elf.dir/Core/Src/Elevator.c.obj
                0x08000498                EXTI_Init
 .text.Elevator_Init
                0x0800060c       0xe4 CMakeFiles/Embedded_finalProj_Master.elf.dir/Core/Src/Elevator.c.obj
                0x0800060c                Elevator_Init
 .text.Elevator_Update
                0x080006f0      0x330 CMakeFiles/Embedded_finalProj_Master.elf.dir/Core/Src/Elevator.c.obj
                0x080006f0                Elevator_Update
 .text.EXTI_Callback
                0x08000a20       0xe8 CMakeFiles/Embedded_finalProj_Master.elf.dir/Core/Src/Elevator.c.obj
                0x08000a20                EXTI_Callback
 .text.EXTI0_IRQHandler
                0x08000b08       0x24 CMakeFiles/Embedded_finalProj_Master.elf.dir/Core/Src/Elevator.c.obj
                0x08000b08                EXTI0_IRQHandler
 .text.EXTI1_IRQHandler
                0x08000b2c       0x24 CMakeFiles/Embedded_finalProj_Master.elf.dir/Core/Src/Elevator.c.obj
                0x08000b2c                EXTI1_IRQHandler
 .text.EXTI2_IRQHandler
                0x08000b50       0x24 CMakeFiles/Embedded_finalProj_Master.elf.dir/Core/Src/Elevator.c.obj
                0x08000b50                EXTI2_IRQHandler
 .text.EXTI3_IRQHandler
                0x08000b74       0x24 CMakeFiles/Embedded_finalProj_Master.elf.dir/Core/Src/Elevator.c.obj
                0x08000b74                EXTI3_IRQHandler
 .text.EXTI4_IRQHandler
                0x08000b98       0x24 CMakeFiles/Embedded_finalProj_Master.elf.dir/Core/Src/Elevator.c.obj
                0x08000b98                EXTI4_IRQHandler
 .text.EXTI9_5_IRQHandler
                0x08000bbc       0x4c CMakeFiles/Embedded_finalProj_Master.elf.dir/Core/Src/Elevator.c.obj
                0x08000bbc                EXTI9_5_IRQHandler
 .text.EXTI15_10_IRQHandler
                0x08000c08       0x4c CMakeFiles/Embedded_finalProj_Master.elf.dir/Core/Src/Elevator.c.obj
                0x08000c08                EXTI15_10_IRQHandler
 .text.System_Logger
                0x08000c54       0x84 CMakeFiles/Embedded_finalProj_Master.elf.dir/Core/Src/Elevator.c.obj
                0x08000c54                System_Logger
 .text.Gpio_Init
                0x08000cd8       0xd4 CMakeFiles/Embedded_finalProj_Master.elf.dir/Core/Src/Gpio.c.obj
                0x08000cd8                Gpio_Init
 .text.Gpio_WritePin
                0x08000dac       0x80 CMakeFiles/Embedded_finalProj_Master.elf.dir/Core/Src/Gpio.c.obj
                0x08000dac                Gpio_WritePin
 .text.Gpio_SetAF
                0x08000e2c       0x94 CMakeFiles/Embedded_finalProj_Master.elf.dir/Core/Src/Gpio.c.obj
                0x08000e2c                Gpio_SetAF
 .text.RCC_EnableClock
                0x08000ec0       0x6c CMakeFiles/Embedded_finalProj_Master.elf.dir/Core/Src/RCC.c.obj
                0x08000ec0                RCC_EnableClock
 .text.Nvic_EnableIrq
                0x08000f2c       0x34 CMakeFiles/Embedded_finalProj_Master.elf.dir/Core/Src/Timer.c.obj
 .text.Nvic_SetPriority
                0x08000f60       0x34 CMakeFiles/Embedded_finalProj_Master.elf.dir/Core/Src/Timer.c.obj
 .text.TIM2_IRQHandler
                0x08000f94       0x8c CMakeFiles/Embedded_finalProj_Master.elf.dir/Core/Src/Timer.c.obj
                0x08000f94                TIM2_IRQHandler
 .text.Timer_Init
                0x08001020       0x6e CMakeFiles/Embedded_finalProj_Master.elf.dir/Core/Src/Timer.c.obj
                0x08001020                Timer_Init
 *fill*         0x0800108e        0x2 
 .text.Timer_GetMs
                0x08001090       0x18 CMakeFiles/Embedded_finalProj_Master.elf.dir/Core/Src/Timer.c.obj
                0x08001090                Timer_GetMs
 .text.CalculateScore
                0x080010a8       0xc6 CMakeFiles/Embedded_finalProj_Master.elf.dir/Core/Src/dispatcher.c.obj
 *fill*         0x0800116e        0x2 
 .text.Dispatcher_Init
                0x08001170       0xec CMakeFiles/Embedded_finalProj_Master.elf.dir/Core/Src/dispatcher.c.obj
                0x08001170                Dispatcher_Init
 .text.Dispatcher_RegisterCall
                0x0800125c       0x78 CMakeFiles/Embedded_finalProj_Master.elf.dir/Core/Src/dispatcher.c.obj
                0x0800125c                Dispatcher_RegisterCall
 .text.Dispatcher_AssignTask
                0x080012d4       0x94 CMakeFiles/Embedded_finalProj_Master.elf.dir/Core/Src/dispatcher.c.obj
                0x080012d4                Dispatcher_AssignTask
 .text.Dispatcher_Update
                0x08001368      0x11c CMakeFiles/Embedded_finalProj_Master.elf.dir/Core/Src/dispatcher.c.obj
                0x08001368                Dispatcher_Update
 .text.__get_PRIMASK
                0x08001484       0x1a CMakeFiles/Embedded_finalProj_Master.elf.dir/Core/Src/ipc.c.obj
 .text.__disable_irq
                0x0800149e       0x10 CMakeFiles/Embedded_finalProj_Master.elf.dir/Core/Src/ipc.c.obj
 .text.__set_PRIMASK
                0x080014ae       0x1a CMakeFiles/Embedded_finalProj_Master.elf.dir/Core/Src/ipc.c.obj
 .text.Enter_Critical
                0x080014c8       0x1a CMakeFiles/Embedded_finalProj_Master.elf.dir/Core/Src/ipc.c.obj
 .text.Exit_Critical
                0x080014e2       0x16 CMakeFiles/Embedded_finalProj_Master.elf.dir/Core/Src/ipc.c.obj
 .text.IPC_EncodeFrame
                0x080014f8       0x94 CMakeFiles/Embedded_finalProj_Master.elf.dir/Core/Src/ipc.c.obj
 .text.IPC_DecodeFrame
                0x0800158c       0x74 CMakeFiles/Embedded_finalProj_Master.elf.dir/Core/Src/ipc.c.obj
 .text.IPC_Init
                0x08001600       0x58 CMakeFiles/Embedded_finalProj_Master.elf.dir/Core/Src/ipc.c.obj
                0x08001600                IPC_Init
 .text.IPC_TransmitFrame
                0x08001658       0x48 CMakeFiles/Embedded_finalProj_Master.elf.dir/Core/Src/ipc.c.obj
                0x08001658                IPC_TransmitFrame
 .text.IPC_CheckConsistency
                0x080016a0       0x78 CMakeFiles/Embedded_finalProj_Master.elf.dir/Core/Src/ipc.c.obj
                0x080016a0                IPC_CheckConsistency
 .text.IPC_Update
                0x08001718      0x194 CMakeFiles/Embedded_finalProj_Master.elf.dir/Core/Src/ipc.c.obj
                0x08001718                IPC_Update
 .text.Poll_FloorSensorF1
                0x080018ac       0x48 CMakeFiles/Embedded_finalProj_Master.elf.dir/Core/Src/main.c.obj
 .text.Poll_CabinButtons
                0x080018f4       0xd0 CMakeFiles/Embedded_finalProj_Master.elf.dir/Core/Src/main.c.obj
 .text.SystemInit
                0x080019c4       0x60 CMakeFiles/Embedded_finalProj_Master.elf.dir/Core/Src/main.c.obj
                0x080019c4                SystemInit
 .text.main     0x08001a24       0x70 CMakeFiles/Embedded_finalProj_Master.elf.dir/Core/Src/main.c.obj
                0x08001a24                main
 .text.SysTick_Handler
                0x08001a94        0xc CMakeFiles/Embedded_finalProj_Master.elf.dir/Core/Src/main.c.obj
                0x08001a94                SysTick_Handler
 .text.Pwm_Init
                0x08001aa0       0x98 CMakeFiles/Embedded_finalProj_Master.elf.dir/Core/Src/pwm.c.obj
                0x08001aa0                Pwm_Init
 .text.Pwm_SetDuty
                0x08001b38       0x54 CMakeFiles/Embedded_finalProj_Master.elf.dir/Core/Src/pwm.c.obj
                0x08001b38                Pwm_SetDuty
 .text.Nvic_EnableIrq
                0x08001b8c       0x34 CMakeFiles/Embedded_finalProj_Master.elf.dir/Core/Src/spi.c.obj
 .text.Nvic_SetPriority
                0x08001bc0       0x34 CMakeFiles/Embedded_finalProj_Master.elf.dir/Core/Src/spi.c.obj
 .text.spi_gpio_init
                0x08001bf4       0x5a CMakeFiles/Embedded_finalProj_Master.elf.dir/Core/Src/spi.c.obj
 *fill*         0x08001c4e        0x2 
 .text.spi_hw_config
                0x08001c50       0x74 CMakeFiles/Embedded_finalProj_Master.elf.dir/Core/Src/spi.c.obj
 .text.SPI1_Init_Master
                0x08001cc4       0x24 CMakeFiles/Embedded_finalProj_Master.elf.dir/Core/Src/spi.c.obj
                0x08001cc4                SPI1_Init_Master
 .text.SPI1_Init_Slave
                0x08001ce8       0x24 CMakeFiles/Embedded_finalProj_Master.elf.dir/Core/Src/spi.c.obj
                0x08001ce8                SPI1_Init_Slave
 .text.SPI1_CS_Assert
                0x08001d0c       0x12 CMakeFiles/Embedded_finalProj_Master.elf.dir/Core/Src/spi.c.obj
                0x08001d0c                SPI1_CS_Assert
 .text.SPI1_CS_Release
                0x08001d1e       0x12 CMakeFiles/Embedded_finalProj_Master.elf.dir/Core/Src/spi.c.obj
                0x08001d1e                SPI1_CS_Release
 .text.SPI_MasterTransfer_IT
                0x08001d30       0x88 CMakeFiles/Embedded_finalProj_Master.elf.dir/Core/Src/spi_it.c.obj
                0x08001d30                SPI_MasterTransfer_IT
 .text.SPI_SlavePreload
                0x08001db8       0x60 CMakeFiles/Embedded_finalProj_Master.elf.dir/Core/Src/spi_it.c.obj
                0x08001db8                SPI_SlavePreload
 .text.SPI1_IRQHandler
                0x08001e18       0xc4 CMakeFiles/Embedded_finalProj_Master.elf.dir/Core/Src/spi_it.c.obj
                0x08001e18                SPI1_IRQHandler
 .text.Nvic_EnableIrq
                0x08001edc       0x34 CMakeFiles/Embedded_finalProj_Master.elf.dir/Core/Src/uart_dma.c.obj
 .text.Nvic_SetPriority
                0x08001f10       0x34 CMakeFiles/Embedded_finalProj_Master.elf.dir/Core/Src/uart_dma.c.obj
 .text.UART_DMA_Init
                0x08001f44       0xd4 CMakeFiles/Embedded_finalProj_Master.elf.dir/Core/Src/uart_dma.c.obj
                0x08001f44                UART_DMA_Init
 .text.UART_DMA_Transmit
                0x08002018       0x84 CMakeFiles/Embedded_finalProj_Master.elf.dir/Core/Src/uart_dma.c.obj
                0x08002018                UART_DMA_Transmit
 .text.DMA2_Stream7_IRQHandler
                0x0800209c       0x30 CMakeFiles/Embedded_finalProj_Master.elf.dir/Core/Src/uart_dma.c.obj
                0x0800209c                DMA2_Stream7_IRQHandler
 .text.Reset_Handler
                0x080020cc       0x44 CMakeFiles/Embedded_finalProj_Master.elf.dir/startup/STM32F4xx/STM32F401xE.s.obj
                0x080020cc                Reset_Handler
 .text.Default_Handler
                0x08002110        0x2 CMakeFiles/Embedded_finalProj_Master.elf.dir/startup/STM32F4xx/STM32F401xE.s.obj
                0x08002110                RTC_Alarm_IRQHandler
                0x08002110                DebugMon_Handler
                0x08002110                SPI4_IRQHandler
                0x08002110                TIM1_CC_IRQHandler
                0x08002110                DMA2_Stream5_IRQHandler
                0x08002110                HardFault_Handler
                0x08002110                DMA1_Stream5_IRQHandler
                0x08002110                PVD_IRQHandler
                0x08002110                SDIO_IRQHandler
                0x08002110                TAMP_STAMP_IRQHandler
                0x08002110                PendSV_Handler
                0x08002110                NMI_Handler
                0x08002110                TIM1_UP_TIM10_IRQHandler
                0x08002110                I2C3_ER_IRQHandler
                0x08002110                I2C2_EV_IRQHandler
                0x08002110                DMA1_Stream2_IRQHandler
                0x08002110                FPU_IRQHandler
                0x08002110                UsageFault_Handler
                0x08002110                DMA2_Stream2_IRQHandler
                0x08002110                TIM1_BRK_TIM9_IRQHandler
                0x08002110                DMA2_Stream3_IRQHandler
                0x08002110                USART6_IRQHandler
                0x08002110                DMA2_Stream0_IRQHandler
                0x08002110                TIM4_IRQHandler
                0x08002110                I2C1_EV_IRQHandler
                0x08002110                DMA1_Stream6_IRQHandler
                0x08002110                DMA1_Stream1_IRQHandler
                0x08002110                TIM3_IRQHandler
                0x08002110                RCC_IRQHandler
                0x08002110                Default_Handler
                0x08002110                ADC_IRQHandler
                0x08002110                DMA1_Stream7_IRQHandler
                0x08002110                TIM5_IRQHandler
                0x08002110                I2C3_EV_IRQHandler
                0x08002110                RTC_WKUP_IRQHandler
                0x08002110                SPI2_IRQHandler
                0x08002110                MemManage_Handler
                0x08002110                DMA1_Stream0_IRQHandler
                0x08002110                SVC_Handler
                0x08002110                WWDG_IRQHandler
                0x08002110                OTG_FS_WKUP_IRQHandler
                0x08002110                TIM1_TRG_COM_TIM11_IRQHandler
                0x08002110                USART2_IRQHandler
                0x08002110                I2C2_ER_IRQHandler
                0x08002110                DMA2_Stream1_IRQHandler
                0x08002110                FLASH_IRQHandler
                0x08002110                DMA2_Stream4_IRQHandler
                0x08002110                BusFault_Handler
                0x08002110                USART1_IRQHandler
                0x08002110                OTG_FS_IRQHandler
                0x08002110                SPI3_IRQHandler
                0x08002110                DMA1_Stream4_IRQHandler
                0x08002110                I2C1_ER_IRQHandler
                0x08002110                DMA2_Stream6_IRQHandler
                0x08002110                DMA1_Stream3_IRQHandler
 *fill*         0x08002112        0x2 
 .text.snprintf
                0x08002114       0x6c C:/arm-gnu-toolchain/bin/../lib/gcc/arm-none-eabi/14.3.1/../../../../arm-none-eabi/lib/thumb/v7e-m+fp/hard\libg_nano.a(libc_a-snprintf.o)
                0x08002114                sniprintf
                0x08002114                snprintf
 .text.__libc_init_array
                0x08002180       0x48 C:/arm-gnu-toolchain/bin/../lib/gcc/arm-none-eabi/14.3.1/../../../../arm-none-eabi/lib/thumb/v7e-m+fp/hard\libg_nano.a(libc_a-init.o)
                0x08002180                __libc_init_array
 .text.__retarget_lock_acquire_recursive
                0x080021c8        0x2 C:/arm-gnu-toolchain/bin/../lib/gcc/arm-none-eabi/14.3.1/../../../../arm-none-eabi/lib/thumb/v7e-m+fp/hard\libg_nano.a(libc_a-lock.o)
                0x080021c8                __retarget_lock_acquire_recursive
 .text.__retarget_lock_release_recursive
                0x080021ca        0x2 C:/arm-gnu-toolchain/bin/../lib/gcc/arm-none-eabi/14.3.1/../../../../arm-none-eabi/lib/thumb/v7e-m+fp/hard\libg_nano.a(libc_a-lock.o)
                0x080021ca                __retarget_lock_release_recursive
 .text._free_r  0x080021cc       0x94 C:/arm-gnu-toolchain/bin/../lib/gcc/arm-none-eabi/14.3.1/../../../../arm-none-eabi/lib/thumb/v7e-m+fp/hard\libg_nano.a(libc_a-freer.o)
                0x080021cc                _free_r
 .text.sbrk_aligned
                0x08002260       0x44 C:/arm-gnu-toolchain/bin/../lib/gcc/arm-none-eabi/14.3.1/../../../../arm-none-eabi/lib/thumb/v7e-m+fp/hard\libg_nano.a(libc_a-mallocr.o)
 .text._malloc_r
                0x080022a4      0x100 C:/arm-gnu-toolchain/bin/../lib/gcc/arm-none-eabi/14.3.1/../../../../arm-none-eabi/lib/thumb/v7e-m+fp/hard\libg_nano.a(libc_a-mallocr.o)
                0x080022a4                _malloc_r
 .text.__malloc_lock
                0x080023a4        0xc C:/arm-gnu-toolchain/bin/../lib/gcc/arm-none-eabi/14.3.1/../../../../arm-none-eabi/lib/thumb/v7e-m+fp/hard\libg_nano.a(libc_a-mlock.o)
                0x080023a4                __malloc_lock
 .text.__malloc_unlock
                0x080023b0        0xc C:/arm-gnu-toolchain/bin/../lib/gcc/arm-none-eabi/14.3.1/../../../../arm-none-eabi/lib/thumb/v7e-m+fp/hard\libg_nano.a(libc_a-mlock.o)
                0x080023b0                __malloc_unlock
 .text.__ssputs_r
                0x080023bc       0xc0 C:/arm-gnu-toolchain/bin/../lib/gcc/arm-none-eabi/14.3.1/../../../../arm-none-eabi/lib/thumb/v7e-m+fp/hard\libg_nano.a(libc_a-nano-svfprintf.o)
                0x080023bc                __ssputs_r
 .text._svfprintf_r
                0x0800247c      0x1f0 C:/arm-gnu-toolchain/bin/../lib/gcc/arm-none-eabi/14.3.1/../../../../arm-none-eabi/lib/thumb/v7e-m+fp/hard\libg_nano.a(libc_a-nano-svfprintf.o)
                0x0800247c                _svfiprintf_r
                0x0800247c                _svfprintf_r
 .text._printf_common
                0x0800266c       0xda C:/arm-gnu-toolchain/bin/../lib/gcc/arm-none-eabi/14.3.1/../../../../arm-none-eabi/lib/thumb/v7e-m+fp/hard\libg_nano.a(libc_a-nano-vfprintf_i.o)
                0x0800266c                _printf_common
 *fill*         0x08002746        0x2 
 .text._printf_i
                0x08002748      0x24c C:/arm-gnu-toolchain/bin/../lib/gcc/arm-none-eabi/14.3.1/../../../../arm-none-eabi/lib/thumb/v7e-m+fp/hard\libg_nano.a(libc_a-nano-vfprintf_i.o)
                0x08002748                _printf_i
 .text.memmove  0x08002994       0x32 C:/arm-gnu-toolchain/bin/../lib/gcc/arm-none-eabi/14.3.1/../../../../arm-none-eabi/lib/thumb/v7e-m+fp/hard\libg_nano.a(libc_a-memmove.o)
                0x08002994                memmove
 *fill*         0x080029c6        0x2 
 .text._sbrk_r  0x080029c8       0x20 C:/arm-gnu-toolchain/bin/../lib/gcc/arm-none-eabi/14.3.1/../../../../arm-none-eabi/lib/thumb/v7e-m+fp/hard\libg_nano.a(libc_a-sbrkr.o)
                0x080029c8                _sbrk_r
 .text.memcpy   0x080029e8       0x1c C:/arm-gnu-toolchain/bin/../lib/gcc/arm-none-eabi/14.3.1/../../../../arm-none-eabi/lib/thumb/v7e-m+fp/hard\libg_nano.a(libc_a-memcpy-stub.o)
                0x080029e8                memcpy
 .text._realloc_r
                0x08002a04       0x5c C:/arm-gnu-toolchain/bin/../lib/gcc/arm-none-eabi/14.3.1/../../../../arm-none-eabi/lib/thumb/v7e-m+fp/hard\libg_nano.a(libc_a-reallocr.o)
                0x08002a04                _realloc_r
 .text._malloc_usable_size_r
                0x08002a60       0x10 C:/arm-gnu-toolchain/bin/../lib/gcc/arm-none-eabi/14.3.1/../../../../arm-none-eabi/lib/thumb/v7e-m+fp/hard\libg_nano.a(libc_a-msizer.o)
                0x08002a60                _malloc_usable_size_r
 *(.glue_7)
 .glue_7        0x08002a70        0x0 linker stubs
 *(.glue_7t)
 .glue_7t       0x08002a70        0x0 linker stubs
 *(.eh_frame)
 .eh_frame      0x08002a70        0x0 C:/arm-gnu-toolchain/bin/../lib/gcc/arm-none-eabi/14.3.1/thumb/v7e-m+fp/hard/crtbegin.o
 *(.init)
 .init          0x08002a70        0x4 C:/arm-gnu-toolchain/bin/../lib/gcc/arm-none-eabi/14.3.1/thumb/v7e-m+fp/hard/crti.o
                0x08002a70                _init
 .init          0x08002a74        0x8 C:/arm-gnu-toolchain/bin/../lib/gcc/arm-none-eabi/14.3.1/thumb/v7e-m+fp/hard/crtn.o
 *(.fini)
 .fini          0x08002a7c        0x4 C:/arm-gnu-toolchain/bin/../lib/gcc/arm-none-eabi/14.3.1/thumb/v7e-m+fp/hard/crti.o
                0x08002a7c                _fini
 .fini          0x08002a80        0x8 C:/arm-gnu-toolchain/bin/../lib/gcc/arm-none-eabi/14.3.1/thumb/v7e-m+fp/hard/crtn.o
                0x08002a88                        . = ALIGN (0x4)
                0x08002a88                        __text_end = .

.vfp11_veneer   0x08002a88        0x0
 .vfp11_veneer  0x08002a88        0x0 linker stubs

.v4_bx          0x08002a88        0x0
 .v4_bx         0x08002a88        0x0 linker stubs

.iplt           0x08002a88        0x0
 .iplt          0x08002a88        0x0 C:/arm-gnu-toolchain/bin/../lib/gcc/arm-none-eabi/14.3.1/thumb/v7e-m+fp/hard/crtbegin.o

.rodata         0x08002a88       0x60
                0x08002a88                        . = ALIGN (0x4)
                0x08002a88                        __rodata_start = .
 *(.rodata)
 .rodata        0x08002a88       0x2b CMakeFiles/Embedded_finalProj_Master.elf.dir/Core/Src/Elevator.c.obj
 *(.rodata*)
 .rodata._svfprintf_r.str1.1
                0x08002ab3       0x33 C:/arm-gnu-toolchain/bin/../lib/gcc/arm-none-eabi/14.3.1/../../../../arm-none-eabi/lib/thumb/v7e-m+fp/hard\libg_nano.a(libc_a-nano-svfprintf.o)
                                 0x11 (size before relaxing)
 .rodata._printf_i.str1.1
                0x08002ae6       0x22 C:/arm-gnu-toolchain/bin/../lib/gcc/arm-none-eabi/14.3.1/../../../../arm-none-eabi/lib/thumb/v7e-m+fp/hard\libg_nano.a(libc_a-nano-vfprintf_i.o)
                0x08002b08                        . = ALIGN (0x4)
 *fill*         0x08002ae6        0x2 
                0x08002ae8                        __rodata_end = .

.ARM.extab
 *(.ARM.extab* .gnu.linkonce.armextab.*)

.ARM            0x08002ae8        0x8
                0x08002ae8                        __exidx_start = .
 *(.ARM.exidx*)
 .ARM.exidx     0x08002ae8        0x8 C:/arm-gnu-toolchain/bin/../lib/gcc/arm-none-eabi/14.3.1/../../../../arm-none-eabi/lib/thumb/v7e-m+fp/hard\libg_nano.a(libc_a-memchr.o)
                0x08002af0                        __exidx_end = .

.rel.dyn        0x08002af0        0x0
 .rel.iplt      0x08002af0        0x0 C:/arm-gnu-toolchain/bin/../lib/gcc/arm-none-eabi/14.3.1/thumb/v7e-m+fp/hard/crtbegin.o

.preinit_array  0x08002af0        0x0
                0x08002af0                        PROVIDE (__preinit_array_start = .)
 *(.preinit_array*)
                0x08002af0                        PROVIDE (__preinit_array_end = .)

.init_array     0x08002af0        0x4
                0x08002af0                        PROVIDE (__init_array_start = .)
 *(.init_array*)
 .init_array    0x08002af0        0x4 C:/arm-gnu-toolchain/bin/../lib/gcc/arm-none-eabi/14.3.1/thumb/v7e-m+fp/hard/crtbegin.o
                0x08002af4                        PROVIDE (__init_array_end = .)

.fini_array     0x08002af4        0x4
                [!provide]                        PROVIDE (__fini_array_start = .)
 *(.fini_array*)
 .fini_array    0x08002af4        0x4 C:/arm-gnu-toolchain/bin/../lib/gcc/arm-none-eabi/14.3.1/thumb/v7e-m+fp/hard/crtbegin.o
                [!provide]                        PROVIDE (__fini_array_end = .)
                0x08002af8                        __data_flash_start = LOADADDR (.data)

.data           0x20000000       0x68 load address 0x08002af8
                0x20000000                        . = ALIGN (0x4)
                0x20000000                        __data_start = .
 *(.data)
 *(.data*)
 .data.addressMap
                0x20000000       0x10 CMakeFiles/Embedded_finalProj_Master.elf.dir/Core/Src/Gpio.c.obj
                0x20000000                addressMap
 .data.poll_f1_last
                0x20000010        0x1 CMakeFiles/Embedded_finalProj_Master.elf.dir/Core/Src/main.c.obj
 .data.poll_pa0_last
                0x20000011        0x1 CMakeFiles/Embedded_finalProj_Master.elf.dir/Core/Src/main.c.obj
 .data.poll_pa1_last
                0x20000012        0x1 CMakeFiles/Embedded_finalProj_Master.elf.dir/Core/Src/main.c.obj
 .data.poll_pa2_last
                0x20000013        0x1 CMakeFiles/Embedded_finalProj_Master.elf.dir/Core/Src/main.c.obj
 .data.poll_pa3_last
                0x20000014        0x1 CMakeFiles/Embedded_finalProj_Master.elf.dir/Core/Src/main.c.obj
 *fill*         0x20000015        0x3 
 .data._impure_ptr
                0x20000018        0x4 C:/arm-gnu-toolchain/bin/../lib/gcc/arm-none-eabi/14.3.1/../../../../arm-none-eabi/lib/thumb/v7e-m+fp/hard\libg_nano.a(libc_a-impure.o)
                0x20000018                _impure_ptr
 .data._impure_data
                0x2000001c       0x4c C:/arm-gnu-toolchain/bin/../lib/gcc/arm-none-eabi/14.3.1/../../../../arm-none-eabi/lib/thumb/v7e-m+fp/hard\libg_nano.a(libc_a-impure.o)
                0x2000001c                _impure_data
                0x20000068                        . = ALIGN (0x4)
                0x20000068                        __data_end = .

.tm_clone_table
                0x20000068        0x0 load address 0x08002b60
 .tm_clone_table
                0x20000068        0x0 C:/arm-gnu-toolchain/bin/../lib/gcc/arm-none-eabi/14.3.1/thumb/v7e-m+fp/hard/crtbegin.o
 .tm_clone_table
                0x20000068        0x0 C:/arm-gnu-toolchain/bin/../lib/gcc/arm-none-eabi/14.3.1/thumb/v7e-m+fp/hard/crtend.o

.igot.plt       0x20000068        0x0 load address 0x08002b60
 .igot.plt      0x20000068        0x0 C:/arm-gnu-toolchain/bin/../lib/gcc/arm-none-eabi/14.3.1/thumb/v7e-m+fp/hard/crtbegin.o

.bss            0x20000068      0x260 load address 0x08002b60
                0x20000068                        . = ALIGN (0x4)
                0x20000068                        __bss_start = .
                0x20000068                        __bss_start__ = __bss_start
 *(.bss)
 *(.bss*)
 .bss.completed.1
                0x20000068        0x1 C:/arm-gnu-toolchain/bin/../lib/gcc/arm-none-eabi/14.3.1/thumb/v7e-m+fp/hard/crtbegin.o
 *fill*         0x20000069        0x3 
 .bss.object.0  0x2000006c       0x18 C:/arm-gnu-toolchain/bin/../lib/gcc/arm-none-eabi/14.3.1/thumb/v7e-m+fp/hard/crtbegin.o
 .bss.GSS       0x20000084       0x2c CMakeFiles/Embedded_finalProj_Master.elf.dir/Core/Src/Elevator.c.obj
                0x20000084                GSS
 .bss.door_tick_count.0
                0x200000b0        0x1 CMakeFiles/Embedded_finalProj_Master.elf.dir/Core/Src/Elevator.c.obj
 *fill*         0x200000b1        0x3 
 .bss.tick_ms   0x200000b4        0x4 CMakeFiles/Embedded_finalProj_Master.elf.dir/Core/Src/Timer.c.obj
 .bss.HallwayQueue
                0x200000b8       0x18 CMakeFiles/Embedded_finalProj_Master.elf.dir/Core/Src/dispatcher.c.obj
 .bss.tx_raw    0x200000d0        0x8 CMakeFiles/Embedded_finalProj_Master.elf.dir/Core/Src/ipc.c.obj
 .bss.rx_raw    0x200000d8        0x8 CMakeFiles/Embedded_finalProj_Master.elf.dir/Core/Src/ipc.c.obj
 .bss.is_master_node
                0x200000e0        0x1 CMakeFiles/Embedded_finalProj_Master.elf.dir/Core/Src/ipc.c.obj
 *fill*         0x200000e1        0x3 
 .bss.SPI1_Handle
                0x200000e4       0x18 CMakeFiles/Embedded_finalProj_Master.elf.dir/Core/Src/spi.c.obj
                0x200000e4                SPI1_Handle
 .bss.UART_TxBuf
                0x200000fc       0x80 CMakeFiles/Embedded_finalProj_Master.elf.dir/Core/Src/uart_dma.c.obj
                0x200000fc                UART_TxBuf
 .bss.UART_DMA_Busy
                0x2000017c        0x1 CMakeFiles/Embedded_finalProj_Master.elf.dir/Core/Src/uart_dma.c.obj
                0x2000017c                UART_DMA_Busy
 *fill*         0x2000017d        0x3 
 .bss.__sf      0x20000180      0x138 C:/arm-gnu-toolchain/bin/../lib/gcc/arm-none-eabi/14.3.1/../../../../arm-none-eabi/lib/thumb/v7e-m+fp/hard\libg_nano.a(libc_a-findfp.o)
                0x20000180                __sf
 .bss.errno     0x200002b8        0x4 C:/arm-gnu-toolchain/bin/../lib/gcc/arm-none-eabi/14.3.1/../../../../arm-none-eabi/lib/thumb/v7e-m+fp/hard\libg_nano.a(libc_a-reent.o)
                0x200002b8                errno
 .bss.__lock___malloc_recursive_mutex
                0x200002bc        0x1 C:/arm-gnu-toolchain/bin/../lib/gcc/arm-none-eabi/14.3.1/../../../../arm-none-eabi/lib/thumb/v7e-m+fp/hard\libg_nano.a(libc_a-lock.o)
                0x200002bc                __lock___malloc_recursive_mutex
 *fill*         0x200002bd        0x3 
 .bss.__malloc_sbrk_start
                0x200002c0        0x4 C:/arm-gnu-toolchain/bin/../lib/gcc/arm-none-eabi/14.3.1/../../../../arm-none-eabi/lib/thumb/v7e-m+fp/hard\libg_nano.a(libc_a-mallocr.o)
                0x200002c0                __malloc_sbrk_start
 .bss.__malloc_free_list
                0x200002c4        0x4 C:/arm-gnu-toolchain/bin/../lib/gcc/arm-none-eabi/14.3.1/../../../../arm-none-eabi/lib/thumb/v7e-m+fp/hard\libg_nano.a(libc_a-mallocr.o)
                0x200002c4                __malloc_free_list
 *(COMMON)
                0x200002c8                        . = ALIGN (0x4)
                0x200002c8                        __bss_end = .
                0x200002c8                        __bss_end__ = __bss_end
                0x08002b60                        __cmmdata_flash_start = LOADADDR (.ccmram)

.ccmram         0x10000000        0x0 load address 0x08002b60
                0x10000000                        . = ALIGN (0x4)
                0x10000000                        __ccmdata_start = .
 *(.ccmram)
 *(.ccmram*)
                0x10000000                        . = ALIGN (0x4)
                0x10000000                        __ccmdata_end = .

._user_heap_stack
                0x200002c8      0x600
                0x200002c8                        . = ALIGN (0x4)
                [!provide]                        PROVIDE (end = .)
                [!provide]                        PROVIDE (_end = .)
                0x200004c8                        . = (. + 0x200)
 *fill*         0x200002c8      0x200 
                0x200008c8                        . = (. + 0x400)
 *fill*         0x200004c8      0x400 
                0x200008c8                        . = ALIGN (0x4)

/DISCARD/
 libc.a(*)
 libm.a(*)
 libgcc.a(*)

.ARM.attributes
                0x00000000       0x30
 *(.ARM.attributes)
 .ARM.attributes
                0x00000000       0x22 C:/arm-gnu-toolchain/bin/../lib/gcc/arm-none-eabi/14.3.1/thumb/v7e-m+fp/hard/crti.o
 .ARM.attributes
                0x00000022       0x34 C:/arm-gnu-toolchain/bin/../lib/gcc/arm-none-eabi/14.3.1/thumb/v7e-m+fp/hard/crtbegin.o
 .ARM.attributes
                0x00000056       0x34 CMakeFiles/Embedded_finalProj_Master.elf.dir/Core/Src/Elevator.c.obj
 .ARM.attributes
                0x0000008a       0x34 CMakeFiles/Embedded_finalProj_Master.elf.dir/Core/Src/Gpio.c.obj
 .ARM.attributes
                0x000000be       0x34 CMakeFiles/Embedded_finalProj_Master.elf.dir/Core/Src/RCC.c.obj
 .ARM.attributes
                0x000000f2       0x34 CMakeFiles/Embedded_finalProj_Master.elf.dir/Core/Src/Timer.c.obj
 .ARM.attributes
                0x00000126       0x34 CMakeFiles/Embedded_finalProj_Master.elf.dir/Core/Src/dispatcher.c.obj
 .ARM.attributes
                0x0000015a       0x34 CMakeFiles/Embedded_finalProj_Master.elf.dir/Core/Src/ipc.c.obj
 .ARM.attributes
                0x0000018e       0x34 CMakeFiles/Embedded_finalProj_Master.elf.dir/Core/Src/main.c.obj
 .ARM.attributes
                0x000001c2       0x34 CMakeFiles/Embedded_finalProj_Master.elf.dir/Core/Src/pwm.c.obj
 .ARM.attributes
                0x000001f6       0x34 CMakeFiles/Embedded_finalProj_Master.elf.dir/Core/Src/spi.c.obj
 .ARM.attributes
                0x0000022a       0x34 CMakeFiles/Embedded_finalProj_Master.elf.dir/Core/Src/spi_it.c.obj
 .ARM.attributes
                0x0000025e       0x34 CMakeFiles/Embedded_finalProj_Master.elf.dir/Core/Src/uart_dma.c.obj
 .ARM.attributes
                0x00000292       0x20 CMakeFiles/Embedded_finalProj_Master.elf.dir/startup/STM32F4xx/STM32F401xE.s.obj
 .ARM.attributes
                0x000002b2       0x34 C:/arm-gnu-toolchain/bin/../lib/gcc/arm-none-eabi/14.3.1/../../../../arm-none-eabi/lib/thumb/v7e-m+fp/hard\libg_nano.a(libc_a-findfp.o)
 .ARM.attributes
                0x000002e6       0x34 C:/arm-gnu-toolchain/bin/../lib/gcc/arm-none-eabi/14.3.1/../../../../arm-none-eabi/lib/thumb/v7e-m+fp/hard\libg_nano.a(libc_a-snprintf.o)
 .ARM.attributes
                0x0000031a       0x34 C:/arm-gnu-toolchain/bin/../lib/gcc/arm-none-eabi/14.3.1/../../../../arm-none-eabi/lib/thumb/v7e-m+fp/hard\libg_nano.a(libc_a-reent.o)
 .ARM.attributes
                0x0000034e       0x34 C:/arm-gnu-toolchain/bin/../lib/gcc/arm-none-eabi/14.3.1/../../../../arm-none-eabi/lib/thumb/v7e-m+fp/hard\libg_nano.a(libc_a-impure.o)
 .ARM.attributes
                0x00000382       0x34 C:/arm-gnu-toolchain/bin/../lib/gcc/arm-none-eabi/14.3.1/../../../../arm-none-eabi/lib/thumb/v7e-m+fp/hard\libg_nano.a(libc_a-init.o)
 .ARM.attributes
                0x000003b6       0x34 C:/arm-gnu-toolchain/bin/../lib/gcc/arm-none-eabi/14.3.1/../../../../arm-none-eabi/lib/thumb/v7e-m+fp/hard\libg_nano.a(libc_a-lock.o)
 .ARM.attributes
                0x000003ea       0x34 C:/arm-gnu-toolchain/bin/../lib/gcc/arm-none-eabi/14.3.1/../../../../arm-none-eabi/lib/thumb/v7e-m+fp/hard\libg_nano.a(libc_a-freer.o)
 .ARM.attributes
                0x0000041e       0x34 C:/arm-gnu-toolchain/bin/../lib/gcc/arm-none-eabi/14.3.1/../../../../arm-none-eabi/lib/thumb/v7e-m+fp/hard\libg_nano.a(libc_a-mallocr.o)
 .ARM.attributes
                0x00000452       0x34 C:/arm-gnu-toolchain/bin/../lib/gcc/arm-none-eabi/14.3.1/../../../../arm-none-eabi/lib/thumb/v7e-m+fp/hard\libg_nano.a(libc_a-mlock.o)
 .ARM.attributes
                0x00000486       0x34 C:/arm-gnu-toolchain/bin/../lib/gcc/arm-none-eabi/14.3.1/../../../../arm-none-eabi/lib/thumb/v7e-m+fp/hard\libg_nano.a(libc_a-nano-svfprintf.o)
 .ARM.attributes
                0x000004ba       0x34 C:/arm-gnu-toolchain/bin/../lib/gcc/arm-none-eabi/14.3.1/../../../../arm-none-eabi/lib/thumb/v7e-m+fp/hard\libg_nano.a(libc_a-nano-vfprintf_i.o)
 .ARM.attributes
                0x000004ee       0x34 C:/arm-gnu-toolchain/bin/../lib/gcc/arm-none-eabi/14.3.1/../../../../arm-none-eabi/lib/thumb/v7e-m+fp/hard\libg_nano.a(libc_a-memmove.o)
 .ARM.attributes
                0x00000522       0x34 C:/arm-gnu-toolchain/bin/../lib/gcc/arm-none-eabi/14.3.1/../../../../arm-none-eabi/lib/thumb/v7e-m+fp/hard\libg_nano.a(libc_a-sbrkr.o)
 .ARM.attributes
                0x00000556       0x1c C:/arm-gnu-toolchain/bin/../lib/gcc/arm-none-eabi/14.3.1/../../../../arm-none-eabi/lib/thumb/v7e-m+fp/hard\libg_nano.a(libc_a-memchr.o)
 .ARM.attributes
                0x00000572       0x34 C:/arm-gnu-toolchain/bin/../lib/gcc/arm-none-eabi/14.3.1/../../../../arm-none-eabi/lib/thumb/v7e-m+fp/hard\libg_nano.a(libc_a-memcpy-stub.o)
 .ARM.attributes
                0x000005a6       0x34 C:/arm-gnu-toolchain/bin/../lib/gcc/arm-none-eabi/14.3.1/../../../../arm-none-eabi/lib/thumb/v7e-m+fp/hard\libg_nano.a(libc_a-reallocr.o)
 .ARM.attributes
                0x000005da       0x34 C:/arm-gnu-toolchain/bin/../lib/gcc/arm-none-eabi/14.3.1/../../../../arm-none-eabi/lib/thumb/v7e-m+fp/hard\libg_nano.a(libc_a-msizer.o)
 .ARM.attributes
                0x0000060e       0x34 C:/arm-gnu-toolchain/bin/../lib/gcc/arm-none-eabi/14.3.1/thumb/v7e-m+fp/hard/crtend.o
 .ARM.attributes
                0x00000642       0x22 C:/arm-gnu-toolchain/bin/../lib/gcc/arm-none-eabi/14.3.1/thumb/v7e-m+fp/hard/crtn.o
OUTPUT(Embedded_finalProj_Master.elf elf32-littlearm)
LOAD linker stubs
LOAD C:/arm-gnu-toolchain/bin/../lib/gcc/arm-none-eabi/14.3.1/../../../../arm-none-eabi/lib/thumb/v7e-m+fp/hard\libc.a
LOAD C:/arm-gnu-toolchain/bin/../lib/gcc/arm-none-eabi/14.3.1/../../../../arm-none-eabi/lib/thumb/v7e-m+fp/hard\libm.a
LOAD C:/arm-gnu-toolchain/bin/../lib/gcc/arm-none-eabi/14.3.1/thumb/v7e-m+fp/hard\libgcc.a

.debug_info     0x00000000     0x3045
 .debug_info    0x00000000      0x977 CMakeFiles/Embedded_finalProj_Master.elf.dir/Core/Src/Elevator.c.obj
 .debug_info    0x00000977      0x300 CMakeFiles/Embedded_finalProj_Master.elf.dir/Core/Src/Gpio.c.obj
 .debug_info    0x00000c77      0x220 CMakeFiles/Embedded_finalProj_Master.elf.dir/Core/Src/RCC.c.obj
 .debug_info    0x00000e97      0x4b5 CMakeFiles/Embedded_finalProj_Master.elf.dir/Core/Src/Timer.c.obj
 .debug_info    0x0000134c      0x50d CMakeFiles/Embedded_finalProj_Master.elf.dir/Core/Src/dispatcher.c.obj
 .debug_info    0x00001859      0x5cf CMakeFiles/Embedded_finalProj_Master.elf.dir/Core/Src/ipc.c.obj
 .debug_info    0x00001e28      0x5a9 CMakeFiles/Embedded_finalProj_Master.elf.dir/Core/Src/main.c.obj
 .debug_info    0x000023d1      0x2ba CMakeFiles/Embedded_finalProj_Master.elf.dir/Core/Src/pwm.c.obj
 .debug_info    0x0000268b      0x39f CMakeFiles/Embedded_finalProj_Master.elf.dir/Core/Src/spi.c.obj
 .debug_info    0x00002a2a      0x2a2 CMakeFiles/Embedded_finalProj_Master.elf.dir/Core/Src/spi_it.c.obj
 .debug_info    0x00002ccc      0x349 CMakeFiles/Embedded_finalProj_Master.elf.dir/Core/Src/uart_dma.c.obj
 .debug_info    0x00003015       0x30 CMakeFiles/Embedded_finalProj_Master.elf.dir/startup/STM32F4xx/STM32F401xE.s.obj

.debug_abbrev   0x00000000     0x129e
 .debug_abbrev  0x00000000      0x320 CMakeFiles/Embedded_finalProj_Master.elf.dir/Core/Src/Elevator.c.obj
 .debug_abbrev  0x00000320      0x143 CMakeFiles/Embedded_finalProj_Master.elf.dir/Core/Src/Gpio.c.obj
 .debug_abbrev  0x00000463      0x109 CMakeFiles/Embedded_finalProj_Master.elf.dir/Core/Src/RCC.c.obj
 .debug_abbrev  0x0000056c      0x200 CMakeFiles/Embedded_finalProj_Master.elf.dir/Core/Src/Timer.c.obj
 .debug_abbrev  0x0000076c      0x187 CMakeFiles/Embedded_finalProj_Master.elf.dir/Core/Src/dispatcher.c.obj
 .debug_abbrev  0x000008f3      0x211 CMakeFiles/Embedded_finalProj_Master.elf.dir/Core/Src/ipc.c.obj
 .debug_abbrev  0x00000b04      0x184 CMakeFiles/Embedded_finalProj_Master.elf.dir/Core/Src/main.c.obj
 .debug_abbrev  0x00000c88      0x13d CMakeFiles/Embedded_finalProj_Master.elf.dir/Core/Src/pwm.c.obj
 .debug_abbrev  0x00000dc5      0x1ae CMakeFiles/Embedded_finalProj_Master.elf.dir/Core/Src/spi.c.obj
 .debug_abbrev  0x00000f73      0x156 CMakeFiles/Embedded_finalProj_Master.elf.dir/Core/Src/spi_it.c.obj
 .debug_abbrev  0x000010c9      0x1b1 CMakeFiles/Embedded_finalProj_Master.elf.dir/Core/Src/uart_dma.c.obj
 .debug_abbrev  0x0000127a       0x24 CMakeFiles/Embedded_finalProj_Master.elf.dir/startup/STM32F4xx/STM32F401xE.s.obj

.debug_aranges  0x00000000      0x390
 .debug_aranges
                0x00000000       0xd0 CMakeFiles/Embedded_finalProj_Master.elf.dir/Core/Src/Elevator.c.obj
 .debug_aranges
                0x000000d0       0x38 CMakeFiles/Embedded_finalProj_Master.elf.dir/Core/Src/Gpio.c.obj
 .debug_aranges
                0x00000108       0x28 CMakeFiles/Embedded_finalProj_Master.elf.dir/Core/Src/RCC.c.obj
 .debug_aranges
                0x00000130       0x50 CMakeFiles/Embedded_finalProj_Master.elf.dir/Core/Src/Timer.c.obj
 .debug_aranges
                0x00000180       0x40 CMakeFiles/Embedded_finalProj_Master.elf.dir/Core/Src/dispatcher.c.obj
 .debug_aranges
                0x000001c0       0x70 CMakeFiles/Embedded_finalProj_Master.elf.dir/Core/Src/ipc.c.obj
 .debug_aranges
                0x00000230       0x40 CMakeFiles/Embedded_finalProj_Master.elf.dir/Core/Src/main.c.obj
 .debug_aranges
                0x00000270       0x30 CMakeFiles/Embedded_finalProj_Master.elf.dir/Core/Src/pwm.c.obj
 .debug_aranges
                0x000002a0       0x58 CMakeFiles/Embedded_finalProj_Master.elf.dir/Core/Src/spi.c.obj
 .debug_aranges
                0x000002f8       0x30 CMakeFiles/Embedded_finalProj_Master.elf.dir/Core/Src/spi_it.c.obj
 .debug_aranges
                0x00000328       0x40 CMakeFiles/Embedded_finalProj_Master.elf.dir/Core/Src/uart_dma.c.obj
 .debug_aranges
                0x00000368       0x28 CMakeFiles/Embedded_finalProj_Master.elf.dir/startup/STM32F4xx/STM32F401xE.s.obj

.debug_rnglists
                0x00000000      0x2a0
 .debug_rnglists
                0x00000000       0xab CMakeFiles/Embedded_finalProj_Master.elf.dir/Core/Src/Elevator.c.obj
 .debug_rnglists
                0x000000ab       0x28 CMakeFiles/Embedded_finalProj_Master.elf.dir/Core/Src/Gpio.c.obj
 .debug_rnglists
                0x000000d3       0x19 CMakeFiles/Embedded_finalProj_Master.elf.dir/Core/Src/RCC.c.obj
 .debug_rnglists
                0x000000ec       0x38 CMakeFiles/Embedded_finalProj_Master.elf.dir/Core/Src/Timer.c.obj
 .debug_rnglists
                0x00000124       0x3b CMakeFiles/Embedded_finalProj_Master.elf.dir/Core/Src/dispatcher.c.obj
 .debug_rnglists
                0x0000015f       0x51 CMakeFiles/Embedded_finalProj_Master.elf.dir/Core/Src/ipc.c.obj
 .debug_rnglists
                0x000001b0       0x2c CMakeFiles/Embedded_finalProj_Master.elf.dir/Core/Src/main.c.obj
 .debug_rnglists
                0x000001dc       0x20 CMakeFiles/Embedded_finalProj_Master.elf.dir/Core/Src/pwm.c.obj
 .debug_rnglists
                0x000001fc       0x3d CMakeFiles/Embedded_finalProj_Master.elf.dir/Core/Src/spi.c.obj
 .debug_rnglists
                0x00000239       0x21 CMakeFiles/Embedded_finalProj_Master.elf.dir/Core/Src/spi_it.c.obj
 .debug_rnglists
                0x0000025a       0x2d CMakeFiles/Embedded_finalProj_Master.elf.dir/Core/Src/uart_dma.c.obj
 .debug_rnglists
                0x00000287       0x19 CMakeFiles/Embedded_finalProj_Master.elf.dir/startup/STM32F4xx/STM32F401xE.s.obj

.debug_line     0x00000000     0x2014
 .debug_line    0x00000000      0x7d1 CMakeFiles/Embedded_finalProj_Master.elf.dir/Core/Src/Elevator.c.obj
 .debug_line    0x000007d1      0x209 CMakeFiles/Embedded_finalProj_Master.elf.dir/Core/Src/Gpio.c.obj
 .debug_line    0x000009da      0x16a CMakeFiles/Embedded_finalProj_Master.elf.dir/Core/Src/RCC.c.obj
 .debug_line    0x00000b44      0x272 CMakeFiles/Embedded_finalProj_Master.elf.dir/Core/Src/Timer.c.obj
 .debug_line    0x00000db6      0x37c CMakeFiles/Embedded_finalProj_Master.elf.dir/Core/Src/dispatcher.c.obj
 .debug_line    0x00001132      0x457 CMakeFiles/Embedded_finalProj_Master.elf.dir/Core/Src/ipc.c.obj
 .debug_line    0x00001589      0x2c2 CMakeFiles/Embedded_finalProj_Master.elf.dir/Core/Src/main.c.obj
 .debug_line    0x0000184b      0x163 CMakeFiles/Embedded_finalProj_Master.elf.dir/Core/Src/pwm.c.obj
 .debug_line    0x000019ae      0x1e6 CMakeFiles/Embedded_finalProj_Master.elf.dir/Core/Src/spi.c.obj
 .debug_line    0x00001b94      0x1df CMakeFiles/Embedded_finalProj_Master.elf.dir/Core/Src/spi_it.c.obj
 .debug_line    0x00001d73      0x229 CMakeFiles/Embedded_finalProj_Master.elf.dir/Core/Src/uart_dma.c.obj
 .debug_line    0x00001f9c       0x78 CMakeFiles/Embedded_finalProj_Master.elf.dir/startup/STM32F4xx/STM32F401xE.s.obj

.debug_str      0x00000000      0xf73
 .debug_str     0x00000000      0xf73 CMakeFiles/Embedded_finalProj_Master.elf.dir/Core/Src/Elevator.c.obj
                                0x6bd (size before relaxing)
 .debug_str     0x00000f73      0x2a6 CMakeFiles/Embedded_finalProj_Master.elf.dir/Core/Src/Gpio.c.obj
 .debug_str     0x00000f73      0x2e2 CMakeFiles/Embedded_finalProj_Master.elf.dir/Core/Src/RCC.c.obj
 .debug_str     0x00000f73      0x46c CMakeFiles/Embedded_finalProj_Master.elf.dir/Core/Src/Timer.c.obj
 .debug_str     0x00000f73      0x48d CMakeFiles/Embedded_finalProj_Master.elf.dir/Core/Src/dispatcher.c.obj
 .debug_str     0x00000f73      0x4b8 CMakeFiles/Embedded_finalProj_Master.elf.dir/Core/Src/ipc.c.obj
 .debug_str     0x00000f73      0x516 CMakeFiles/Embedded_finalProj_Master.elf.dir/Core/Src/main.c.obj
 .debug_str     0x00000f73      0x2ca CMakeFiles/Embedded_finalProj_Master.elf.dir/Core/Src/pwm.c.obj
 .debug_str     0x00000f73      0x37a CMakeFiles/Embedded_finalProj_Master.elf.dir/Core/Src/spi.c.obj
 .debug_str     0x00000f73      0x281 CMakeFiles/Embedded_finalProj_Master.elf.dir/Core/Src/spi_it.c.obj
 .debug_str     0x00000f73      0x335 CMakeFiles/Embedded_finalProj_Master.elf.dir/Core/Src/uart_dma.c.obj
 .debug_str     0x00000f73       0x8f CMakeFiles/Embedded_finalProj_Master.elf.dir/startup/STM32F4xx/STM32F401xE.s.obj

.comment        0x00000000       0x46
 .comment       0x00000000       0x46 CMakeFiles/Embedded_finalProj_Master.elf.dir/Core/Src/Elevator.c.obj
                                 0x47 (size before relaxing)
 .comment       0x00000046       0x47 CMakeFiles/Embedded_finalProj_Master.elf.dir/Core/Src/Gpio.c.obj
 .comment       0x00000046       0x47 CMakeFiles/Embedded_finalProj_Master.elf.dir/Core/Src/RCC.c.obj
 .comment       0x00000046       0x47 CMakeFiles/Embedded_finalProj_Master.elf.dir/Core/Src/Timer.c.obj
 .comment       0x00000046       0x47 CMakeFiles/Embedded_finalProj_Master.elf.dir/Core/Src/dispatcher.c.obj
 .comment       0x00000046       0x47 CMakeFiles/Embedded_finalProj_Master.elf.dir/Core/Src/ipc.c.obj
 .comment       0x00000046       0x47 CMakeFiles/Embedded_finalProj_Master.elf.dir/Core/Src/main.c.obj
 .comment       0x00000046       0x47 CMakeFiles/Embedded_finalProj_Master.elf.dir/Core/Src/pwm.c.obj
 .comment       0x00000046       0x47 CMakeFiles/Embedded_finalProj_Master.elf.dir/Core/Src/spi.c.obj
 .comment       0x00000046       0x47 CMakeFiles/Embedded_finalProj_Master.elf.dir/Core/Src/spi_it.c.obj
 .comment       0x00000046       0x47 CMakeFiles/Embedded_finalProj_Master.elf.dir/Core/Src/uart_dma.c.obj

.debug_frame    0x00000000     0x10fc
 .debug_frame   0x00000000      0x344 CMakeFiles/Embedded_finalProj_Master.elf.dir/Core/Src/Elevator.c.obj
 .debug_frame   0x00000344       0xb4 CMakeFiles/Embedded_finalProj_Master.elf.dir/Core/Src/Gpio.c.obj
 .debug_frame   0x000003f8       0x58 CMakeFiles/Embedded_finalProj_Master.elf.dir/Core/Src/RCC.c.obj
 .debug_frame   0x00000450      0x10c CMakeFiles/Embedded_finalProj_Master.elf.dir/Core/Src/Timer.c.obj
 .debug_frame   0x0000055c       0xd4 CMakeFiles/Embedded_finalProj_Master.elf.dir/Core/Src/dispatcher.c.obj
 .debug_frame   0x00000630      0x1a8 CMakeFiles/Embedded_finalProj_Master.elf.dir/Core/Src/ipc.c.obj
 .debug_frame   0x000007d8       0xbc CMakeFiles/Embedded_finalProj_Master.elf.dir/Core/Src/main.c.obj
 .debug_frame   0x00000894       0x74 CMakeFiles/Embedded_finalProj_Master.elf.dir/Core/Src/pwm.c.obj
 .debug_frame   0x00000908      0x110 CMakeFiles/Embedded_finalProj_Master.elf.dir/Core/Src/spi.c.obj
 .debug_frame   0x00000a18       0x80 CMakeFiles/Embedded_finalProj_Master.elf.dir/Core/Src/spi_it.c.obj
 .debug_frame   0x00000a98       0xc4 CMakeFiles/Embedded_finalProj_Master.elf.dir/Core/Src/uart_dma.c.obj
 .debug_frame   0x00000b5c      0x144 C:/arm-gnu-toolchain/bin/../lib/gcc/arm-none-eabi/14.3.1/../../../../arm-none-eabi/lib/thumb/v7e-m+fp/hard\libg_nano.a(libc_a-findfp.o)
 .debug_frame   0x00000ca0       0x7c C:/arm-gnu-toolchain/bin/../lib/gcc/arm-none-eabi/14.3.1/../../../../arm-none-eabi/lib/thumb/v7e-m+fp/hard\libg_nano.a(libc_a-snprintf.o)
 .debug_frame   0x00000d1c       0x38 C:/arm-gnu-toolchain/bin/../lib/gcc/arm-none-eabi/14.3.1/../../../../arm-none-eabi/lib/thumb/v7e-m+fp/hard\libg_nano.a(libc_a-reent.o)
 .debug_frame   0x00000d54       0x2c C:/arm-gnu-toolchain/bin/../lib/gcc/arm-none-eabi/14.3.1/../../../../arm-none-eabi/lib/thumb/v7e-m+fp/hard\libg_nano.a(libc_a-init.o)
 .debug_frame   0x00000d80       0xb0 C:/arm-gnu-toolchain/bin/../lib/gcc/arm-none-eabi/14.3.1/../../../../arm-none-eabi/lib/thumb/v7e-m+fp/hard\libg_nano.a(libc_a-lock.o)
 .debug_frame   0x00000e30       0x38 C:/arm-gnu-toolchain/bin/../lib/gcc/arm-none-eabi/14.3.1/../../../../arm-none-eabi/lib/thumb/v7e-m+fp/hard\libg_nano.a(libc_a-freer.o)
 .debug_frame   0x00000e68       0x50 C:/arm-gnu-toolchain/bin/../lib/gcc/arm-none-eabi/14.3.1/../../../../arm-none-eabi/lib/thumb/v7e-m+fp/hard\libg_nano.a(libc_a-mallocr.o)
 .debug_frame   0x00000eb8       0x30 C:/arm-gnu-toolchain/bin/../lib/gcc/arm-none-eabi/14.3.1/../../../../arm-none-eabi/lib/thumb/v7e-m+fp/hard\libg_nano.a(libc_a-mlock.o)
 .debug_frame   0x00000ee8       0x90 C:/arm-gnu-toolchain/bin/../lib/gcc/arm-none-eabi/14.3.1/../../../../arm-none-eabi/lib/thumb/v7e-m+fp/hard\libg_nano.a(libc_a-nano-svfprintf.o)
 .debug_frame   0x00000f78       0x60 C:/arm-gnu-toolchain/bin/../lib/gcc/arm-none-eabi/14.3.1/../../../../arm-none-eabi/lib/thumb/v7e-m+fp/hard\libg_nano.a(libc_a-nano-vfprintf_i.o)
 .debug_frame   0x00000fd8       0x28 C:/arm-gnu-toolchain/bin/../lib/gcc/arm-none-eabi/14.3.1/../../../../arm-none-eabi/lib/thumb/v7e-m+fp/hard\libg_nano.a(libc_a-memmove.o)
 .debug_frame   0x00001000       0x2c C:/arm-gnu-toolchain/bin/../lib/gcc/arm-none-eabi/14.3.1/../../../../arm-none-eabi/lib/thumb/v7e-m+fp/hard\libg_nano.a(libc_a-sbrkr.o)
 .debug_frame   0x0000102c       0x4c C:/arm-gnu-toolchain/bin/../lib/gcc/arm-none-eabi/14.3.1/../../../../arm-none-eabi/lib/thumb/v7e-m+fp/hard\libg_nano.a(libc_a-memchr.o)
 .debug_frame   0x00001078       0x28 C:/arm-gnu-toolchain/bin/../lib/gcc/arm-none-eabi/14.3.1/../../../../arm-none-eabi/lib/thumb/v7e-m+fp/hard\libg_nano.a(libc_a-memcpy-stub.o)
 .debug_frame   0x000010a0       0x3c C:/arm-gnu-toolchain/bin/../lib/gcc/arm-none-eabi/14.3.1/../../../../arm-none-eabi/lib/thumb/v7e-m+fp/hard\libg_nano.a(libc_a-reallocr.o)
 .debug_frame   0x000010dc       0x20 C:/arm-gnu-toolchain/bin/../lib/gcc/arm-none-eabi/14.3.1/../../../../arm-none-eabi/lib/thumb/v7e-m+fp/hard\libg_nano.a(libc_a-msizer.o)

.debug_line_str
                0x00000000      0x154
 .debug_line_str
                0x00000000      0x154 CMakeFiles/Embedded_finalProj_Master.elf.dir/startup/STM32F4xx/STM32F401xE.s.obj
                                 0x73 (size before relaxing)
 .debug_line_str
                0x00000154       0xe1 C:/arm-gnu-toolchain/bin/../lib/gcc/arm-none-eabi/14.3.1/../../../../arm-none-eabi/lib/thumb/v7e-m+fp/hard\libg_nano.a(libc_a-memchr.o)
